---
source: crates/core/src/test_support/legacy_goldens.rs
---
scenario: EDGE-CCY-01
as_of: 2025-01-14
base_currency: GBP
baseline:
  accounts:
    acc-1:
      currency: GBP
      tracking_mode: TRANSACTIONS
      keyframes:
        - date: 2025-01-02
          source: CALCULATED
          positions: {}
          cash:
            GBP: "1000"
          cost_basis: "0"
          net_contribution: "1000"
          net_contribution_base: "1000"
          cash_total_account_currency: "1000"
          cash_total_base_currency: "1000"
        - date: 2025-01-03
          source: CALCULATED
          positions:
            vod:
              quantity: "100"
              average_cost: "255"
              total_cost_basis: "25500"
              currency: GBp
              cost_basis_account: "255"
              cost_basis_base: "255"
              contract_multiplier: "1"
              is_alternative: false
          cash:
            GBP: "745"
          cost_basis: "255"
          net_contribution: "1000"
          net_contribution_base: "1000"
          cash_total_account_currency: "745"
          cash_total_base_currency: "745"
        - date: 2025-01-09
          source: CALCULATED
          positions:
            vod:
              quantity: "60"
              average_cost: "255"
              total_cost_basis: "15300"
              currency: GBp
              cost_basis_account: "153"
              cost_basis_base: "153"
              contract_multiplier: "1"
              is_alternative: false
          cash:
            GBP: "863"
          cost_basis: "153"
          net_contribution: "1000"
          net_contribution_base: "1000"
          cash_total_account_currency: "863"
          cash_total_base_currency: "863"
      lots:
        - id: buy-1
          asset_id: vod
          open_date: 2025-01-03
          open_activity_id: buy-1
          original_quantity: "100"
          remaining_quantity: "60"
          cost_per_unit: "250"
          original_cost_basis: "25500"
          remaining_cost_basis: "15300"
          original_cost_basis_base: "255"
          remaining_cost_basis_base: "153"
          fee_allocated: "500"
          fee_allocated_base: "5"
          tax_allocated: "0"
          tax_allocated_base: "0"
          currency: GBp
          base_currency: GBP
          fx_rate_to_base: "0.01"
          fx_rate_to_account: "0.01"
          split_ratio: "1"
          is_closed: false
          close_date: ~
          close_activity_id: ~
      disposals:
        - id: "sell-1:buy-1:0"
          lot_id: buy-1
          asset_id: vod
          activity_id: sell-1
          date: 2025-01-09
          quantity: "40"
          proceeds: "11800"
          cost_basis: "10200"
          realized_pnl: "1600"
          proceeds_base: "118"
          cost_basis_base: "102"
          realized_pnl_base: "16"
          currency: GBp
          fx_rate_to_base: "0.01"
      valuations:
        - date: 2025-01-02
          fx_rate_to_base: "1"
          cash_balance: "1000"
          investment_market_value: "0"
          total_value: "1000"
          cost_basis: "0"
          book_basis: "1000"
          net_contribution: "1000"
          cash_balance_base: "1000"
          investment_market_value_base: "0"
          total_value_base: "1000"
          cost_basis_base: "0"
          book_basis_base: "1000"
          net_contribution_base: "1000"
          external_inflow_base: "0"
          external_outflow_base: "0"
          external_flow_source: NO_FLOW
          performance_eligible_value_base: "1000"
          value_status: complete
          basis_status: notApplicable
        - date: 2025-01-03
          fx_rate_to_base: "1"
          cash_balance: "745"
          investment_market_value: "250"
          total_value: "995"
          cost_basis: "255"
          book_basis: "1000"
          net_contribution: "1000"
          cash_balance_base: "745"
          investment_market_value_base: "250"
          total_value_base: "995"
          cost_basis_base: "255"
          book_basis_base: "1000"
          net_contribution_base: "1000"
          external_inflow_base: "0"
          external_outflow_base: "0"
          external_flow_source: NO_FLOW
          performance_eligible_value_base: "995"
          value_status: complete
          basis_status: complete
        - date: 2025-01-04
          fx_rate_to_base: "1"
          cash_balance: "745"
          investment_market_value: "250"
          total_value: "995"
          cost_basis: "255"
          book_basis: "1000"
          net_contribution: "1000"
          cash_balance_base: "745"
          investment_market_value_base: "250"
          total_value_base: "995"
          cost_basis_base: "255"
          book_basis_base: "1000"
          net_contribution_base: "1000"
          external_inflow_base: "0"
          external_outflow_base: "0"
          external_flow_source: NO_FLOW
          performance_eligible_value_base: "995"
          value_status: complete
          basis_status: complete
        - date: 2025-01-05
          fx_rate_to_base: "1"
          cash_balance: "745"
          investment_market_value: "250"
          total_value: "995"
          cost_basis: "255"
          book_basis: "1000"
          net_contribution: "1000"
          cash_balance_base: "745"
          investment_market_value_base: "250"
          total_value_base: "995"
          cost_basis_base: "255"
          book_basis_base: "1000"
          net_contribution_base: "1000"
          external_inflow_base: "0"
          external_outflow_base: "0"
          external_flow_source: NO_FLOW
          performance_eligible_value_base: "995"
          value_status: complete
          basis_status: complete
        - date: 2025-01-06
          fx_rate_to_base: "1"
          cash_balance: "745"
          investment_market_value: "280"
          total_value: "1025"
          cost_basis: "255"
          book_basis: "1000"
          net_contribution: "1000"
          cash_balance_base: "745"
          investment_market_value_base: "280"
          total_value_base: "1025"
          cost_basis_base: "255"
          book_basis_base: "1000"
          net_contribution_base: "1000"
          external_inflow_base: "0"
          external_outflow_base: "0"
          external_flow_source: NO_FLOW
          performance_eligible_value_base: "1025"
          value_status: complete
          basis_status: complete
        - date: 2025-01-07
          fx_rate_to_base: "1"
          cash_balance: "745"
          investment_market_value: "280"
          total_value: "1025"
          cost_basis: "255"
          book_basis: "1000"
          net_contribution: "1000"
          cash_balance_base: "745"
          investment_market_value_base: "280"
          total_value_base: "1025"
          cost_basis_base: "255"
          book_basis_base: "1000"
          net_contribution_base: "1000"
          external_inflow_base: "0"
          external_outflow_base: "0"
          external_flow_source: NO_FLOW
          performance_eligible_value_base: "1025"
          value_status: complete
          basis_status: complete
        - date: 2025-01-08
          fx_rate_to_base: "1"
          cash_balance: "745"
          investment_market_value: "280"
          total_value: "1025"
          cost_basis: "255"
          book_basis: "1000"
          net_contribution: "1000"
          cash_balance_base: "745"
          investment_market_value_base: "280"
          total_value_base: "1025"
          cost_basis_base: "255"
          book_basis_base: "1000"
          net_contribution_base: "1000"
          external_inflow_base: "0"
          external_outflow_base: "0"
          external_flow_source: NO_FLOW
          performance_eligible_value_base: "1025"
          value_status: complete
          basis_status: complete
        - date: 2025-01-09
          fx_rate_to_base: "1"
          cash_balance: "863"
          investment_market_value: "180"
          total_value: "1043"
          cost_basis: "153"
          book_basis: "1016"
          net_contribution: "1000"
          cash_balance_base: "863"
          investment_market_value_base: "180"
          total_value_base: "1043"
          cost_basis_base: "153"
          book_basis_base: "1016"
          net_contribution_base: "1000"
          external_inflow_base: "0"
          external_outflow_base: "0"
          external_flow_source: NO_FLOW
          performance_eligible_value_base: "1043"
          value_status: complete
          basis_status: complete
        - date: 2025-01-10
          fx_rate_to_base: "1"
          cash_balance: "863"
          investment_market_value: "180"
          total_value: "1043"
          cost_basis: "153"
          book_basis: "1016"
          net_contribution: "1000"
          cash_balance_base: "863"
          investment_market_value_base: "180"
          total_value_base: "1043"
          cost_basis_base: "153"
          book_basis_base: "1016"
          net_contribution_base: "1000"
          external_inflow_base: "0"
          external_outflow_base: "0"
          external_flow_source: NO_FLOW
          performance_eligible_value_base: "1043"
          value_status: complete
          basis_status: complete
        - date: 2025-01-11
          fx_rate_to_base: "1"
          cash_balance: "863"
          investment_market_value: "180"
          total_value: "1043"
          cost_basis: "153"
          book_basis: "1016"
          net_contribution: "1000"
          cash_balance_base: "863"
          investment_market_value_base: "180"
          total_value_base: "1043"
          cost_basis_base: "153"
          book_basis_base: "1016"
          net_contribution_base: "1000"
          external_inflow_base: "0"
          external_outflow_base: "0"
          external_flow_source: NO_FLOW
          performance_eligible_value_base: "1043"
          value_status: complete
          basis_status: complete
        - date: 2025-01-12
          fx_rate_to_base: "1"
          cash_balance: "863"
          investment_market_value: "180"
          total_value: "1043"
          cost_basis: "153"
          book_basis: "1016"
          net_contribution: "1000"
          cash_balance_base: "863"
          investment_market_value_base: "180"
          total_value_base: "1043"
          cost_basis_base: "153"
          book_basis_base: "1016"
          net_contribution_base: "1000"
          external_inflow_base: "0"
          external_outflow_base: "0"
          external_flow_source: NO_FLOW
          performance_eligible_value_base: "1043"
          value_status: complete
          basis_status: complete
        - date: 2025-01-13
          fx_rate_to_base: "1"
          cash_balance: "863"
          investment_market_value: "186"
          total_value: "1049"
          cost_basis: "153"
          book_basis: "1016"
          net_contribution: "1000"
          cash_balance_base: "863"
          investment_market_value_base: "186"
          total_value_base: "1049"
          cost_basis_base: "153"
          book_basis_base: "1016"
          net_contribution_base: "1000"
          external_inflow_base: "0"
          external_outflow_base: "0"
          external_flow_source: NO_FLOW
          performance_eligible_value_base: "1049"
          value_status: complete
          basis_status: complete
        - date: 2025-01-14
          fx_rate_to_base: "1"
          cash_balance: "863"
          investment_market_value: "186"
          total_value: "1049"
          cost_basis: "153"
          book_basis: "1016"
          net_contribution: "1000"
          cash_balance_base: "863"
          investment_market_value_base: "186"
          total_value_base: "1049"
          cost_basis_base: "153"
          book_basis_base: "1016"
          net_contribution_base: "1000"
          external_inflow_base: "0"
          external_outflow_base: "0"
          external_flow_source: NO_FLOW
          performance_eligible_value_base: "1049"
          value_status: complete
          basis_status: complete
      flows: []
      performance:
        all_time:
          method: timeWeighted
          period_start: 2025-01-02
          period_end: 2025-01-14
          returns:
            twr: "0.049"
            annualized_twr: ~
            irr: "0.049"
            annualized_irr: "3.28897903"
            value_return: "0.049"
            annualized_value_return: ~
          attribution:
            contributions: "1000"
            distributions: "0"
            income: "0"
            realized_pnl: "20"
            unrealized_pnl_change: "36"
            fx_effect: "0"
            fees: "7"
            taxes: "0"
            residual: "0"
          risk:
            volatility: "0.18696835"
            max_drawdown: "-0.005"
            peak_date: 2025-01-02
            trough_date: 2025-01-03
            recovery_date: 2025-01-06
            drawdown_duration_days: 4
          summary:
            amount: "49"
            percent: "0.049"
            method: timeWeighted
            basis: marketValue
            quality: ok
            amount_status: complete
            percent_status: complete
            basis_status: notApplicable
          basis_status: notApplicable
          quality: ok
          is_holdings_mode: false
          is_mixed_tracking_mode: false
          series:
            - date: 2025-01-02
              value: "0"
            - date: 2025-01-03
              value: "-0.005"
            - date: 2025-01-04
              value: "-0.005"
            - date: 2025-01-05
              value: "-0.005"
            - date: 2025-01-06
              value: "0.025"
            - date: 2025-01-07
              value: "0.025"
            - date: 2025-01-08
              value: "0.025"
            - date: 2025-01-09
              value: "0.043"
            - date: 2025-01-10
              value: "0.043"
            - date: 2025-01-11
              value: "0.043"
            - date: 2025-01-12
              value: "0.043"
            - date: 2025-01-13
              value: "0.049"
            - date: 2025-01-14
              value: "0.049"
  portfolio:
    all_time:
      method: timeWeighted
      period_start: 2025-01-02
      period_end: 2025-01-14
      returns:
        twr: "0.049"
        annualized_twr: ~
        irr: "0.049"
        annualized_irr: "3.28897903"
        value_return: "0.049"
        annualized_value_return: ~
      attribution:
        contributions: "1000"
        distributions: "0"
        income: "0"
        realized_pnl: "20"
        unrealized_pnl_change: "36"
        fx_effect: "0"
        fees: "7"
        taxes: "0"
        residual: "0"
      risk:
        volatility: "0.18696835"
        max_drawdown: "-0.005"
        peak_date: 2025-01-02
        trough_date: 2025-01-03
        recovery_date: 2025-01-06
        drawdown_duration_days: 4
      summary:
        amount: "49"
        percent: "0.049"
        method: timeWeighted
        basis: marketValue
        quality: ok
        amount_status: complete
        percent_status: complete
        basis_status: notApplicable
      basis_status: notApplicable
      quality: ok
      is_holdings_mode: false
      is_mixed_tracking_mode: false
      series:
        - date: 2025-01-02
          value: "0"
        - date: 2025-01-03
          value: "-0.005"
        - date: 2025-01-04
          value: "-0.005"
        - date: 2025-01-05
          value: "-0.005"
        - date: 2025-01-06
          value: "0.025"
        - date: 2025-01-07
          value: "0.025"
        - date: 2025-01-08
          value: "0.025"
        - date: 2025-01-09
          value: "0.043"
        - date: 2025-01-10
          value: "0.043"
        - date: 2025-01-11
          value: "0.043"
        - date: 2025-01-12
          value: "0.043"
        - date: 2025-01-13
          value: "0.049"
        - date: 2025-01-14
          value: "0.049"
  portfolio_flows: []
  diagnostics: []
steps: []
