---
source: crates/core/src/test_support/legacy_goldens.rs
---
scenario: EDGE-TXF-01
as_of: 2025-01-14
base_currency: USD
baseline:
  accounts:
    acc-a:
      currency: USD
      tracking_mode: TRANSACTIONS
      keyframes:
        - date: 2025-01-02
          source: CALCULATED
          positions: {}
          cash:
            USD: "5000"
          cost_basis: "0"
          net_contribution: "5000"
          net_contribution_base: "5000"
          cash_total_account_currency: "5000"
          cash_total_base_currency: "5000"
        - date: 2025-01-03
          source: CALCULATED
          positions:
            aapl:
              quantity: "20"
              average_cost: "100"
              total_cost_basis: "2000"
              currency: USD
              cost_basis_account: "2000"
              cost_basis_base: "2000"
              contract_multiplier: "1"
              is_alternative: false
          cash:
            USD: "3000"
          cost_basis: "2000"
          net_contribution: "5000"
          net_contribution_base: "5000"
          cash_total_account_currency: "3000"
          cash_total_base_currency: "3000"
        - date: 2025-01-06
          source: CALCULATED
          positions:
            aapl:
              quantity: "20"
              average_cost: "100"
              total_cost_basis: "2000"
              currency: USD
              cost_basis_account: "2000"
              cost_basis_base: "2000"
              contract_multiplier: "1"
              is_alternative: false
          cash:
            USD: "2700"
          cost_basis: "2000"
          net_contribution: "4700"
          net_contribution_base: "4700"
          cash_total_account_currency: "2700"
          cash_total_base_currency: "2700"
        - date: 2025-01-08
          source: CALCULATED
          positions:
            aapl:
              quantity: "15"
              average_cost: "100"
              total_cost_basis: "1500"
              currency: USD
              cost_basis_account: "1500"
              cost_basis_base: "1500"
              contract_multiplier: "1"
              is_alternative: false
          cash:
            USD: "2700"
          cost_basis: "1500"
          net_contribution: "4200"
          net_contribution_base: "4200"
          cash_total_account_currency: "2700"
          cash_total_base_currency: "2700"
        - date: 2025-01-09
          source: CALCULATED
          positions:
            aapl:
              quantity: "10"
              average_cost: "100"
              total_cost_basis: "1000"
              currency: USD
              cost_basis_account: "1000"
              cost_basis_base: "1000"
              contract_multiplier: "1"
              is_alternative: false
          cash:
            USD: "2700"
          cost_basis: "1000"
          net_contribution: "3700"
          net_contribution_base: "3700"
          cash_total_account_currency: "2700"
          cash_total_base_currency: "2700"
        - date: 2025-01-10
          source: CALCULATED
          positions:
            aapl:
              quantity: "10"
              average_cost: "100"
              total_cost_basis: "1000"
              currency: USD
              cost_basis_account: "1000"
              cost_basis_base: "1000"
              contract_multiplier: "1"
              is_alternative: false
          cash:
            USD: "2700"
          cost_basis: "1000"
          net_contribution: "3700"
          net_contribution_base: "3700"
          cash_total_account_currency: "2700"
          cash_total_base_currency: "2700"
      lots:
        - id: buy-aapl
          asset_id: aapl
          open_date: 2025-01-03
          open_activity_id: buy-aapl
          original_quantity: "20"
          remaining_quantity: "10"
          cost_per_unit: "100"
          original_cost_basis: "2000"
          remaining_cost_basis: "1000"
          original_cost_basis_base: "2000"
          remaining_cost_basis_base: "1000"
          fee_allocated: "0"
          fee_allocated_base: "0"
          tax_allocated: "0"
          tax_allocated_base: "0"
          currency: USD
          base_currency: USD
          fx_rate_to_base: "1"
          fx_rate_to_account: "1"
          split_ratio: "1"
          is_closed: false
          close_date: ~
          close_activity_id: ~
      disposals:
        - id: "asset-out-a:buy-aapl:0"
          lot_id: buy-aapl
          asset_id: aapl
          activity_id: asset-out-a
          date: 2025-01-08
          quantity: "5"
          proceeds: "500"
          cost_basis: "500"
          realized_pnl: "0"
          proceeds_base: "500"
          cost_basis_base: "500"
          realized_pnl_base: "0"
          currency: USD
          fx_rate_to_base: "1"
        - id: "qty-out-a:buy-aapl:0"
          lot_id: buy-aapl
          asset_id: aapl
          activity_id: qty-out-a
          date: 2025-01-09
          quantity: "5"
          proceeds: "500"
          cost_basis: "500"
          realized_pnl: "0"
          proceeds_base: "500"
          cost_basis_base: "500"
          realized_pnl_base: "0"
          currency: USD
          fx_rate_to_base: "1"
      valuations:
        - date: 2025-01-02
          fx_rate_to_base: "1"
          cash_balance: "5000"
          investment_market_value: "0"
          total_value: "5000"
          cost_basis: "0"
          book_basis: "5000"
          net_contribution: "5000"
          cash_balance_base: "5000"
          investment_market_value_base: "0"
          total_value_base: "5000"
          cost_basis_base: "0"
          book_basis_base: "5000"
          net_contribution_base: "5000"
          external_inflow_base: "0"
          external_outflow_base: "0"
          external_flow_source: NO_FLOW
          performance_eligible_value_base: "5000"
          value_status: complete
          basis_status: notApplicable
        - date: 2025-01-03
          fx_rate_to_base: "1"
          cash_balance: "3000"
          investment_market_value: "2000"
          total_value: "5000"
          cost_basis: "2000"
          book_basis: "5000"
          net_contribution: "5000"
          cash_balance_base: "3000"
          investment_market_value_base: "2000"
          total_value_base: "5000"
          cost_basis_base: "2000"
          book_basis_base: "5000"
          net_contribution_base: "5000"
          external_inflow_base: "0"
          external_outflow_base: "0"
          external_flow_source: NO_FLOW
          performance_eligible_value_base: "5000"
          value_status: complete
          basis_status: complete
        - date: 2025-01-04
          fx_rate_to_base: "1"
          cash_balance: "3000"
          investment_market_value: "2000"
          total_value: "5000"
          cost_basis: "2000"
          book_basis: "5000"
          net_contribution: "5000"
          cash_balance_base: "3000"
          investment_market_value_base: "2000"
          total_value_base: "5000"
          cost_basis_base: "2000"
          book_basis_base: "5000"
          net_contribution_base: "5000"
          external_inflow_base: "0"
          external_outflow_base: "0"
          external_flow_source: NO_FLOW
          performance_eligible_value_base: "5000"
          value_status: complete
          basis_status: complete
        - date: 2025-01-05
          fx_rate_to_base: "1"
          cash_balance: "3000"
          investment_market_value: "2000"
          total_value: "5000"
          cost_basis: "2000"
          book_basis: "5000"
          net_contribution: "5000"
          cash_balance_base: "3000"
          investment_market_value_base: "2000"
          total_value_base: "5000"
          cost_basis_base: "2000"
          book_basis_base: "5000"
          net_contribution_base: "5000"
          external_inflow_base: "0"
          external_outflow_base: "0"
          external_flow_source: NO_FLOW
          performance_eligible_value_base: "5000"
          value_status: complete
          basis_status: complete
        - date: 2025-01-06
          fx_rate_to_base: "1"
          cash_balance: "2700"
          investment_market_value: "2000"
          total_value: "4700"
          cost_basis: "2000"
          book_basis: "4700"
          net_contribution: "4700"
          cash_balance_base: "2700"
          investment_market_value_base: "2000"
          total_value_base: "4700"
          cost_basis_base: "2000"
          book_basis_base: "4700"
          net_contribution_base: "4700"
          external_inflow_base: "0"
          external_outflow_base: "0"
          external_flow_source: UNKNOWN_BOUNDARY_TRANSFER
          performance_eligible_value_base: "4700"
          value_status: complete
          basis_status: complete
        - date: 2025-01-07
          fx_rate_to_base: "1"
          cash_balance: "2700"
          investment_market_value: "2000"
          total_value: "4700"
          cost_basis: "2000"
          book_basis: "4700"
          net_contribution: "4700"
          cash_balance_base: "2700"
          investment_market_value_base: "2000"
          total_value_base: "4700"
          cost_basis_base: "2000"
          book_basis_base: "4700"
          net_contribution_base: "4700"
          external_inflow_base: "0"
          external_outflow_base: "0"
          external_flow_source: NO_FLOW
          performance_eligible_value_base: "4700"
          value_status: complete
          basis_status: complete
        - date: 2025-01-08
          fx_rate_to_base: "1"
          cash_balance: "2700"
          investment_market_value: "1650"
          total_value: "4350"
          cost_basis: "1500"
          book_basis: "4200"
          net_contribution: "4200"
          cash_balance_base: "2700"
          investment_market_value_base: "1650"
          total_value_base: "4350"
          cost_basis_base: "1500"
          book_basis_base: "4200"
          net_contribution_base: "4200"
          external_inflow_base: "0"
          external_outflow_base: "550"
          external_flow_source: UNKNOWN_BOUNDARY_TRANSFER
          performance_eligible_value_base: "4350"
          value_status: complete
          basis_status: complete
        - date: 2025-01-09
          fx_rate_to_base: "1"
          cash_balance: "2700"
          investment_market_value: "1100"
          total_value: "3800"
          cost_basis: "1000"
          book_basis: "3700"
          net_contribution: "3700"
          cash_balance_base: "2700"
          investment_market_value_base: "1100"
          total_value_base: "3800"
          cost_basis_base: "1000"
          book_basis_base: "3700"
          net_contribution_base: "3700"
          external_inflow_base: "0"
          external_outflow_base: "550"
          external_flow_source: UNKNOWN_BOUNDARY_TRANSFER
          performance_eligible_value_base: "3800"
          value_status: complete
          basis_status: complete
        - date: 2025-01-10
          fx_rate_to_base: "1"
          cash_balance: "2700"
          investment_market_value: "1100"
          total_value: "3800"
          cost_basis: "1000"
          book_basis: "3700"
          net_contribution: "3700"
          cash_balance_base: "2700"
          investment_market_value_base: "1100"
          total_value_base: "3800"
          cost_basis_base: "1000"
          book_basis_base: "3700"
          net_contribution_base: "3700"
          external_inflow_base: "0"
          external_outflow_base: "0"
          external_flow_source: UNKNOWN_BOUNDARY_TRANSFER
          performance_eligible_value_base: "3800"
          value_status: complete
          basis_status: complete
        - date: 2025-01-11
          fx_rate_to_base: "1"
          cash_balance: "2700"
          investment_market_value: "1100"
          total_value: "3800"
          cost_basis: "1000"
          book_basis: "3700"
          net_contribution: "3700"
          cash_balance_base: "2700"
          investment_market_value_base: "1100"
          total_value_base: "3800"
          cost_basis_base: "1000"
          book_basis_base: "3700"
          net_contribution_base: "3700"
          external_inflow_base: "0"
          external_outflow_base: "0"
          external_flow_source: NO_FLOW
          performance_eligible_value_base: "3800"
          value_status: complete
          basis_status: complete
        - date: 2025-01-12
          fx_rate_to_base: "1"
          cash_balance: "2700"
          investment_market_value: "1100"
          total_value: "3800"
          cost_basis: "1000"
          book_basis: "3700"
          net_contribution: "3700"
          cash_balance_base: "2700"
          investment_market_value_base: "1100"
          total_value_base: "3800"
          cost_basis_base: "1000"
          book_basis_base: "3700"
          net_contribution_base: "3700"
          external_inflow_base: "0"
          external_outflow_base: "0"
          external_flow_source: NO_FLOW
          performance_eligible_value_base: "3800"
          value_status: complete
          basis_status: complete
        - date: 2025-01-13
          fx_rate_to_base: "1"
          cash_balance: "2700"
          investment_market_value: "1120"
          total_value: "3820"
          cost_basis: "1000"
          book_basis: "3700"
          net_contribution: "3700"
          cash_balance_base: "2700"
          investment_market_value_base: "1120"
          total_value_base: "3820"
          cost_basis_base: "1000"
          book_basis_base: "3700"
          net_contribution_base: "3700"
          external_inflow_base: "0"
          external_outflow_base: "0"
          external_flow_source: NO_FLOW
          performance_eligible_value_base: "3820"
          value_status: complete
          basis_status: complete
        - date: 2025-01-14
          fx_rate_to_base: "1"
          cash_balance: "2700"
          investment_market_value: "1120"
          total_value: "3820"
          cost_basis: "1000"
          book_basis: "3700"
          net_contribution: "3700"
          cash_balance_base: "2700"
          investment_market_value_base: "1120"
          total_value_base: "3820"
          cost_basis_base: "1000"
          book_basis_base: "3700"
          net_contribution_base: "3700"
          external_inflow_base: "0"
          external_outflow_base: "0"
          external_flow_source: NO_FLOW
          performance_eligible_value_base: "3820"
          value_status: complete
          basis_status: complete
      flows:
        - date: 2025-01-06
          inflow_base: "0"
          outflow_base: "0"
          source: UNKNOWN_BOUNDARY_TRANSFER
        - date: 2025-01-08
          inflow_base: "0"
          outflow_base: "550"
          source: UNKNOWN_BOUNDARY_TRANSFER
        - date: 2025-01-09
          inflow_base: "0"
          outflow_base: "550"
          source: UNKNOWN_BOUNDARY_TRANSFER
        - date: 2025-01-10
          inflow_base: "0"
          outflow_base: "0"
          source: UNKNOWN_BOUNDARY_TRANSFER
      performance:
        all_time:
          method: timeWeighted
          period_start: 2025-01-02
          period_end: 2025-01-14
          returns:
            twr: ~
            annualized_twr: ~
            irr: ~
            annualized_irr: ~
            value_return: "-0.016"
            annualized_value_return: ~
          attribution:
            contributions: "5000"
            distributions: "1100"
            income: "0"
            realized_pnl: "0"
            unrealized_pnl_change: "120"
            fx_effect: "0"
            fees: "0"
            taxes: "0"
            residual: "0"
          risk:
            volatility: "0.03546959"
            max_drawdown: "0"
            peak_date: 2025-01-02
            trough_date: 2025-01-03
            recovery_date: ~
            drawdown_duration_days: 1
          summary:
            amount: "120"
            percent: ~
            method: timeWeighted
            basis: marketValue
            quality: partial
            amount_status: complete
            percent_status: unavailable
            basis_status: notApplicable
          basis_status: notApplicable
          quality: partial
          is_holdings_mode: false
          is_mixed_tracking_mode: false
          series:
            - date: 2025-01-02
              value: "0"
            - date: 2025-01-03
              value: "0"
            - date: 2025-01-04
              value: "0"
            - date: 2025-01-05
              value: "0"
            - date: 2025-01-06
              value: "0"
            - date: 2025-01-07
              value: "0"
            - date: 2025-01-08
              value: "0"
            - date: 2025-01-09
              value: "0"
            - date: 2025-01-10
              value: "0"
            - date: 2025-01-11
              value: "0"
            - date: 2025-01-12
              value: "0"
            - date: 2025-01-13
              value: "0.00526316"
            - date: 2025-01-14
              value: "0.00526316"
    acc-b:
      currency: USD
      tracking_mode: TRANSACTIONS
      keyframes:
        - date: 2025-01-06
          source: CALCULATED
          positions: {}
          cash:
            USD: "300"
          cost_basis: "0"
          net_contribution: "300"
          net_contribution_base: "300"
          cash_total_account_currency: "300"
          cash_total_base_currency: "300"
        - date: 2025-01-07
          source: CALCULATED
          positions: {}
          cash:
            USD: "400"
          cost_basis: "0"
          net_contribution: "400"
          net_contribution_base: "400"
          cash_total_account_currency: "400"
          cash_total_base_currency: "400"
        - date: 2025-01-08
          source: CALCULATED
          positions:
            msft:
              quantity: "5"
              average_cost: "100"
              total_cost_basis: "500"
              currency: USD
              cost_basis_account: "500"
              cost_basis_base: "500"
              contract_multiplier: "1"
              is_alternative: false
          cash:
            USD: "400"
          cost_basis: "500"
          net_contribution: "900"
          net_contribution_base: "900"
          cash_total_account_currency: "400"
          cash_total_base_currency: "400"
        - date: 2025-01-09
          source: CALCULATED
          positions:
            aapl:
              quantity: "5"
              average_cost: "100"
              total_cost_basis: "500"
              currency: USD
              cost_basis_account: "500"
              cost_basis_base: "500"
              contract_multiplier: "1"
              is_alternative: false
            msft:
              quantity: "5"
              average_cost: "100"
              total_cost_basis: "500"
              currency: USD
              cost_basis_account: "500"
              cost_basis_base: "500"
              contract_multiplier: "1"
              is_alternative: false
          cash:
            USD: "400"
          cost_basis: "1000"
          net_contribution: "1400"
          net_contribution_base: "1400"
          cash_total_account_currency: "400"
          cash_total_base_currency: "400"
      lots:
        - id: asset-in-b
          asset_id: msft
          open_date: 2025-01-03
          open_activity_id: asset-in-b
          original_quantity: "5"
          remaining_quantity: "5"
          cost_per_unit: "100"
          original_cost_basis: "500"
          remaining_cost_basis: "500"
          original_cost_basis_base: "500"
          remaining_cost_basis_base: "500"
          fee_allocated: "0"
          fee_allocated_base: "0"
          tax_allocated: "0"
          tax_allocated_base: "0"
          currency: USD
          base_currency: USD
          fx_rate_to_base: "1"
          fx_rate_to_account: "1"
          split_ratio: "1"
          is_closed: false
          close_date: ~
          close_activity_id: ~
        - id: qty-in-b
          asset_id: aapl
          open_date: 2025-01-03
          open_activity_id: qty-in-b
          original_quantity: "5"
          remaining_quantity: "5"
          cost_per_unit: "100"
          original_cost_basis: "500"
          remaining_cost_basis: "500"
          original_cost_basis_base: "500"
          remaining_cost_basis_base: "500"
          fee_allocated: "0"
          fee_allocated_base: "0"
          tax_allocated: "0"
          tax_allocated_base: "0"
          currency: USD
          base_currency: USD
          fx_rate_to_base: "1"
          fx_rate_to_account: "1"
          split_ratio: "1"
          is_closed: false
          close_date: ~
          close_activity_id: ~
      disposals: []
      valuations:
        - date: 2025-01-06
          fx_rate_to_base: "1"
          cash_balance: "300"
          investment_market_value: "0"
          total_value: "300"
          cost_basis: "0"
          book_basis: "300"
          net_contribution: "300"
          cash_balance_base: "300"
          investment_market_value_base: "0"
          total_value_base: "300"
          cost_basis_base: "0"
          book_basis_base: "300"
          net_contribution_base: "300"
          external_inflow_base: "0"
          external_outflow_base: "0"
          external_flow_source: NO_FLOW
          performance_eligible_value_base: "300"
          value_status: complete
          basis_status: notApplicable
        - date: 2025-01-07
          fx_rate_to_base: "1"
          cash_balance: "400"
          investment_market_value: "0"
          total_value: "400"
          cost_basis: "0"
          book_basis: "400"
          net_contribution: "400"
          cash_balance_base: "400"
          investment_market_value_base: "0"
          total_value_base: "400"
          cost_basis_base: "0"
          book_basis_base: "400"
          net_contribution_base: "400"
          external_inflow_base: "0"
          external_outflow_base: "0"
          external_flow_source: UNKNOWN_BOUNDARY_TRANSFER
          performance_eligible_value_base: "400"
          value_status: complete
          basis_status: notApplicable
        - date: 2025-01-08
          fx_rate_to_base: "1"
          cash_balance: "400"
          investment_market_value: "1050"
          total_value: "1450"
          cost_basis: "500"
          book_basis: "900"
          net_contribution: "900"
          cash_balance_base: "400"
          investment_market_value_base: "1050"
          total_value_base: "1450"
          cost_basis_base: "500"
          book_basis_base: "900"
          net_contribution_base: "900"
          external_inflow_base: "1050"
          external_outflow_base: "0"
          external_flow_source: UNKNOWN_BOUNDARY_TRANSFER
          performance_eligible_value_base: "1450"
          value_status: complete
          basis_status: complete
        - date: 2025-01-09
          fx_rate_to_base: "1"
          cash_balance: "400"
          investment_market_value: "1600"
          total_value: "2000"
          cost_basis: "1000"
          book_basis: "1400"
          net_contribution: "1400"
          cash_balance_base: "400"
          investment_market_value_base: "1600"
          total_value_base: "2000"
          cost_basis_base: "1000"
          book_basis_base: "1400"
          net_contribution_base: "1400"
          external_inflow_base: "550.11"
          external_outflow_base: "0"
          external_flow_source: UNKNOWN_BOUNDARY_TRANSFER
          performance_eligible_value_base: "2000"
          value_status: complete
          basis_status: complete
        - date: 2025-01-10
          fx_rate_to_base: "1"
          cash_balance: "400"
          investment_market_value: "1600"
          total_value: "2000"
          cost_basis: "1000"
          book_basis: "1400"
          net_contribution: "1400"
          cash_balance_base: "400"
          investment_market_value_base: "1600"
          total_value_base: "2000"
          cost_basis_base: "1000"
          book_basis_base: "1400"
          net_contribution_base: "1400"
          external_inflow_base: "0"
          external_outflow_base: "0"
          external_flow_source: NO_FLOW
          performance_eligible_value_base: "2000"
          value_status: complete
          basis_status: complete
        - date: 2025-01-11
          fx_rate_to_base: "1"
          cash_balance: "400"
          investment_market_value: "1600"
          total_value: "2000"
          cost_basis: "1000"
          book_basis: "1400"
          net_contribution: "1400"
          cash_balance_base: "400"
          investment_market_value_base: "1600"
          total_value_base: "2000"
          cost_basis_base: "1000"
          book_basis_base: "1400"
          net_contribution_base: "1400"
          external_inflow_base: "0"
          external_outflow_base: "0"
          external_flow_source: NO_FLOW
          performance_eligible_value_base: "2000"
          value_status: complete
          basis_status: complete
        - date: 2025-01-12
          fx_rate_to_base: "1"
          cash_balance: "400"
          investment_market_value: "1600"
          total_value: "2000"
          cost_basis: "1000"
          book_basis: "1400"
          net_contribution: "1400"
          cash_balance_base: "400"
          investment_market_value_base: "1600"
          total_value_base: "2000"
          cost_basis_base: "1000"
          book_basis_base: "1400"
          net_contribution_base: "1400"
          external_inflow_base: "0"
          external_outflow_base: "0"
          external_flow_source: NO_FLOW
          performance_eligible_value_base: "2000"
          value_status: complete
          basis_status: complete
        - date: 2025-01-13
          fx_rate_to_base: "1"
          cash_balance: "400"
          investment_market_value: "1620"
          total_value: "2020"
          cost_basis: "1000"
          book_basis: "1400"
          net_contribution: "1400"
          cash_balance_base: "400"
          investment_market_value_base: "1620"
          total_value_base: "2020"
          cost_basis_base: "1000"
          book_basis_base: "1400"
          net_contribution_base: "1400"
          external_inflow_base: "0"
          external_outflow_base: "0"
          external_flow_source: NO_FLOW
          performance_eligible_value_base: "2020"
          value_status: complete
          basis_status: complete
        - date: 2025-01-14
          fx_rate_to_base: "1"
          cash_balance: "400"
          investment_market_value: "1620"
          total_value: "2020"
          cost_basis: "1000"
          book_basis: "1400"
          net_contribution: "1400"
          cash_balance_base: "400"
          investment_market_value_base: "1620"
          total_value_base: "2020"
          cost_basis_base: "1000"
          book_basis_base: "1400"
          net_contribution_base: "1400"
          external_inflow_base: "0"
          external_outflow_base: "0"
          external_flow_source: NO_FLOW
          performance_eligible_value_base: "2020"
          value_status: complete
          basis_status: complete
      flows:
        - date: 2025-01-07
          inflow_base: "0"
          outflow_base: "0"
          source: UNKNOWN_BOUNDARY_TRANSFER
        - date: 2025-01-08
          inflow_base: "1050"
          outflow_base: "0"
          source: UNKNOWN_BOUNDARY_TRANSFER
        - date: 2025-01-09
          inflow_base: "550.11"
          outflow_base: "0"
          source: UNKNOWN_BOUNDARY_TRANSFER
      performance:
        all_time:
          method: timeWeighted
          period_start: 2025-01-06
          period_end: 2025-01-14
          returns:
            twr: ~
            annualized_twr: ~
            irr: ~
            annualized_irr: ~
            value_return: "0.39963333"
            annualized_value_return: ~
          attribution:
            contributions: "1900.11"
            distributions: "0"
            income: "0"
            realized_pnl: "0"
            unrealized_pnl_change: "620"
            fx_effect: "0"
            fees: "0"
            taxes: "0"
            residual: "0"
          risk:
            volatility: "0.08504477"
            max_drawdown: "0"
            peak_date: 2025-01-06
            trough_date: 2025-01-10
            recovery_date: ~
            drawdown_duration_days: 4
          summary:
            amount: "620"
            percent: ~
            method: timeWeighted
            basis: marketValue
            quality: partial
            amount_status: complete
            percent_status: unavailable
            basis_status: notApplicable
          basis_status: notApplicable
          quality: partial
          is_holdings_mode: false
          is_mixed_tracking_mode: false
          series:
            - date: 2025-01-06
              value: "0"
            - date: 2025-01-07
              value: "0"
            - date: 2025-01-08
              value: "0"
            - date: 2025-01-09
              value: "0"
            - date: 2025-01-10
              value: "0"
            - date: 2025-01-11
              value: "0"
            - date: 2025-01-12
              value: "0"
            - date: 2025-01-13
              value: "0.01"
            - date: 2025-01-14
              value: "0.01"
    acc-c:
      currency: USD
      tracking_mode: TRANSACTIONS
      keyframes:
        - date: 2025-01-06
          source: CALCULATED
          positions: {}
          cash:
            USD: "300"
          cost_basis: "0"
          net_contribution: "300"
          net_contribution_base: "300"
          cash_total_account_currency: "300"
          cash_total_base_currency: "300"
        - date: 2025-01-07
          source: CALCULATED
          positions: {}
          cash:
            USD: "400"
          cost_basis: "0"
          net_contribution: "400"
          net_contribution_base: "400"
          cash_total_account_currency: "400"
          cash_total_base_currency: "400"
      lots: []
      disposals: []
      valuations:
        - date: 2025-01-06
          fx_rate_to_base: "1"
          cash_balance: "300"
          investment_market_value: "0"
          total_value: "300"
          cost_basis: "0"
          book_basis: "300"
          net_contribution: "300"
          cash_balance_base: "300"
          investment_market_value_base: "0"
          total_value_base: "300"
          cost_basis_base: "0"
          book_basis_base: "300"
          net_contribution_base: "300"
          external_inflow_base: "0"
          external_outflow_base: "0"
          external_flow_source: NO_FLOW
          performance_eligible_value_base: "300"
          value_status: complete
          basis_status: notApplicable
        - date: 2025-01-07
          fx_rate_to_base: "1"
          cash_balance: "400"
          investment_market_value: "0"
          total_value: "400"
          cost_basis: "0"
          book_basis: "400"
          net_contribution: "400"
          cash_balance_base: "400"
          investment_market_value_base: "0"
          total_value_base: "400"
          cost_basis_base: "0"
          book_basis_base: "400"
          net_contribution_base: "400"
          external_inflow_base: "0"
          external_outflow_base: "0"
          external_flow_source: UNKNOWN_BOUNDARY_TRANSFER
          performance_eligible_value_base: "400"
          value_status: complete
          basis_status: notApplicable
        - date: 2025-01-08
          fx_rate_to_base: "1"
          cash_balance: "400"
          investment_market_value: "0"
          total_value: "400"
          cost_basis: "0"
          book_basis: "400"
          net_contribution: "400"
          cash_balance_base: "400"
          investment_market_value_base: "0"
          total_value_base: "400"
          cost_basis_base: "0"
          book_basis_base: "400"
          net_contribution_base: "400"
          external_inflow_base: "0"
          external_outflow_base: "0"
          external_flow_source: NO_FLOW
          performance_eligible_value_base: "400"
          value_status: complete
          basis_status: notApplicable
        - date: 2025-01-09
          fx_rate_to_base: "1"
          cash_balance: "400"
          investment_market_value: "0"
          total_value: "400"
          cost_basis: "0"
          book_basis: "400"
          net_contribution: "400"
          cash_balance_base: "400"
          investment_market_value_base: "0"
          total_value_base: "400"
          cost_basis_base: "0"
          book_basis_base: "400"
          net_contribution_base: "400"
          external_inflow_base: "0"
          external_outflow_base: "0"
          external_flow_source: NO_FLOW
          performance_eligible_value_base: "400"
          value_status: complete
          basis_status: notApplicable
        - date: 2025-01-10
          fx_rate_to_base: "1"
          cash_balance: "400"
          investment_market_value: "0"
          total_value: "400"
          cost_basis: "0"
          book_basis: "400"
          net_contribution: "400"
          cash_balance_base: "400"
          investment_market_value_base: "0"
          total_value_base: "400"
          cost_basis_base: "0"
          book_basis_base: "400"
          net_contribution_base: "400"
          external_inflow_base: "0"
          external_outflow_base: "0"
          external_flow_source: NO_FLOW
          performance_eligible_value_base: "400"
          value_status: complete
          basis_status: notApplicable
        - date: 2025-01-11
          fx_rate_to_base: "1"
          cash_balance: "400"
          investment_market_value: "0"
          total_value: "400"
          cost_basis: "0"
          book_basis: "400"
          net_contribution: "400"
          cash_balance_base: "400"
          investment_market_value_base: "0"
          total_value_base: "400"
          cost_basis_base: "0"
          book_basis_base: "400"
          net_contribution_base: "400"
          external_inflow_base: "0"
          external_outflow_base: "0"
          external_flow_source: NO_FLOW
          performance_eligible_value_base: "400"
          value_status: complete
          basis_status: notApplicable
        - date: 2025-01-12
          fx_rate_to_base: "1"
          cash_balance: "400"
          investment_market_value: "0"
          total_value: "400"
          cost_basis: "0"
          book_basis: "400"
          net_contribution: "400"
          cash_balance_base: "400"
          investment_market_value_base: "0"
          total_value_base: "400"
          cost_basis_base: "0"
          book_basis_base: "400"
          net_contribution_base: "400"
          external_inflow_base: "0"
          external_outflow_base: "0"
          external_flow_source: NO_FLOW
          performance_eligible_value_base: "400"
          value_status: complete
          basis_status: notApplicable
        - date: 2025-01-13
          fx_rate_to_base: "1"
          cash_balance: "400"
          investment_market_value: "0"
          total_value: "400"
          cost_basis: "0"
          book_basis: "400"
          net_contribution: "400"
          cash_balance_base: "400"
          investment_market_value_base: "0"
          total_value_base: "400"
          cost_basis_base: "0"
          book_basis_base: "400"
          net_contribution_base: "400"
          external_inflow_base: "0"
          external_outflow_base: "0"
          external_flow_source: NO_FLOW
          performance_eligible_value_base: "400"
          value_status: complete
          basis_status: notApplicable
        - date: 2025-01-14
          fx_rate_to_base: "1"
          cash_balance: "400"
          investment_market_value: "0"
          total_value: "400"
          cost_basis: "0"
          book_basis: "400"
          net_contribution: "400"
          cash_balance_base: "400"
          investment_market_value_base: "0"
          total_value_base: "400"
          cost_basis_base: "0"
          book_basis_base: "400"
          net_contribution_base: "400"
          external_inflow_base: "0"
          external_outflow_base: "0"
          external_flow_source: NO_FLOW
          performance_eligible_value_base: "400"
          value_status: complete
          basis_status: notApplicable
      flows:
        - date: 2025-01-07
          inflow_base: "0"
          outflow_base: "0"
          source: UNKNOWN_BOUNDARY_TRANSFER
      performance:
        all_time:
          method: timeWeighted
          period_start: 2025-01-06
          period_end: 2025-01-14
          returns:
            twr: ~
            annualized_twr: ~
            irr: ~
            annualized_irr: ~
            value_return: "0.33333333"
            annualized_value_return: ~
          attribution:
            contributions: "300"
            distributions: "0"
            income: "0"
            realized_pnl: "0"
            unrealized_pnl_change: "0"
            fx_effect: "0"
            fees: "0"
            taxes: "0"
            residual: "0"
          risk:
            volatility: "0"
            max_drawdown: "0"
            peak_date: 2025-01-06
            trough_date: 2025-01-08
            recovery_date: ~
            drawdown_duration_days: 2
          summary:
            amount: "0"
            percent: ~
            method: timeWeighted
            basis: marketValue
            quality: partial
            amount_status: complete
            percent_status: unavailable
            basis_status: notApplicable
          basis_status: notApplicable
          quality: partial
          is_holdings_mode: false
          is_mixed_tracking_mode: false
          series:
            - date: 2025-01-06
              value: "0"
            - date: 2025-01-07
              value: "0"
            - date: 2025-01-08
              value: "0"
            - date: 2025-01-09
              value: "0"
            - date: 2025-01-10
              value: "0"
            - date: 2025-01-11
              value: "0"
            - date: 2025-01-12
              value: "0"
            - date: 2025-01-13
              value: "0"
            - date: 2025-01-14
              value: "0"
  portfolio:
    all_time:
      method: timeWeighted
      period_start: 2025-01-02
      period_end: 2025-01-14
      returns:
        twr: ~
        annualized_twr: ~
        irr: ~
        annualized_irr: ~
        value_return: "0.147978"
        annualized_value_return: ~
      attribution:
        contributions: "6600.11"
        distributions: "1100"
        income: "0"
        realized_pnl: "0"
        unrealized_pnl_change: "740"
        fx_effect: "0"
        fees: "0"
        taxes: "0"
        residual: "0"
      risk:
        volatility: "0.04645337"
        max_drawdown: "0"
        peak_date: 2025-01-02
        trough_date: 2025-01-03
        recovery_date: ~
        drawdown_duration_days: 1
      summary:
        amount: "740"
        percent: ~
        method: timeWeighted
        basis: marketValue
        quality: partial
        amount_status: complete
        percent_status: unavailable
        basis_status: notApplicable
      basis_status: notApplicable
      quality: partial
      is_holdings_mode: false
      is_mixed_tracking_mode: false
      series:
        - date: 2025-01-02
          value: "0"
        - date: 2025-01-03
          value: "0"
        - date: 2025-01-04
          value: "0"
        - date: 2025-01-05
          value: "0"
        - date: 2025-01-06
          value: "0"
        - date: 2025-01-07
          value: "0"
        - date: 2025-01-08
          value: "0"
        - date: 2025-01-09
          value: "0"
        - date: 2025-01-10
          value: "0"
        - date: 2025-01-11
          value: "0"
        - date: 2025-01-12
          value: "0"
        - date: 2025-01-13
          value: "0.00645161"
        - date: 2025-01-14
          value: "0.00645161"
  portfolio_flows:
    - date: 2025-01-06
      inflow_base: "0"
      outflow_base: "0"
      source: UNKNOWN_BOUNDARY_TRANSFER
    - date: 2025-01-07
      inflow_base: "0"
      outflow_base: "0"
      source: UNKNOWN_BOUNDARY_TRANSFER
    - date: 2025-01-08
      inflow_base: "1050"
      outflow_base: "550"
      source: UNKNOWN_BOUNDARY_TRANSFER
    - date: 2025-01-09
      inflow_base: "550.11"
      outflow_base: "550"
      source: UNKNOWN_BOUNDARY_TRANSFER
    - date: 2025-01-10
      inflow_base: "0"
      outflow_base: "0"
      source: UNKNOWN_BOUNDARY_TRANSFER
  diagnostics:
    - "account/acc-a/all_time: warning: External cash flow provenance is incomplete for part of this period; return and attribution results may include degraded flow data."
    - "account/acc-a/all_time: warning: Performance attribution is incomplete for this period. Difference: -200; tolerance: 7.640. Review Health Center for possible data issues."
    - "account/acc-a/all_time: not-applicable: TWR unavailable for 2025-01-06 because an external flow amount or transfer boundary is unknown."
    - "account/acc-a/all_time: not-applicable: TWR unavailable for 2025-01-08 because an external flow amount or transfer boundary is unknown."
    - "account/acc-a/all_time: not-applicable: TWR unavailable for 2025-01-09 because an external flow amount or transfer boundary is unknown."
    - "account/acc-a/all_time: not-applicable: TWR unavailable for 2025-01-10 because an external flow amount or transfer boundary is unknown."
    - "account/acc-a/all_time: not-applicable: IRR unavailable because an external flow amount or transfer boundary is unknown."
    - "account/acc-a/all_time: summary: External cash flow provenance is incomplete for part of this period; return and attribution results may include degraded flow data."
    - "account/acc-a/all_time: summary: Performance attribution is incomplete for this period. Difference: -200; tolerance: 7.640. Review Health Center for possible data issues."
    - "account/acc-a/all_time: summary: TWR unavailable for 2025-01-06 because an external flow amount or transfer boundary is unknown."
    - "account/acc-a/all_time: summary: TWR unavailable for 2025-01-08 because an external flow amount or transfer boundary is unknown."
    - "account/acc-a/all_time: summary: TWR unavailable for 2025-01-09 because an external flow amount or transfer boundary is unknown."
    - "account/acc-a/all_time: summary: TWR unavailable for 2025-01-10 because an external flow amount or transfer boundary is unknown."
    - "account/acc-a/all_time: summary: IRR unavailable because an external flow amount or transfer boundary is unknown."
    - "account/acc-b/all_time: warning: External cash flow provenance is incomplete for part of this period; return and attribution results may include degraded flow data."
    - "account/acc-b/all_time: warning: Performance attribution is incomplete for this period. Difference: -500.110; tolerance: 4.040. Review Health Center for possible data issues."
    - "account/acc-b/all_time: not-applicable: TWR unavailable for 2025-01-07 because an external flow amount or transfer boundary is unknown."
    - "account/acc-b/all_time: not-applicable: TWR unavailable for 2025-01-08 because an external flow amount or transfer boundary is unknown."
    - "account/acc-b/all_time: not-applicable: TWR unavailable for 2025-01-09 because an external flow amount or transfer boundary is unknown."
    - "account/acc-b/all_time: not-applicable: IRR unavailable because an external flow amount or transfer boundary is unknown."
    - "account/acc-b/all_time: summary: External cash flow provenance is incomplete for part of this period; return and attribution results may include degraded flow data."
    - "account/acc-b/all_time: summary: Performance attribution is incomplete for this period. Difference: -500.110; tolerance: 4.040. Review Health Center for possible data issues."
    - "account/acc-b/all_time: summary: TWR unavailable for 2025-01-07 because an external flow amount or transfer boundary is unknown."
    - "account/acc-b/all_time: summary: TWR unavailable for 2025-01-08 because an external flow amount or transfer boundary is unknown."
    - "account/acc-b/all_time: summary: TWR unavailable for 2025-01-09 because an external flow amount or transfer boundary is unknown."
    - "account/acc-b/all_time: summary: IRR unavailable because an external flow amount or transfer boundary is unknown."
    - "account/acc-c/all_time: warning: External cash flow provenance is incomplete for part of this period; return and attribution results may include degraded flow data."
    - "account/acc-c/all_time: warning: Performance attribution is incomplete for this period. Difference: 100; tolerance: 1. Review Health Center for possible data issues."
    - "account/acc-c/all_time: not-applicable: TWR unavailable for 2025-01-07 because an external flow amount or transfer boundary is unknown."
    - "account/acc-c/all_time: not-applicable: IRR unavailable because an external flow amount or transfer boundary is unknown."
    - "account/acc-c/all_time: summary: External cash flow provenance is incomplete for part of this period; return and attribution results may include degraded flow data."
    - "account/acc-c/all_time: summary: Performance attribution is incomplete for this period. Difference: 100; tolerance: 1. Review Health Center for possible data issues."
    - "account/acc-c/all_time: summary: TWR unavailable for 2025-01-07 because an external flow amount or transfer boundary is unknown."
    - "account/acc-c/all_time: summary: IRR unavailable because an external flow amount or transfer boundary is unknown."
    - "portfolio/all_time: warning: External cash flow provenance is incomplete for part of this period; return and attribution results may include degraded flow data."
    - "portfolio/all_time: warning: Transfer group g-three is invalid (expected exactly two transfer legs, found 3); affected transfer activity flows were treated as external."
    - "portfolio/all_time: warning: Transfer group g-two-in is invalid (expected one TRANSFER_IN and one TRANSFER_OUT, found 2 in and 0 out); affected transfer activity flows were treated as external."
    - "portfolio/all_time: warning: Transfer group g-asset is invalid (security transfer legs use different assets); affected transfer activity flows were treated as external."
    - "portfolio/all_time: warning: Transfer group g-qty is invalid (security transfer legs use different quantities); affected transfer activity flows were treated as external."
    - "portfolio/all_time: warning: Transfer group g-same is invalid (same-account transfer legs must be cash FX conversions with different currencies); affected transfer activity flows were treated as external."
    - "portfolio/all_time: not-applicable: TWR unavailable for 2025-01-06 because an external flow amount or transfer boundary is unknown."
    - "portfolio/all_time: not-applicable: TWR unavailable for 2025-01-07 because an external flow amount or transfer boundary is unknown."
    - "portfolio/all_time: not-applicable: TWR unavailable for 2025-01-08 because an external flow amount or transfer boundary is unknown."
    - "portfolio/all_time: not-applicable: TWR unavailable for 2025-01-09 because an external flow amount or transfer boundary is unknown."
    - "portfolio/all_time: not-applicable: TWR unavailable for 2025-01-10 because an external flow amount or transfer boundary is unknown."
    - "portfolio/all_time: not-applicable: IRR unavailable because an external flow amount or transfer boundary is unknown."
    - "portfolio/all_time: summary: External cash flow provenance is incomplete for part of this period; return and attribution results may include degraded flow data."
    - "portfolio/all_time: summary: Transfer group g-three is invalid (expected exactly two transfer legs, found 3); affected transfer activity flows were treated as external."
    - "portfolio/all_time: summary: Transfer group g-two-in is invalid (expected one TRANSFER_IN and one TRANSFER_OUT, found 2 in and 0 out); affected transfer activity flows were treated as external."
    - "portfolio/all_time: summary: Transfer group g-asset is invalid (security transfer legs use different assets); affected transfer activity flows were treated as external."
    - "portfolio/all_time: summary: Transfer group g-qty is invalid (security transfer legs use different quantities); affected transfer activity flows were treated as external."
    - "portfolio/all_time: summary: Transfer group g-same is invalid (same-account transfer legs must be cash FX conversions with different currencies); affected transfer activity flows were treated as external."
    - "portfolio/all_time: summary: TWR unavailable for 2025-01-06 because an external flow amount or transfer boundary is unknown."
    - "portfolio/all_time: summary: TWR unavailable for 2025-01-07 because an external flow amount or transfer boundary is unknown."
    - "portfolio/all_time: summary: TWR unavailable for 2025-01-08 because an external flow amount or transfer boundary is unknown."
    - "portfolio/all_time: summary: TWR unavailable for 2025-01-09 because an external flow amount or transfer boundary is unknown."
    - "portfolio/all_time: summary: TWR unavailable for 2025-01-10 because an external flow amount or transfer boundary is unknown."
    - "portfolio/all_time: summary: IRR unavailable because an external flow amount or transfer boundary is unknown."
steps: []
