---
source: crates/core/src/test_support/legacy_goldens.rs
---
scenario: EDGE-OPT-02
as_of: 2025-01-24
base_currency: USD
baseline:
  accounts:
    acc-1:
      currency: USD
      tracking_mode: TRANSACTIONS
      keyframes:
        - date: 2025-01-06
          source: CALCULATED
          positions: {}
          cash:
            USD: "2000"
          cost_basis: "0"
          net_contribution: "2000"
          net_contribution_base: "2000"
          cash_total_account_currency: "2000"
          cash_total_base_currency: "2000"
        - date: 2025-01-07
          source: CALCULATED
          positions:
            aapl-call:
              quantity: "2"
              average_cost: "300.5"
              total_cost_basis: "601"
              currency: USD
              cost_basis_account: "601"
              cost_basis_base: "601"
              contract_multiplier: "100"
              is_alternative: false
          cash:
            USD: "1399"
          cost_basis: "601"
          net_contribution: "2000"
          net_contribution_base: "2000"
          cash_total_account_currency: "1399"
          cash_total_base_currency: "1399"
      lots:
        - id: buy-call
          asset_id: aapl-call
          open_date: 2025-01-07
          open_activity_id: buy-call
          original_quantity: "2"
          remaining_quantity: "2"
          cost_per_unit: "300"
          original_cost_basis: "601"
          remaining_cost_basis: "601"
          original_cost_basis_base: "601"
          remaining_cost_basis_base: "601"
          fee_allocated: "1"
          fee_allocated_base: "1"
          tax_allocated: "0"
          tax_allocated_base: "0"
          currency: USD
          base_currency: USD
          fx_rate_to_base: "1"
          fx_rate_to_account: "1"
          split_ratio: "1"
          is_closed: false
          close_date: ~
          close_activity_id: ~
      disposals: []
      valuations:
        - date: 2025-01-06
          fx_rate_to_base: "1"
          cash_balance: "2000"
          investment_market_value: "0"
          total_value: "2000"
          cost_basis: "0"
          book_basis: "2000"
          net_contribution: "2000"
          cash_balance_base: "2000"
          investment_market_value_base: "0"
          total_value_base: "2000"
          cost_basis_base: "0"
          book_basis_base: "2000"
          net_contribution_base: "2000"
          external_inflow_base: "0"
          external_outflow_base: "0"
          external_flow_source: NO_FLOW
          performance_eligible_value_base: "2000"
          value_status: complete
          basis_status: notApplicable
        - date: 2025-01-07
          fx_rate_to_base: "1"
          cash_balance: "1399"
          investment_market_value: "600"
          total_value: "1999"
          cost_basis: "601"
          book_basis: "2000"
          net_contribution: "2000"
          cash_balance_base: "1399"
          investment_market_value_base: "600"
          total_value_base: "1999"
          cost_basis_base: "601"
          book_basis_base: "2000"
          net_contribution_base: "2000"
          external_inflow_base: "0"
          external_outflow_base: "0"
          external_flow_source: NO_FLOW
          performance_eligible_value_base: "1999"
          value_status: complete
          basis_status: complete
        - date: 2025-01-08
          fx_rate_to_base: "1"
          cash_balance: "1399"
          investment_market_value: "600"
          total_value: "1999"
          cost_basis: "601"
          book_basis: "2000"
          net_contribution: "2000"
          cash_balance_base: "1399"
          investment_market_value_base: "600"
          total_value_base: "1999"
          cost_basis_base: "601"
          book_basis_base: "2000"
          net_contribution_base: "2000"
          external_inflow_base: "0"
          external_outflow_base: "0"
          external_flow_source: NO_FLOW
          performance_eligible_value_base: "1999"
          value_status: complete
          basis_status: complete
        - date: 2025-01-09
          fx_rate_to_base: "1"
          cash_balance: "1399"
          investment_market_value: "600"
          total_value: "1999"
          cost_basis: "601"
          book_basis: "2000"
          net_contribution: "2000"
          cash_balance_base: "1399"
          investment_market_value_base: "600"
          total_value_base: "1999"
          cost_basis_base: "601"
          book_basis_base: "2000"
          net_contribution_base: "2000"
          external_inflow_base: "0"
          external_outflow_base: "0"
          external_flow_source: NO_FLOW
          performance_eligible_value_base: "1999"
          value_status: complete
          basis_status: complete
        - date: 2025-01-10
          fx_rate_to_base: "1"
          cash_balance: "1399"
          investment_market_value: "500"
          total_value: "1899"
          cost_basis: "601"
          book_basis: "2000"
          net_contribution: "2000"
          cash_balance_base: "1399"
          investment_market_value_base: "500"
          total_value_base: "1899"
          cost_basis_base: "601"
          book_basis_base: "2000"
          net_contribution_base: "2000"
          external_inflow_base: "0"
          external_outflow_base: "0"
          external_flow_source: NO_FLOW
          performance_eligible_value_base: "1899"
          value_status: complete
          basis_status: complete
        - date: 2025-01-11
          fx_rate_to_base: "1"
          cash_balance: "1399"
          investment_market_value: "500"
          total_value: "1899"
          cost_basis: "601"
          book_basis: "2000"
          net_contribution: "2000"
          cash_balance_base: "1399"
          investment_market_value_base: "500"
          total_value_base: "1899"
          cost_basis_base: "601"
          book_basis_base: "2000"
          net_contribution_base: "2000"
          external_inflow_base: "0"
          external_outflow_base: "0"
          external_flow_source: NO_FLOW
          performance_eligible_value_base: "1899"
          value_status: complete
          basis_status: complete
        - date: 2025-01-12
          fx_rate_to_base: "1"
          cash_balance: "1399"
          investment_market_value: "500"
          total_value: "1899"
          cost_basis: "601"
          book_basis: "2000"
          net_contribution: "2000"
          cash_balance_base: "1399"
          investment_market_value_base: "500"
          total_value_base: "1899"
          cost_basis_base: "601"
          book_basis_base: "2000"
          net_contribution_base: "2000"
          external_inflow_base: "0"
          external_outflow_base: "0"
          external_flow_source: NO_FLOW
          performance_eligible_value_base: "1899"
          value_status: complete
          basis_status: complete
        - date: 2025-01-13
          fx_rate_to_base: "1"
          cash_balance: "1399"
          investment_market_value: "500"
          total_value: "1899"
          cost_basis: "601"
          book_basis: "2000"
          net_contribution: "2000"
          cash_balance_base: "1399"
          investment_market_value_base: "500"
          total_value_base: "1899"
          cost_basis_base: "601"
          book_basis_base: "2000"
          net_contribution_base: "2000"
          external_inflow_base: "0"
          external_outflow_base: "0"
          external_flow_source: NO_FLOW
          performance_eligible_value_base: "1899"
          value_status: complete
          basis_status: complete
        - date: 2025-01-14
          fx_rate_to_base: "1"
          cash_balance: "1399"
          investment_market_value: "500"
          total_value: "1899"
          cost_basis: "601"
          book_basis: "2000"
          net_contribution: "2000"
          cash_balance_base: "1399"
          investment_market_value_base: "500"
          total_value_base: "1899"
          cost_basis_base: "601"
          book_basis_base: "2000"
          net_contribution_base: "2000"
          external_inflow_base: "0"
          external_outflow_base: "0"
          external_flow_source: NO_FLOW
          performance_eligible_value_base: "1899"
          value_status: complete
          basis_status: complete
        - date: 2025-01-15
          fx_rate_to_base: "1"
          cash_balance: "1399"
          investment_market_value: "500"
          total_value: "1899"
          cost_basis: "601"
          book_basis: "2000"
          net_contribution: "2000"
          cash_balance_base: "1399"
          investment_market_value_base: "500"
          total_value_base: "1899"
          cost_basis_base: "601"
          book_basis_base: "2000"
          net_contribution_base: "2000"
          external_inflow_base: "0"
          external_outflow_base: "0"
          external_flow_source: NO_FLOW
          performance_eligible_value_base: "1899"
          value_status: complete
          basis_status: complete
        - date: 2025-01-16
          fx_rate_to_base: "1"
          cash_balance: "1399"
          investment_market_value: "200"
          total_value: "1599"
          cost_basis: "601"
          book_basis: "2000"
          net_contribution: "2000"
          cash_balance_base: "1399"
          investment_market_value_base: "200"
          total_value_base: "1599"
          cost_basis_base: "601"
          book_basis_base: "2000"
          net_contribution_base: "2000"
          external_inflow_base: "0"
          external_outflow_base: "0"
          external_flow_source: NO_FLOW
          performance_eligible_value_base: "1599"
          value_status: complete
          basis_status: complete
        - date: 2025-01-17
          fx_rate_to_base: "1"
          cash_balance: "1399"
          investment_market_value: "10"
          total_value: "1409"
          cost_basis: "601"
          book_basis: "2000"
          net_contribution: "2000"
          cash_balance_base: "1399"
          investment_market_value_base: "10"
          total_value_base: "1409"
          cost_basis_base: "601"
          book_basis_base: "2000"
          net_contribution_base: "2000"
          external_inflow_base: "0"
          external_outflow_base: "0"
          external_flow_source: NO_FLOW
          performance_eligible_value_base: "1409"
          value_status: complete
          basis_status: complete
        - date: 2025-01-18
          fx_rate_to_base: "1"
          cash_balance: "1399"
          investment_market_value: "10"
          total_value: "1409"
          cost_basis: "601"
          book_basis: "2000"
          net_contribution: "2000"
          cash_balance_base: "1399"
          investment_market_value_base: "10"
          total_value_base: "1409"
          cost_basis_base: "601"
          book_basis_base: "2000"
          net_contribution_base: "2000"
          external_inflow_base: "0"
          external_outflow_base: "0"
          external_flow_source: NO_FLOW
          performance_eligible_value_base: "1409"
          value_status: complete
          basis_status: complete
        - date: 2025-01-19
          fx_rate_to_base: "1"
          cash_balance: "1399"
          investment_market_value: "10"
          total_value: "1409"
          cost_basis: "601"
          book_basis: "2000"
          net_contribution: "2000"
          cash_balance_base: "1399"
          investment_market_value_base: "10"
          total_value_base: "1409"
          cost_basis_base: "601"
          book_basis_base: "2000"
          net_contribution_base: "2000"
          external_inflow_base: "0"
          external_outflow_base: "0"
          external_flow_source: NO_FLOW
          performance_eligible_value_base: "1409"
          value_status: complete
          basis_status: complete
        - date: 2025-01-20
          fx_rate_to_base: "1"
          cash_balance: "1399"
          investment_market_value: "10"
          total_value: "1409"
          cost_basis: "601"
          book_basis: "2000"
          net_contribution: "2000"
          cash_balance_base: "1399"
          investment_market_value_base: "10"
          total_value_base: "1409"
          cost_basis_base: "601"
          book_basis_base: "2000"
          net_contribution_base: "2000"
          external_inflow_base: "0"
          external_outflow_base: "0"
          external_flow_source: NO_FLOW
          performance_eligible_value_base: "1409"
          value_status: complete
          basis_status: complete
        - date: 2025-01-21
          fx_rate_to_base: "1"
          cash_balance: "1399"
          investment_market_value: "10"
          total_value: "1409"
          cost_basis: "601"
          book_basis: "2000"
          net_contribution: "2000"
          cash_balance_base: "1399"
          investment_market_value_base: "10"
          total_value_base: "1409"
          cost_basis_base: "601"
          book_basis_base: "2000"
          net_contribution_base: "2000"
          external_inflow_base: "0"
          external_outflow_base: "0"
          external_flow_source: NO_FLOW
          performance_eligible_value_base: "1409"
          value_status: complete
          basis_status: complete
        - date: 2025-01-22
          fx_rate_to_base: "1"
          cash_balance: "1399"
          investment_market_value: "10"
          total_value: "1409"
          cost_basis: "601"
          book_basis: "2000"
          net_contribution: "2000"
          cash_balance_base: "1399"
          investment_market_value_base: "10"
          total_value_base: "1409"
          cost_basis_base: "601"
          book_basis_base: "2000"
          net_contribution_base: "2000"
          external_inflow_base: "0"
          external_outflow_base: "0"
          external_flow_source: NO_FLOW
          performance_eligible_value_base: "1409"
          value_status: complete
          basis_status: complete
        - date: 2025-01-23
          fx_rate_to_base: "1"
          cash_balance: "1399"
          investment_market_value: "10"
          total_value: "1409"
          cost_basis: "601"
          book_basis: "2000"
          net_contribution: "2000"
          cash_balance_base: "1399"
          investment_market_value_base: "10"
          total_value_base: "1409"
          cost_basis_base: "601"
          book_basis_base: "2000"
          net_contribution_base: "2000"
          external_inflow_base: "0"
          external_outflow_base: "0"
          external_flow_source: NO_FLOW
          performance_eligible_value_base: "1409"
          value_status: complete
          basis_status: complete
        - date: 2025-01-24
          fx_rate_to_base: "1"
          cash_balance: "1399"
          investment_market_value: "10"
          total_value: "1409"
          cost_basis: "601"
          book_basis: "2000"
          net_contribution: "2000"
          cash_balance_base: "1399"
          investment_market_value_base: "10"
          total_value_base: "1409"
          cost_basis_base: "601"
          book_basis_base: "2000"
          net_contribution_base: "2000"
          external_inflow_base: "0"
          external_outflow_base: "0"
          external_flow_source: NO_FLOW
          performance_eligible_value_base: "1409"
          value_status: complete
          basis_status: complete
      flows: []
      performance:
        all_time:
          method: timeWeighted
          period_start: 2025-01-06
          period_end: 2025-01-24
          returns:
            twr: "-0.2955"
            annualized_twr: ~
            irr: "-0.29549999"
            annualized_irr: "-0.99918106"
            value_return: "-0.2955"
            annualized_value_return: ~
          attribution:
            contributions: "2000"
            distributions: "0"
            income: "0"
            realized_pnl: "0"
            unrealized_pnl_change: "-590"
            fx_effect: "0"
            fees: "1"
            taxes: "0"
            residual: "0"
          risk:
            volatility: "0.94297195"
            max_drawdown: "-0.2955"
            peak_date: 2025-01-06
            trough_date: 2025-01-17
            recovery_date: ~
            drawdown_duration_days: 11
          summary:
            amount: "-591"
            percent: "-0.2955"
            method: timeWeighted
            basis: marketValue
            quality: ok
            amount_status: complete
            percent_status: complete
            basis_status: notApplicable
          basis_status: notApplicable
          quality: ok
          is_holdings_mode: false
          is_mixed_tracking_mode: false
          series:
            - date: 2025-01-06
              value: "0"
            - date: 2025-01-07
              value: "-0.0005"
            - date: 2025-01-08
              value: "-0.0005"
            - date: 2025-01-09
              value: "-0.0005"
            - date: 2025-01-10
              value: "-0.0505"
            - date: 2025-01-11
              value: "-0.0505"
            - date: 2025-01-12
              value: "-0.0505"
            - date: 2025-01-13
              value: "-0.0505"
            - date: 2025-01-14
              value: "-0.0505"
            - date: 2025-01-15
              value: "-0.0505"
            - date: 2025-01-16
              value: "-0.2005"
            - date: 2025-01-17
              value: "-0.2955"
            - date: 2025-01-18
              value: "-0.2955"
            - date: 2025-01-19
              value: "-0.2955"
            - date: 2025-01-20
              value: "-0.2955"
            - date: 2025-01-21
              value: "-0.2955"
            - date: 2025-01-22
              value: "-0.2955"
            - date: 2025-01-23
              value: "-0.2955"
            - date: 2025-01-24
              value: "-0.2955"
  portfolio:
    all_time:
      method: timeWeighted
      period_start: 2025-01-06
      period_end: 2025-01-24
      returns:
        twr: "-0.2955"
        annualized_twr: ~
        irr: "-0.29549999"
        annualized_irr: "-0.99918106"
        value_return: "-0.2955"
        annualized_value_return: ~
      attribution:
        contributions: "2000"
        distributions: "0"
        income: "0"
        realized_pnl: "0"
        unrealized_pnl_change: "-590"
        fx_effect: "0"
        fees: "1"
        taxes: "0"
        residual: "0"
      risk:
        volatility: "0.94297195"
        max_drawdown: "-0.2955"
        peak_date: 2025-01-06
        trough_date: 2025-01-17
        recovery_date: ~
        drawdown_duration_days: 11
      summary:
        amount: "-591"
        percent: "-0.2955"
        method: timeWeighted
        basis: marketValue
        quality: ok
        amount_status: complete
        percent_status: complete
        basis_status: notApplicable
      basis_status: notApplicable
      quality: ok
      is_holdings_mode: false
      is_mixed_tracking_mode: false
      series:
        - date: 2025-01-06
          value: "0"
        - date: 2025-01-07
          value: "-0.0005"
        - date: 2025-01-08
          value: "-0.0005"
        - date: 2025-01-09
          value: "-0.0005"
        - date: 2025-01-10
          value: "-0.0505"
        - date: 2025-01-11
          value: "-0.0505"
        - date: 2025-01-12
          value: "-0.0505"
        - date: 2025-01-13
          value: "-0.0505"
        - date: 2025-01-14
          value: "-0.0505"
        - date: 2025-01-15
          value: "-0.0505"
        - date: 2025-01-16
          value: "-0.2005"
        - date: 2025-01-17
          value: "-0.2955"
        - date: 2025-01-18
          value: "-0.2955"
        - date: 2025-01-19
          value: "-0.2955"
        - date: 2025-01-20
          value: "-0.2955"
        - date: 2025-01-21
          value: "-0.2955"
        - date: 2025-01-22
          value: "-0.2955"
        - date: 2025-01-23
          value: "-0.2955"
        - date: 2025-01-24
          value: "-0.2955"
  portfolio_flows: []
  diagnostics: []
steps: []
