---
source: crates/core/src/test_support/legacy_goldens.rs
---
scenario: EDGE-QT-05
as_of: 2025-01-17
base_currency: USD
baseline:
  accounts:
    acc-1:
      currency: USD
      tracking_mode: TRANSACTIONS
      keyframes:
        - date: 2025-01-02
          source: CALCULATED
          positions: {}
          cash:
            USD: "5000"
          cost_basis: "0"
          net_contribution: "5000"
          net_contribution_base: "5000"
          cash_total_account_currency: "5000"
          cash_total_base_currency: "5000"
        - date: 2025-01-03
          source: CALCULATED
          positions:
            dup:
              quantity: "10"
              average_cost: "60"
              total_cost_basis: "600"
              currency: USD
              cost_basis_account: "600"
              cost_basis_base: "600"
              contract_multiplier: "1"
              is_alternative: false
            raw:
              quantity: "10"
              average_cost: "100"
              total_cost_basis: "1000"
              currency: USD
              cost_basis_account: "1000"
              cost_basis_base: "1000"
              contract_multiplier: "1"
              is_alternative: false
          cash:
            USD: "3400"
          cost_basis: "1600"
          net_contribution: "5000"
          net_contribution_base: "5000"
          cash_total_account_currency: "3400"
          cash_total_base_currency: "3400"
        - date: 2025-01-09
          source: CALCULATED
          positions:
            dup:
              quantity: "10"
              average_cost: "60"
              total_cost_basis: "600"
              currency: USD
              cost_basis_account: "600"
              cost_basis_base: "600"
              contract_multiplier: "1"
              is_alternative: false
            raw:
              quantity: "20"
              average_cost: "50"
              total_cost_basis: "1000"
              currency: USD
              cost_basis_account: "1000"
              cost_basis_base: "1000"
              contract_multiplier: "1"
              is_alternative: false
          cash:
            USD: "3400"
          cost_basis: "1600"
          net_contribution: "5000"
          net_contribution_base: "5000"
          cash_total_account_currency: "3400"
          cash_total_base_currency: "3400"
        - date: 2025-01-13
          source: CALCULATED
          positions:
            dup:
              quantity: "20"
              average_cost: "30"
              total_cost_basis: "600"
              currency: USD
              cost_basis_account: "600"
              cost_basis_base: "600"
              contract_multiplier: "1"
              is_alternative: false
            raw:
              quantity: "20"
              average_cost: "50"
              total_cost_basis: "1000"
              currency: USD
              cost_basis_account: "1000"
              cost_basis_base: "1000"
              contract_multiplier: "1"
              is_alternative: false
          cash:
            USD: "3400"
          cost_basis: "1600"
          net_contribution: "5000"
          net_contribution_base: "5000"
          cash_total_account_currency: "3400"
          cash_total_base_currency: "3400"
        - date: 2025-01-14
          source: CALCULATED
          positions:
            dup:
              quantity: "60"
              average_cost: "10"
              total_cost_basis: "600"
              currency: USD
              cost_basis_account: "600"
              cost_basis_base: "600"
              contract_multiplier: "1"
              is_alternative: false
            raw:
              quantity: "20"
              average_cost: "50"
              total_cost_basis: "1000"
              currency: USD
              cost_basis_account: "1000"
              cost_basis_base: "1000"
              contract_multiplier: "1"
              is_alternative: false
          cash:
            USD: "3400"
          cost_basis: "1600"
          net_contribution: "5000"
          net_contribution_base: "5000"
          cash_total_account_currency: "3400"
          cash_total_base_currency: "3400"
      lots:
        - id: buy-dup
          asset_id: dup
          open_date: 2025-01-03
          open_activity_id: buy-dup
          original_quantity: "10"
          remaining_quantity: "10"
          cost_per_unit: "60"
          original_cost_basis: "600"
          remaining_cost_basis: "600"
          original_cost_basis_base: "600"
          remaining_cost_basis_base: "600"
          fee_allocated: "0"
          fee_allocated_base: "0"
          tax_allocated: "0"
          tax_allocated_base: "0"
          currency: USD
          base_currency: USD
          fx_rate_to_base: "1"
          fx_rate_to_account: "1"
          split_ratio: "6"
          is_closed: false
          close_date: ~
          close_activity_id: ~
        - id: buy-raw
          asset_id: raw
          open_date: 2025-01-03
          open_activity_id: buy-raw
          original_quantity: "10"
          remaining_quantity: "10"
          cost_per_unit: "100"
          original_cost_basis: "1000"
          remaining_cost_basis: "1000"
          original_cost_basis_base: "1000"
          remaining_cost_basis_base: "1000"
          fee_allocated: "0"
          fee_allocated_base: "0"
          tax_allocated: "0"
          tax_allocated_base: "0"
          currency: USD
          base_currency: USD
          fx_rate_to_base: "1"
          fx_rate_to_account: "1"
          split_ratio: "2"
          is_closed: false
          close_date: ~
          close_activity_id: ~
      disposals: []
      valuations:
        - date: 2025-01-02
          fx_rate_to_base: "1"
          cash_balance: "5000"
          investment_market_value: "0"
          total_value: "5000"
          cost_basis: "0"
          book_basis: "5000"
          net_contribution: "5000"
          cash_balance_base: "5000"
          investment_market_value_base: "0"
          total_value_base: "5000"
          cost_basis_base: "0"
          book_basis_base: "5000"
          net_contribution_base: "5000"
          external_inflow_base: "0"
          external_outflow_base: "0"
          external_flow_source: NO_FLOW
          performance_eligible_value_base: "5000"
          value_status: complete
          basis_status: notApplicable
        - date: 2025-01-03
          fx_rate_to_base: "1"
          cash_balance: "3400"
          investment_market_value: "1600"
          total_value: "5000"
          cost_basis: "1600"
          book_basis: "5000"
          net_contribution: "5000"
          cash_balance_base: "3400"
          investment_market_value_base: "1600"
          total_value_base: "5000"
          cost_basis_base: "1600"
          book_basis_base: "5000"
          net_contribution_base: "5000"
          external_inflow_base: "0"
          external_outflow_base: "0"
          external_flow_source: NO_FLOW
          performance_eligible_value_base: "5000"
          value_status: complete
          basis_status: complete
        - date: 2025-01-04
          fx_rate_to_base: "1"
          cash_balance: "3400"
          investment_market_value: "1600"
          total_value: "5000"
          cost_basis: "1600"
          book_basis: "5000"
          net_contribution: "5000"
          cash_balance_base: "3400"
          investment_market_value_base: "1600"
          total_value_base: "5000"
          cost_basis_base: "1600"
          book_basis_base: "5000"
          net_contribution_base: "5000"
          external_inflow_base: "0"
          external_outflow_base: "0"
          external_flow_source: NO_FLOW
          performance_eligible_value_base: "5000"
          value_status: complete
          basis_status: complete
        - date: 2025-01-05
          fx_rate_to_base: "1"
          cash_balance: "3400"
          investment_market_value: "1600"
          total_value: "5000"
          cost_basis: "1600"
          book_basis: "5000"
          net_contribution: "5000"
          cash_balance_base: "3400"
          investment_market_value_base: "1600"
          total_value_base: "5000"
          cost_basis_base: "1600"
          book_basis_base: "5000"
          net_contribution_base: "5000"
          external_inflow_base: "0"
          external_outflow_base: "0"
          external_flow_source: NO_FLOW
          performance_eligible_value_base: "5000"
          value_status: complete
          basis_status: complete
        - date: 2025-01-06
          fx_rate_to_base: "1"
          cash_balance: "3400"
          investment_market_value: "1600"
          total_value: "5000"
          cost_basis: "1600"
          book_basis: "5000"
          net_contribution: "5000"
          cash_balance_base: "3400"
          investment_market_value_base: "1600"
          total_value_base: "5000"
          cost_basis_base: "1600"
          book_basis_base: "5000"
          net_contribution_base: "5000"
          external_inflow_base: "0"
          external_outflow_base: "0"
          external_flow_source: NO_FLOW
          performance_eligible_value_base: "5000"
          value_status: complete
          basis_status: complete
        - date: 2025-01-07
          fx_rate_to_base: "1"
          cash_balance: "3400"
          investment_market_value: "1600"
          total_value: "5000"
          cost_basis: "1600"
          book_basis: "5000"
          net_contribution: "5000"
          cash_balance_base: "3400"
          investment_market_value_base: "1600"
          total_value_base: "5000"
          cost_basis_base: "1600"
          book_basis_base: "5000"
          net_contribution_base: "5000"
          external_inflow_base: "0"
          external_outflow_base: "0"
          external_flow_source: NO_FLOW
          performance_eligible_value_base: "5000"
          value_status: complete
          basis_status: complete
        - date: 2025-01-08
          fx_rate_to_base: "1"
          cash_balance: "3400"
          investment_market_value: "1600"
          total_value: "5000"
          cost_basis: "1600"
          book_basis: "5000"
          net_contribution: "5000"
          cash_balance_base: "3400"
          investment_market_value_base: "1600"
          total_value_base: "5000"
          cost_basis_base: "1600"
          book_basis_base: "5000"
          net_contribution_base: "5000"
          external_inflow_base: "0"
          external_outflow_base: "0"
          external_flow_source: NO_FLOW
          performance_eligible_value_base: "5000"
          value_status: complete
          basis_status: complete
        - date: 2025-01-09
          fx_rate_to_base: "1"
          cash_balance: "3400"
          investment_market_value: "1600"
          total_value: "5000"
          cost_basis: "1600"
          book_basis: "5000"
          net_contribution: "5000"
          cash_balance_base: "3400"
          investment_market_value_base: "1600"
          total_value_base: "5000"
          cost_basis_base: "1600"
          book_basis_base: "5000"
          net_contribution_base: "5000"
          external_inflow_base: "0"
          external_outflow_base: "0"
          external_flow_source: NO_FLOW
          performance_eligible_value_base: "5000"
          value_status: complete
          basis_status: complete
        - date: 2025-01-10
          fx_rate_to_base: "1"
          cash_balance: "3400"
          investment_market_value: "1600"
          total_value: "5000"
          cost_basis: "1600"
          book_basis: "5000"
          net_contribution: "5000"
          cash_balance_base: "3400"
          investment_market_value_base: "1600"
          total_value_base: "5000"
          cost_basis_base: "1600"
          book_basis_base: "5000"
          net_contribution_base: "5000"
          external_inflow_base: "0"
          external_outflow_base: "0"
          external_flow_source: NO_FLOW
          performance_eligible_value_base: "5000"
          value_status: complete
          basis_status: complete
        - date: 2025-01-11
          fx_rate_to_base: "1"
          cash_balance: "3400"
          investment_market_value: "1600"
          total_value: "5000"
          cost_basis: "1600"
          book_basis: "5000"
          net_contribution: "5000"
          cash_balance_base: "3400"
          investment_market_value_base: "1600"
          total_value_base: "5000"
          cost_basis_base: "1600"
          book_basis_base: "5000"
          net_contribution_base: "5000"
          external_inflow_base: "0"
          external_outflow_base: "0"
          external_flow_source: NO_FLOW
          performance_eligible_value_base: "5000"
          value_status: complete
          basis_status: complete
        - date: 2025-01-12
          fx_rate_to_base: "1"
          cash_balance: "3400"
          investment_market_value: "1600"
          total_value: "5000"
          cost_basis: "1600"
          book_basis: "5000"
          net_contribution: "5000"
          cash_balance_base: "3400"
          investment_market_value_base: "1600"
          total_value_base: "5000"
          cost_basis_base: "1600"
          book_basis_base: "5000"
          net_contribution_base: "5000"
          external_inflow_base: "0"
          external_outflow_base: "0"
          external_flow_source: NO_FLOW
          performance_eligible_value_base: "5000"
          value_status: complete
          basis_status: complete
        - date: 2025-01-13
          fx_rate_to_base: "1"
          cash_balance: "3400"
          investment_market_value: "1620"
          total_value: "5020"
          cost_basis: "1600"
          book_basis: "5000"
          net_contribution: "5000"
          cash_balance_base: "3400"
          investment_market_value_base: "1620"
          total_value_base: "5020"
          cost_basis_base: "1600"
          book_basis_base: "5000"
          net_contribution_base: "5000"
          external_inflow_base: "0"
          external_outflow_base: "0"
          external_flow_source: NO_FLOW
          performance_eligible_value_base: "5020"
          value_status: complete
          basis_status: complete
        - date: 2025-01-14
          fx_rate_to_base: "1"
          cash_balance: "3400"
          investment_market_value: "2820"
          total_value: "6220"
          cost_basis: "1600"
          book_basis: "5000"
          net_contribution: "5000"
          cash_balance_base: "3400"
          investment_market_value_base: "2820"
          total_value_base: "6220"
          cost_basis_base: "1600"
          book_basis_base: "5000"
          net_contribution_base: "5000"
          external_inflow_base: "0"
          external_outflow_base: "0"
          external_flow_source: NO_FLOW
          performance_eligible_value_base: "6220"
          value_status: complete
          basis_status: complete
        - date: 2025-01-15
          fx_rate_to_base: "1"
          cash_balance: "3400"
          investment_market_value: "2880"
          total_value: "6280"
          cost_basis: "1600"
          book_basis: "5000"
          net_contribution: "5000"
          cash_balance_base: "3400"
          investment_market_value_base: "2880"
          total_value_base: "6280"
          cost_basis_base: "1600"
          book_basis_base: "5000"
          net_contribution_base: "5000"
          external_inflow_base: "0"
          external_outflow_base: "0"
          external_flow_source: NO_FLOW
          performance_eligible_value_base: "6280"
          value_status: complete
          basis_status: complete
        - date: 2025-01-16
          fx_rate_to_base: "1"
          cash_balance: "3400"
          investment_market_value: "2880"
          total_value: "6280"
          cost_basis: "1600"
          book_basis: "5000"
          net_contribution: "5000"
          cash_balance_base: "3400"
          investment_market_value_base: "2880"
          total_value_base: "6280"
          cost_basis_base: "1600"
          book_basis_base: "5000"
          net_contribution_base: "5000"
          external_inflow_base: "0"
          external_outflow_base: "0"
          external_flow_source: NO_FLOW
          performance_eligible_value_base: "6280"
          value_status: complete
          basis_status: complete
        - date: 2025-01-17
          fx_rate_to_base: "1"
          cash_balance: "3400"
          investment_market_value: "2880"
          total_value: "6280"
          cost_basis: "1600"
          book_basis: "5000"
          net_contribution: "5000"
          cash_balance_base: "3400"
          investment_market_value_base: "2880"
          total_value_base: "6280"
          cost_basis_base: "1600"
          book_basis_base: "5000"
          net_contribution_base: "5000"
          external_inflow_base: "0"
          external_outflow_base: "0"
          external_flow_source: NO_FLOW
          performance_eligible_value_base: "6280"
          value_status: complete
          basis_status: complete
      flows: []
      performance:
        all_time:
          method: timeWeighted
          period_start: 2025-01-02
          period_end: 2025-01-17
          returns:
            twr: "0.256"
            annualized_twr: ~
            irr: "0.256"
            annualized_irr: "256.27507852"
            value_return: "0.256"
            annualized_value_return: ~
          attribution:
            contributions: "5000"
            distributions: "0"
            income: "0"
            realized_pnl: "0"
            unrealized_pnl_change: "1280"
            fx_effect: "0"
            fees: "0"
            taxes: "0"
            residual: "0"
          risk:
            volatility: "1.05406033"
            max_drawdown: "0"
            peak_date: 2025-01-02
            trough_date: 2025-01-03
            recovery_date: ~
            drawdown_duration_days: 1
          summary:
            amount: "1280"
            percent: "0.256"
            method: timeWeighted
            basis: marketValue
            quality: ok
            amount_status: complete
            percent_status: complete
            basis_status: notApplicable
          basis_status: notApplicable
          quality: ok
          is_holdings_mode: false
          is_mixed_tracking_mode: false
          series:
            - date: 2025-01-02
              value: "0"
            - date: 2025-01-03
              value: "0"
            - date: 2025-01-04
              value: "0"
            - date: 2025-01-05
              value: "0"
            - date: 2025-01-06
              value: "0"
            - date: 2025-01-07
              value: "0"
            - date: 2025-01-08
              value: "0"
            - date: 2025-01-09
              value: "0"
            - date: 2025-01-10
              value: "0"
            - date: 2025-01-11
              value: "0"
            - date: 2025-01-12
              value: "0"
            - date: 2025-01-13
              value: "0.004"
            - date: 2025-01-14
              value: "0.244"
            - date: 2025-01-15
              value: "0.256"
            - date: 2025-01-16
              value: "0.256"
            - date: 2025-01-17
              value: "0.256"
  portfolio:
    all_time:
      method: timeWeighted
      period_start: 2025-01-02
      period_end: 2025-01-17
      returns:
        twr: "0.256"
        annualized_twr: ~
        irr: "0.256"
        annualized_irr: "256.27507852"
        value_return: "0.256"
        annualized_value_return: ~
      attribution:
        contributions: "5000"
        distributions: "0"
        income: "0"
        realized_pnl: "0"
        unrealized_pnl_change: "1280"
        fx_effect: "0"
        fees: "0"
        taxes: "0"
        residual: "0"
      risk:
        volatility: "1.05406033"
        max_drawdown: "0"
        peak_date: 2025-01-02
        trough_date: 2025-01-03
        recovery_date: ~
        drawdown_duration_days: 1
      summary:
        amount: "1280"
        percent: "0.256"
        method: timeWeighted
        basis: marketValue
        quality: ok
        amount_status: complete
        percent_status: complete
        basis_status: notApplicable
      basis_status: notApplicable
      quality: ok
      is_holdings_mode: false
      is_mixed_tracking_mode: false
      series:
        - date: 2025-01-02
          value: "0"
        - date: 2025-01-03
          value: "0"
        - date: 2025-01-04
          value: "0"
        - date: 2025-01-05
          value: "0"
        - date: 2025-01-06
          value: "0"
        - date: 2025-01-07
          value: "0"
        - date: 2025-01-08
          value: "0"
        - date: 2025-01-09
          value: "0"
        - date: 2025-01-10
          value: "0"
        - date: 2025-01-11
          value: "0"
        - date: 2025-01-12
          value: "0"
        - date: 2025-01-13
          value: "0.004"
        - date: 2025-01-14
          value: "0.244"
        - date: 2025-01-15
          value: "0.256"
        - date: 2025-01-16
          value: "0.256"
        - date: 2025-01-17
          value: "0.256"
  portfolio_flows: []
  diagnostics: []
steps: []
