---
source: crates/core/src/test_support/legacy_goldens.rs
---
scenario: NOM-CASH-03
as_of: 2025-01-10
base_currency: USD
baseline:
  accounts:
    acc-1:
      currency: USD
      tracking_mode: TRANSACTIONS
      keyframes:
        - date: 2025-01-02
          source: CALCULATED
          positions: {}
          cash:
            USD: "1000"
          cost_basis: "0"
          net_contribution: "1000"
          net_contribution_base: "1000"
          cash_total_account_currency: "1000"
          cash_total_base_currency: "1000"
        - date: 2025-01-03
          source: CALCULATED
          positions: {}
          cash:
            USD: "1050"
          cost_basis: "0"
          net_contribution: "1050"
          net_contribution_base: "1050"
          cash_total_account_currency: "1050"
          cash_total_base_currency: "1050"
        - date: 2025-01-04
          source: CALCULATED
          positions: {}
          cash:
            USD: "1060"
          cost_basis: "0"
          net_contribution: "1050"
          net_contribution_base: "1050"
          cash_total_account_currency: "1060"
          cash_total_base_currency: "1060"
        - date: 2025-01-05
          source: CALCULATED
          positions: {}
          cash:
            USD: "1065"
          cost_basis: "0"
          net_contribution: "1050"
          net_contribution_base: "1050"
          cash_total_account_currency: "1065"
          cash_total_base_currency: "1065"
        - date: 2025-01-06
          source: CALCULATED
          positions: {}
          cash:
            USD: "1072"
          cost_basis: "0"
          net_contribution: "1050"
          net_contribution_base: "1050"
          cash_total_account_currency: "1072"
          cash_total_base_currency: "1072"
        - date: 2025-01-07
          source: CALCULATED
          positions: {}
          cash:
            USD: "1075"
          cost_basis: "0"
          net_contribution: "1050"
          net_contribution_base: "1050"
          cash_total_account_currency: "1075"
          cash_total_base_currency: "1075"
      lots: []
      disposals: []
      valuations:
        - date: 2025-01-02
          fx_rate_to_base: "1"
          cash_balance: "1000"
          investment_market_value: "0"
          total_value: "1000"
          cost_basis: "0"
          book_basis: "1000"
          net_contribution: "1000"
          cash_balance_base: "1000"
          investment_market_value_base: "0"
          total_value_base: "1000"
          cost_basis_base: "0"
          book_basis_base: "1000"
          net_contribution_base: "1000"
          external_inflow_base: "0"
          external_outflow_base: "0"
          external_flow_source: NO_FLOW
          performance_eligible_value_base: "1000"
          value_status: complete
          basis_status: notApplicable
        - date: 2025-01-03
          fx_rate_to_base: "1"
          cash_balance: "1050"
          investment_market_value: "0"
          total_value: "1050"
          cost_basis: "0"
          book_basis: "1050"
          net_contribution: "1050"
          cash_balance_base: "1050"
          investment_market_value_base: "0"
          total_value_base: "1050"
          cost_basis_base: "0"
          book_basis_base: "1050"
          net_contribution_base: "1050"
          external_inflow_base: "50"
          external_outflow_base: "0"
          external_flow_source: CASH_AMOUNT
          performance_eligible_value_base: "1050"
          value_status: complete
          basis_status: notApplicable
        - date: 2025-01-04
          fx_rate_to_base: "1"
          cash_balance: "1060"
          investment_market_value: "0"
          total_value: "1060"
          cost_basis: "0"
          book_basis: "1060"
          net_contribution: "1050"
          cash_balance_base: "1060"
          investment_market_value_base: "0"
          total_value_base: "1060"
          cost_basis_base: "0"
          book_basis_base: "1060"
          net_contribution_base: "1050"
          external_inflow_base: "0"
          external_outflow_base: "0"
          external_flow_source: NO_FLOW
          performance_eligible_value_base: "1060"
          value_status: complete
          basis_status: notApplicable
        - date: 2025-01-05
          fx_rate_to_base: "1"
          cash_balance: "1065"
          investment_market_value: "0"
          total_value: "1065"
          cost_basis: "0"
          book_basis: "1065"
          net_contribution: "1050"
          cash_balance_base: "1065"
          investment_market_value_base: "0"
          total_value_base: "1065"
          cost_basis_base: "0"
          book_basis_base: "1065"
          net_contribution_base: "1050"
          external_inflow_base: "0"
          external_outflow_base: "0"
          external_flow_source: NO_FLOW
          performance_eligible_value_base: "1065"
          value_status: complete
          basis_status: notApplicable
        - date: 2025-01-06
          fx_rate_to_base: "1"
          cash_balance: "1072"
          investment_market_value: "0"
          total_value: "1072"
          cost_basis: "0"
          book_basis: "1072"
          net_contribution: "1050"
          cash_balance_base: "1072"
          investment_market_value_base: "0"
          total_value_base: "1072"
          cost_basis_base: "0"
          book_basis_base: "1072"
          net_contribution_base: "1050"
          external_inflow_base: "0"
          external_outflow_base: "0"
          external_flow_source: NO_FLOW
          performance_eligible_value_base: "1072"
          value_status: complete
          basis_status: notApplicable
        - date: 2025-01-07
          fx_rate_to_base: "1"
          cash_balance: "1075"
          investment_market_value: "0"
          total_value: "1075"
          cost_basis: "0"
          book_basis: "1075"
          net_contribution: "1050"
          cash_balance_base: "1075"
          investment_market_value_base: "0"
          total_value_base: "1075"
          cost_basis_base: "0"
          book_basis_base: "1075"
          net_contribution_base: "1050"
          external_inflow_base: "0"
          external_outflow_base: "0"
          external_flow_source: NO_FLOW
          performance_eligible_value_base: "1075"
          value_status: complete
          basis_status: notApplicable
        - date: 2025-01-08
          fx_rate_to_base: "1"
          cash_balance: "1075"
          investment_market_value: "0"
          total_value: "1075"
          cost_basis: "0"
          book_basis: "1075"
          net_contribution: "1050"
          cash_balance_base: "1075"
          investment_market_value_base: "0"
          total_value_base: "1075"
          cost_basis_base: "0"
          book_basis_base: "1075"
          net_contribution_base: "1050"
          external_inflow_base: "0"
          external_outflow_base: "0"
          external_flow_source: NO_FLOW
          performance_eligible_value_base: "1075"
          value_status: complete
          basis_status: notApplicable
        - date: 2025-01-09
          fx_rate_to_base: "1"
          cash_balance: "1075"
          investment_market_value: "0"
          total_value: "1075"
          cost_basis: "0"
          book_basis: "1075"
          net_contribution: "1050"
          cash_balance_base: "1075"
          investment_market_value_base: "0"
          total_value_base: "1075"
          cost_basis_base: "0"
          book_basis_base: "1075"
          net_contribution_base: "1050"
          external_inflow_base: "0"
          external_outflow_base: "0"
          external_flow_source: NO_FLOW
          performance_eligible_value_base: "1075"
          value_status: complete
          basis_status: notApplicable
        - date: 2025-01-10
          fx_rate_to_base: "1"
          cash_balance: "1075"
          investment_market_value: "0"
          total_value: "1075"
          cost_basis: "0"
          book_basis: "1075"
          net_contribution: "1050"
          cash_balance_base: "1075"
          investment_market_value_base: "0"
          total_value_base: "1075"
          cost_basis_base: "0"
          book_basis_base: "1075"
          net_contribution_base: "1050"
          external_inflow_base: "0"
          external_outflow_base: "0"
          external_flow_source: NO_FLOW
          performance_eligible_value_base: "1075"
          value_status: complete
          basis_status: notApplicable
      flows:
        - date: 2025-01-03
          inflow_base: "50"
          outflow_base: "0"
          source: CASH_AMOUNT
      performance:
        all_time:
          method: timeWeighted
          period_start: 2025-01-02
          period_end: 2025-01-10
          returns:
            twr: "0.02380952"
            annualized_twr: ~
            irr: "0.02395359"
            annualized_irr: "1.94685407"
            value_return: "0.025"
            annualized_value_return: ~
          attribution:
            contributions: "1050"
            distributions: "0"
            income: "0"
            realized_pnl: "0"
            unrealized_pnl_change: "0"
            fx_effect: "0"
            fees: "0"
            taxes: "0"
            residual: "0"
          risk:
            volatility: "0.06985151"
            max_drawdown: "0"
            peak_date: 2025-01-02
            trough_date: 2025-01-03
            recovery_date: ~
            drawdown_duration_days: 1
          summary:
            amount: "0"
            percent: "0.02380952"
            method: timeWeighted
            basis: marketValue
            quality: partial
            amount_status: complete
            percent_status: complete
            basis_status: notApplicable
          basis_status: notApplicable
          quality: partial
          is_holdings_mode: false
          is_mixed_tracking_mode: false
          series:
            - date: 2025-01-02
              value: "0"
            - date: 2025-01-03
              value: "0"
            - date: 2025-01-04
              value: "0.00952381"
            - date: 2025-01-05
              value: "0.01428571"
            - date: 2025-01-06
              value: "0.02095238"
            - date: 2025-01-07
              value: "0.02380952"
            - date: 2025-01-08
              value: "0.02380952"
            - date: 2025-01-09
              value: "0.02380952"
            - date: 2025-01-10
              value: "0.02380952"
  portfolio:
    all_time:
      method: timeWeighted
      period_start: 2025-01-02
      period_end: 2025-01-10
      returns:
        twr: "0.02380952"
        annualized_twr: ~
        irr: "0.02395359"
        annualized_irr: "1.94685407"
        value_return: "0.025"
        annualized_value_return: ~
      attribution:
        contributions: "1050"
        distributions: "0"
        income: "0"
        realized_pnl: "0"
        unrealized_pnl_change: "0"
        fx_effect: "0"
        fees: "0"
        taxes: "0"
        residual: "0"
      risk:
        volatility: "0.06985151"
        max_drawdown: "0"
        peak_date: 2025-01-02
        trough_date: 2025-01-03
        recovery_date: ~
        drawdown_duration_days: 1
      summary:
        amount: "0"
        percent: "0.02380952"
        method: timeWeighted
        basis: marketValue
        quality: partial
        amount_status: complete
        percent_status: complete
        basis_status: notApplicable
      basis_status: notApplicable
      quality: partial
      is_holdings_mode: false
      is_mixed_tracking_mode: false
      series:
        - date: 2025-01-02
          value: "0"
        - date: 2025-01-03
          value: "0"
        - date: 2025-01-04
          value: "0.00952381"
        - date: 2025-01-05
          value: "0.01428571"
        - date: 2025-01-06
          value: "0.02095238"
        - date: 2025-01-07
          value: "0.02380952"
        - date: 2025-01-08
          value: "0.02380952"
        - date: 2025-01-09
          value: "0.02380952"
        - date: 2025-01-10
          value: "0.02380952"
  portfolio_flows:
    - date: 2025-01-03
      inflow_base: "50"
      outflow_base: "0"
      source: CASH_AMOUNT
  diagnostics:
    - "account/acc-1/all_time: warning: Performance attribution is incomplete for this period. Difference: 25; tolerance: 2.150. Review Health Center for possible data issues."
    - "account/acc-1/all_time: summary: Performance attribution is incomplete for this period. Difference: 25; tolerance: 2.150. Review Health Center for possible data issues."
    - "portfolio/all_time: warning: Performance attribution is incomplete for this period. Difference: 25; tolerance: 2.150. Review Health Center for possible data issues."
    - "portfolio/all_time: summary: Performance attribution is incomplete for this period. Difference: 25; tolerance: 2.150. Review Health Center for possible data issues."
steps: []
