---
source: crates/core/src/test_support/legacy_goldens.rs
---
scenario: NOM-STAKE-01
as_of: 2025-01-12
base_currency: USD
baseline:
  accounts:
    acc-1:
      currency: USD
      tracking_mode: TRANSACTIONS
      keyframes:
        - date: 2025-01-02
          source: CALCULATED
          positions: {}
          cash:
            USD: "500"
          cost_basis: "0"
          net_contribution: "500"
          net_contribution_base: "500"
          cash_total_account_currency: "500"
          cash_total_base_currency: "500"
        - date: 2025-01-03
          source: CALCULATED
          positions:
            sol:
              quantity: "2"
              average_cost: "100"
              total_cost_basis: "200"
              currency: USD
              cost_basis_account: "200"
              cost_basis_base: "200"
              contract_multiplier: "1"
              is_alternative: false
          cash:
            USD: "300"
          cost_basis: "200"
          net_contribution: "500"
          net_contribution_base: "500"
          cash_total_account_currency: "300"
          cash_total_base_currency: "300"
        - date: 2025-01-08
          source: CALCULATED
          positions:
            sol:
              quantity: "2.00000123"
              average_cost: "99.9999385"
              total_cost_basis: "200"
              currency: USD
              cost_basis_account: "200"
              cost_basis_base: "200"
              contract_multiplier: "1"
              is_alternative: false
          cash:
            USD: "300"
          cost_basis: "200"
          net_contribution: "500"
          net_contribution_base: "500"
          cash_total_account_currency: "300"
          cash_total_base_currency: "300"
      lots:
        - id: buy-1
          asset_id: sol
          open_date: 2025-01-03
          open_activity_id: buy-1
          original_quantity: "2"
          remaining_quantity: "2"
          cost_per_unit: "100"
          original_cost_basis: "200"
          remaining_cost_basis: "200"
          original_cost_basis_base: "200"
          remaining_cost_basis_base: "200"
          fee_allocated: "0"
          fee_allocated_base: "0"
          tax_allocated: "0"
          tax_allocated_base: "0"
          currency: USD
          base_currency: USD
          fx_rate_to_base: "1"
          fx_rate_to_account: "1"
          split_ratio: "1"
          is_closed: false
          close_date: ~
          close_activity_id: ~
        - id: "stake-1:buy"
          asset_id: sol
          open_date: 2025-01-08
          open_activity_id: ~
          original_quantity: "0.00000123"
          remaining_quantity: "0.00000123"
          cost_per_unit: "0"
          original_cost_basis: "0"
          remaining_cost_basis: "0"
          original_cost_basis_base: "0"
          remaining_cost_basis_base: "0"
          fee_allocated: "0"
          fee_allocated_base: "0"
          tax_allocated: "0"
          tax_allocated_base: "0"
          currency: USD
          base_currency: USD
          fx_rate_to_base: "1"
          fx_rate_to_account: "1"
          split_ratio: "1"
          is_closed: false
          close_date: ~
          close_activity_id: ~
      disposals: []
      valuations:
        - date: 2025-01-02
          fx_rate_to_base: "1"
          cash_balance: "500"
          investment_market_value: "0"
          total_value: "500"
          cost_basis: "0"
          book_basis: "500"
          net_contribution: "500"
          cash_balance_base: "500"
          investment_market_value_base: "0"
          total_value_base: "500"
          cost_basis_base: "0"
          book_basis_base: "500"
          net_contribution_base: "500"
          external_inflow_base: "0"
          external_outflow_base: "0"
          external_flow_source: NO_FLOW
          performance_eligible_value_base: "500"
          value_status: complete
          basis_status: notApplicable
        - date: 2025-01-03
          fx_rate_to_base: "1"
          cash_balance: "300"
          investment_market_value: "200"
          total_value: "500"
          cost_basis: "200"
          book_basis: "500"
          net_contribution: "500"
          cash_balance_base: "300"
          investment_market_value_base: "200"
          total_value_base: "500"
          cost_basis_base: "200"
          book_basis_base: "500"
          net_contribution_base: "500"
          external_inflow_base: "0"
          external_outflow_base: "0"
          external_flow_source: NO_FLOW
          performance_eligible_value_base: "500"
          value_status: complete
          basis_status: complete
        - date: 2025-01-04
          fx_rate_to_base: "1"
          cash_balance: "300"
          investment_market_value: "200"
          total_value: "500"
          cost_basis: "200"
          book_basis: "500"
          net_contribution: "500"
          cash_balance_base: "300"
          investment_market_value_base: "200"
          total_value_base: "500"
          cost_basis_base: "200"
          book_basis_base: "500"
          net_contribution_base: "500"
          external_inflow_base: "0"
          external_outflow_base: "0"
          external_flow_source: NO_FLOW
          performance_eligible_value_base: "500"
          value_status: complete
          basis_status: complete
        - date: 2025-01-05
          fx_rate_to_base: "1"
          cash_balance: "300"
          investment_market_value: "200"
          total_value: "500"
          cost_basis: "200"
          book_basis: "500"
          net_contribution: "500"
          cash_balance_base: "300"
          investment_market_value_base: "200"
          total_value_base: "500"
          cost_basis_base: "200"
          book_basis_base: "500"
          net_contribution_base: "500"
          external_inflow_base: "0"
          external_outflow_base: "0"
          external_flow_source: NO_FLOW
          performance_eligible_value_base: "500"
          value_status: complete
          basis_status: complete
        - date: 2025-01-06
          fx_rate_to_base: "1"
          cash_balance: "300"
          investment_market_value: "200"
          total_value: "500"
          cost_basis: "200"
          book_basis: "500"
          net_contribution: "500"
          cash_balance_base: "300"
          investment_market_value_base: "200"
          total_value_base: "500"
          cost_basis_base: "200"
          book_basis_base: "500"
          net_contribution_base: "500"
          external_inflow_base: "0"
          external_outflow_base: "0"
          external_flow_source: NO_FLOW
          performance_eligible_value_base: "500"
          value_status: complete
          basis_status: complete
        - date: 2025-01-07
          fx_rate_to_base: "1"
          cash_balance: "300"
          investment_market_value: "200"
          total_value: "500"
          cost_basis: "200"
          book_basis: "500"
          net_contribution: "500"
          cash_balance_base: "300"
          investment_market_value_base: "200"
          total_value_base: "500"
          cost_basis_base: "200"
          book_basis_base: "500"
          net_contribution_base: "500"
          external_inflow_base: "0"
          external_outflow_base: "0"
          external_flow_source: NO_FLOW
          performance_eligible_value_base: "500"
          value_status: complete
          basis_status: complete
        - date: 2025-01-08
          fx_rate_to_base: "1"
          cash_balance: "300"
          investment_market_value: "220.0001353"
          total_value: "520.0001353"
          cost_basis: "200"
          book_basis: "500"
          net_contribution: "500"
          cash_balance_base: "300"
          investment_market_value_base: "220.0001353"
          total_value_base: "520.0001353"
          cost_basis_base: "200"
          book_basis_base: "500"
          net_contribution_base: "500"
          external_inflow_base: "0"
          external_outflow_base: "0"
          external_flow_source: NO_FLOW
          performance_eligible_value_base: "520.0001353"
          value_status: complete
          basis_status: complete
        - date: 2025-01-09
          fx_rate_to_base: "1"
          cash_balance: "300"
          investment_market_value: "220.0001353"
          total_value: "520.0001353"
          cost_basis: "200"
          book_basis: "500"
          net_contribution: "500"
          cash_balance_base: "300"
          investment_market_value_base: "220.0001353"
          total_value_base: "520.0001353"
          cost_basis_base: "200"
          book_basis_base: "500"
          net_contribution_base: "500"
          external_inflow_base: "0"
          external_outflow_base: "0"
          external_flow_source: NO_FLOW
          performance_eligible_value_base: "520.0001353"
          value_status: complete
          basis_status: complete
        - date: 2025-01-10
          fx_rate_to_base: "1"
          cash_balance: "300"
          investment_market_value: "220.0001353"
          total_value: "520.0001353"
          cost_basis: "200"
          book_basis: "500"
          net_contribution: "500"
          cash_balance_base: "300"
          investment_market_value_base: "220.0001353"
          total_value_base: "520.0001353"
          cost_basis_base: "200"
          book_basis_base: "500"
          net_contribution_base: "500"
          external_inflow_base: "0"
          external_outflow_base: "0"
          external_flow_source: NO_FLOW
          performance_eligible_value_base: "520.0001353"
          value_status: complete
          basis_status: complete
        - date: 2025-01-11
          fx_rate_to_base: "1"
          cash_balance: "300"
          investment_market_value: "220.0001353"
          total_value: "520.0001353"
          cost_basis: "200"
          book_basis: "500"
          net_contribution: "500"
          cash_balance_base: "300"
          investment_market_value_base: "220.0001353"
          total_value_base: "520.0001353"
          cost_basis_base: "200"
          book_basis_base: "500"
          net_contribution_base: "500"
          external_inflow_base: "0"
          external_outflow_base: "0"
          external_flow_source: NO_FLOW
          performance_eligible_value_base: "520.0001353"
          value_status: complete
          basis_status: complete
        - date: 2025-01-12
          fx_rate_to_base: "1"
          cash_balance: "300"
          investment_market_value: "240.0001476"
          total_value: "540.0001476"
          cost_basis: "200"
          book_basis: "500"
          net_contribution: "500"
          cash_balance_base: "300"
          investment_market_value_base: "240.0001476"
          total_value_base: "540.0001476"
          cost_basis_base: "200"
          book_basis_base: "500"
          net_contribution_base: "500"
          external_inflow_base: "0"
          external_outflow_base: "0"
          external_flow_source: NO_FLOW
          performance_eligible_value_base: "540.0001476"
          value_status: complete
          basis_status: complete
      flows: []
      performance:
        all_time:
          method: timeWeighted
          period_start: 2025-01-02
          period_end: 2025-01-12
          returns:
            twr: "0.0800003"
            annualized_twr: ~
            irr: "0.0800003"
            annualized_irr: "15.6267361"
            value_return: "0.0800003"
            annualized_value_return: ~
          attribution:
            contributions: "500"
            distributions: "0"
            income: "0"
            realized_pnl: "0"
            unrealized_pnl_change: "40.0001476"
            fx_effect: "0"
            fees: "0"
            taxes: "0"
            residual: "0"
          risk:
            volatility: "0.31015356"
            max_drawdown: "0"
            peak_date: 2025-01-02
            trough_date: 2025-01-03
            recovery_date: ~
            drawdown_duration_days: 1
          summary:
            amount: "40.0001476"
            percent: "0.0800003"
            method: timeWeighted
            basis: marketValue
            quality: ok
            amount_status: complete
            percent_status: complete
            basis_status: notApplicable
          basis_status: notApplicable
          quality: ok
          is_holdings_mode: false
          is_mixed_tracking_mode: false
          series:
            - date: 2025-01-02
              value: "0"
            - date: 2025-01-03
              value: "0"
            - date: 2025-01-04
              value: "0"
            - date: 2025-01-05
              value: "0"
            - date: 2025-01-06
              value: "0"
            - date: 2025-01-07
              value: "0"
            - date: 2025-01-08
              value: "0.04000027"
            - date: 2025-01-09
              value: "0.04000027"
            - date: 2025-01-10
              value: "0.04000027"
            - date: 2025-01-11
              value: "0.04000027"
            - date: 2025-01-12
              value: "0.0800003"
  portfolio:
    all_time:
      method: timeWeighted
      period_start: 2025-01-02
      period_end: 2025-01-12
      returns:
        twr: "0.0800003"
        annualized_twr: ~
        irr: "0.0800003"
        annualized_irr: "15.6267361"
        value_return: "0.0800003"
        annualized_value_return: ~
      attribution:
        contributions: "500"
        distributions: "0"
        income: "0"
        realized_pnl: "0"
        unrealized_pnl_change: "40.0001476"
        fx_effect: "0"
        fees: "0"
        taxes: "0"
        residual: "0"
      risk:
        volatility: "0.31015356"
        max_drawdown: "0"
        peak_date: 2025-01-02
        trough_date: 2025-01-03
        recovery_date: ~
        drawdown_duration_days: 1
      summary:
        amount: "40.0001476"
        percent: "0.0800003"
        method: timeWeighted
        basis: marketValue
        quality: ok
        amount_status: complete
        percent_status: complete
        basis_status: notApplicable
      basis_status: notApplicable
      quality: ok
      is_holdings_mode: false
      is_mixed_tracking_mode: false
      series:
        - date: 2025-01-02
          value: "0"
        - date: 2025-01-03
          value: "0"
        - date: 2025-01-04
          value: "0"
        - date: 2025-01-05
          value: "0"
        - date: 2025-01-06
          value: "0"
        - date: 2025-01-07
          value: "0"
        - date: 2025-01-08
          value: "0.04000027"
        - date: 2025-01-09
          value: "0.04000027"
        - date: 2025-01-10
          value: "0.04000027"
        - date: 2025-01-11
          value: "0.04000027"
        - date: 2025-01-12
          value: "0.0800003"
  portfolio_flows: []
  diagnostics: []
steps: []
