---
source: crates/core/src/test_support/legacy_goldens.rs
---
scenario: NOM-TXF-02
as_of: 2025-01-12
base_currency: USD
baseline:
  accounts:
    acc-a:
      currency: USD
      tracking_mode: TRANSACTIONS
      keyframes:
        - date: 2025-01-02
          source: CALCULATED
          positions: {}
          cash:
            USD: "2000"
          cost_basis: "0"
          net_contribution: "2000"
          net_contribution_base: "2000"
          cash_total_account_currency: "2000"
          cash_total_base_currency: "2000"
        - date: 2025-01-03
          source: CALCULATED
          positions:
            aapl:
              quantity: "10"
              average_cost: "100.5"
              total_cost_basis: "1005"
              currency: USD
              cost_basis_account: "1005"
              cost_basis_base: "1005"
              contract_multiplier: "1"
              is_alternative: false
          cash:
            USD: "995"
          cost_basis: "1005"
          net_contribution: "2000"
          net_contribution_base: "2000"
          cash_total_account_currency: "995"
          cash_total_base_currency: "995"
        - date: 2025-01-08
          source: CALCULATED
          positions:
            aapl:
              quantity: "0"
              average_cost: "0"
              total_cost_basis: "0"
              currency: USD
              cost_basis_account: ~
              cost_basis_base: ~
              contract_multiplier: "1"
              is_alternative: false
          cash:
            USD: "995"
          cost_basis: "0"
          net_contribution: "995"
          net_contribution_base: "995"
          cash_total_account_currency: "995"
          cash_total_base_currency: "995"
      lots:
        - id: buy-1
          asset_id: aapl
          open_date: 2025-01-03
          open_activity_id: buy-1
          original_quantity: "10"
          remaining_quantity: "0"
          cost_per_unit: "100"
          original_cost_basis: "1005"
          remaining_cost_basis: "0"
          original_cost_basis_base: "1005"
          remaining_cost_basis_base: "0"
          fee_allocated: "5"
          fee_allocated_base: "5"
          tax_allocated: "0"
          tax_allocated_base: "0"
          currency: USD
          base_currency: USD
          fx_rate_to_base: "1"
          fx_rate_to_account: ~
          split_ratio: "1"
          is_closed: true
          close_date: 2025-01-08
          close_activity_id: out-1
      disposals:
        - id: "out-1:buy-1:0"
          lot_id: buy-1
          asset_id: aapl
          activity_id: out-1
          date: 2025-01-08
          quantity: "10"
          proceeds: "1005"
          cost_basis: "1005"
          realized_pnl: "0"
          proceeds_base: "1005"
          cost_basis_base: "1005"
          realized_pnl_base: "0"
          currency: USD
          fx_rate_to_base: "1"
      valuations:
        - date: 2025-01-02
          fx_rate_to_base: "1"
          cash_balance: "2000"
          investment_market_value: "0"
          total_value: "2000"
          cost_basis: "0"
          book_basis: "2000"
          net_contribution: "2000"
          cash_balance_base: "2000"
          investment_market_value_base: "0"
          total_value_base: "2000"
          cost_basis_base: "0"
          book_basis_base: "2000"
          net_contribution_base: "2000"
          external_inflow_base: "0"
          external_outflow_base: "0"
          external_flow_source: NO_FLOW
          performance_eligible_value_base: "2000"
          value_status: complete
          basis_status: notApplicable
        - date: 2025-01-03
          fx_rate_to_base: "1"
          cash_balance: "995"
          investment_market_value: "1000"
          total_value: "1995"
          cost_basis: "1005"
          book_basis: "2000"
          net_contribution: "2000"
          cash_balance_base: "995"
          investment_market_value_base: "1000"
          total_value_base: "1995"
          cost_basis_base: "1005"
          book_basis_base: "2000"
          net_contribution_base: "2000"
          external_inflow_base: "0"
          external_outflow_base: "0"
          external_flow_source: NO_FLOW
          performance_eligible_value_base: "1995"
          value_status: complete
          basis_status: complete
        - date: 2025-01-04
          fx_rate_to_base: "1"
          cash_balance: "995"
          investment_market_value: "1000"
          total_value: "1995"
          cost_basis: "1005"
          book_basis: "2000"
          net_contribution: "2000"
          cash_balance_base: "995"
          investment_market_value_base: "1000"
          total_value_base: "1995"
          cost_basis_base: "1005"
          book_basis_base: "2000"
          net_contribution_base: "2000"
          external_inflow_base: "0"
          external_outflow_base: "0"
          external_flow_source: NO_FLOW
          performance_eligible_value_base: "1995"
          value_status: complete
          basis_status: complete
        - date: 2025-01-05
          fx_rate_to_base: "1"
          cash_balance: "995"
          investment_market_value: "1000"
          total_value: "1995"
          cost_basis: "1005"
          book_basis: "2000"
          net_contribution: "2000"
          cash_balance_base: "995"
          investment_market_value_base: "1000"
          total_value_base: "1995"
          cost_basis_base: "1005"
          book_basis_base: "2000"
          net_contribution_base: "2000"
          external_inflow_base: "0"
          external_outflow_base: "0"
          external_flow_source: NO_FLOW
          performance_eligible_value_base: "1995"
          value_status: complete
          basis_status: complete
        - date: 2025-01-06
          fx_rate_to_base: "1"
          cash_balance: "995"
          investment_market_value: "1000"
          total_value: "1995"
          cost_basis: "1005"
          book_basis: "2000"
          net_contribution: "2000"
          cash_balance_base: "995"
          investment_market_value_base: "1000"
          total_value_base: "1995"
          cost_basis_base: "1005"
          book_basis_base: "2000"
          net_contribution_base: "2000"
          external_inflow_base: "0"
          external_outflow_base: "0"
          external_flow_source: NO_FLOW
          performance_eligible_value_base: "1995"
          value_status: complete
          basis_status: complete
        - date: 2025-01-07
          fx_rate_to_base: "1"
          cash_balance: "995"
          investment_market_value: "1000"
          total_value: "1995"
          cost_basis: "1005"
          book_basis: "2000"
          net_contribution: "2000"
          cash_balance_base: "995"
          investment_market_value_base: "1000"
          total_value_base: "1995"
          cost_basis_base: "1005"
          book_basis_base: "2000"
          net_contribution_base: "2000"
          external_inflow_base: "0"
          external_outflow_base: "0"
          external_flow_source: NO_FLOW
          performance_eligible_value_base: "1995"
          value_status: complete
          basis_status: complete
        - date: 2025-01-08
          fx_rate_to_base: "1"
          cash_balance: "995"
          investment_market_value: "0"
          total_value: "995"
          cost_basis: "0"
          book_basis: "995"
          net_contribution: "995"
          cash_balance_base: "995"
          investment_market_value_base: "0"
          total_value_base: "995"
          cost_basis_base: "0"
          book_basis_base: "995"
          net_contribution_base: "995"
          external_inflow_base: "0"
          external_outflow_base: "1100"
          external_flow_source: QUOTE_DERIVED_MARKET_VALUE
          performance_eligible_value_base: "995"
          value_status: complete
          basis_status: notApplicable
        - date: 2025-01-09
          fx_rate_to_base: "1"
          cash_balance: "995"
          investment_market_value: "0"
          total_value: "995"
          cost_basis: "0"
          book_basis: "995"
          net_contribution: "995"
          cash_balance_base: "995"
          investment_market_value_base: "0"
          total_value_base: "995"
          cost_basis_base: "0"
          book_basis_base: "995"
          net_contribution_base: "995"
          external_inflow_base: "0"
          external_outflow_base: "0"
          external_flow_source: NO_FLOW
          performance_eligible_value_base: "995"
          value_status: complete
          basis_status: notApplicable
        - date: 2025-01-10
          fx_rate_to_base: "1"
          cash_balance: "995"
          investment_market_value: "0"
          total_value: "995"
          cost_basis: "0"
          book_basis: "995"
          net_contribution: "995"
          cash_balance_base: "995"
          investment_market_value_base: "0"
          total_value_base: "995"
          cost_basis_base: "0"
          book_basis_base: "995"
          net_contribution_base: "995"
          external_inflow_base: "0"
          external_outflow_base: "0"
          external_flow_source: NO_FLOW
          performance_eligible_value_base: "995"
          value_status: complete
          basis_status: notApplicable
        - date: 2025-01-11
          fx_rate_to_base: "1"
          cash_balance: "995"
          investment_market_value: "0"
          total_value: "995"
          cost_basis: "0"
          book_basis: "995"
          net_contribution: "995"
          cash_balance_base: "995"
          investment_market_value_base: "0"
          total_value_base: "995"
          cost_basis_base: "0"
          book_basis_base: "995"
          net_contribution_base: "995"
          external_inflow_base: "0"
          external_outflow_base: "0"
          external_flow_source: NO_FLOW
          performance_eligible_value_base: "995"
          value_status: complete
          basis_status: notApplicable
        - date: 2025-01-12
          fx_rate_to_base: "1"
          cash_balance: "995"
          investment_market_value: "0"
          total_value: "995"
          cost_basis: "0"
          book_basis: "995"
          net_contribution: "995"
          cash_balance_base: "995"
          investment_market_value_base: "0"
          total_value_base: "995"
          cost_basis_base: "0"
          book_basis_base: "995"
          net_contribution_base: "995"
          external_inflow_base: "0"
          external_outflow_base: "0"
          external_flow_source: NO_FLOW
          performance_eligible_value_base: "995"
          value_status: complete
          basis_status: notApplicable
      flows:
        - date: 2025-01-08
          inflow_base: "0"
          outflow_base: "1100"
          source: QUOTE_DERIVED_MARKET_VALUE
      performance:
        all_time:
          method: timeWeighted
          period_start: 2025-01-02
          period_end: 2025-01-12
          returns:
            twr: "0.0475"
            annualized_twr: ~
            irr: "0.0605964"
            annualized_irr: "7.57470393"
            value_return: "0.0475"
            annualized_value_return: ~
          attribution:
            contributions: "2000"
            distributions: "1100"
            income: "0"
            realized_pnl: "0"
            unrealized_pnl_change: "0"
            fx_effect: "0"
            fees: "5"
            taxes: "0"
            residual: "0"
          risk:
            volatility: "0.29764987"
            max_drawdown: "-0.0025"
            peak_date: 2025-01-02
            trough_date: 2025-01-03
            recovery_date: 2025-01-08
            drawdown_duration_days: 6
          summary:
            amount: "-5"
            percent: "0.0475"
            method: timeWeighted
            basis: marketValue
            quality: partial
            amount_status: complete
            percent_status: complete
            basis_status: notApplicable
          basis_status: notApplicable
          quality: partial
          is_holdings_mode: false
          is_mixed_tracking_mode: false
          series:
            - date: 2025-01-02
              value: "0"
            - date: 2025-01-03
              value: "-0.0025"
            - date: 2025-01-04
              value: "-0.0025"
            - date: 2025-01-05
              value: "-0.0025"
            - date: 2025-01-06
              value: "-0.0025"
            - date: 2025-01-07
              value: "-0.0025"
            - date: 2025-01-08
              value: "0.0475"
            - date: 2025-01-09
              value: "0.0475"
            - date: 2025-01-10
              value: "0.0475"
            - date: 2025-01-11
              value: "0.0475"
            - date: 2025-01-12
              value: "0.0475"
    acc-b:
      currency: USD
      tracking_mode: TRANSACTIONS
      keyframes:
        - date: 2025-01-02
          source: CALCULATED
          positions: {}
          cash:
            USD: "100"
          cost_basis: "0"
          net_contribution: "100"
          net_contribution_base: "100"
          cash_total_account_currency: "100"
          cash_total_base_currency: "100"
        - date: 2025-01-08
          source: CALCULATED
          positions:
            aapl:
              quantity: "10"
              average_cost: "100.5"
              total_cost_basis: "1005"
              currency: USD
              cost_basis_account: "1005"
              cost_basis_base: "1005"
              contract_multiplier: "1"
              is_alternative: false
          cash:
            USD: "100"
          cost_basis: "1005"
          net_contribution: "1105"
          net_contribution_base: "1105"
          cash_total_account_currency: "100"
          cash_total_base_currency: "100"
      lots:
        - id: in-1
          asset_id: aapl
          open_date: 2025-01-03
          open_activity_id: in-1
          original_quantity: "10"
          remaining_quantity: "10"
          cost_per_unit: "100"
          original_cost_basis: "1005"
          remaining_cost_basis: "1005"
          original_cost_basis_base: "1005"
          remaining_cost_basis_base: "1005"
          fee_allocated: "5"
          fee_allocated_base: "5"
          tax_allocated: "0"
          tax_allocated_base: "0"
          currency: USD
          base_currency: USD
          fx_rate_to_base: "1"
          fx_rate_to_account: "1"
          split_ratio: "1"
          is_closed: false
          close_date: ~
          close_activity_id: ~
      disposals: []
      valuations:
        - date: 2025-01-02
          fx_rate_to_base: "1"
          cash_balance: "100"
          investment_market_value: "0"
          total_value: "100"
          cost_basis: "0"
          book_basis: "100"
          net_contribution: "100"
          cash_balance_base: "100"
          investment_market_value_base: "0"
          total_value_base: "100"
          cost_basis_base: "0"
          book_basis_base: "100"
          net_contribution_base: "100"
          external_inflow_base: "0"
          external_outflow_base: "0"
          external_flow_source: NO_FLOW
          performance_eligible_value_base: "100"
          value_status: complete
          basis_status: notApplicable
        - date: 2025-01-03
          fx_rate_to_base: "1"
          cash_balance: "100"
          investment_market_value: "0"
          total_value: "100"
          cost_basis: "0"
          book_basis: "100"
          net_contribution: "100"
          cash_balance_base: "100"
          investment_market_value_base: "0"
          total_value_base: "100"
          cost_basis_base: "0"
          book_basis_base: "100"
          net_contribution_base: "100"
          external_inflow_base: "0"
          external_outflow_base: "0"
          external_flow_source: NO_FLOW
          performance_eligible_value_base: "100"
          value_status: complete
          basis_status: notApplicable
        - date: 2025-01-04
          fx_rate_to_base: "1"
          cash_balance: "100"
          investment_market_value: "0"
          total_value: "100"
          cost_basis: "0"
          book_basis: "100"
          net_contribution: "100"
          cash_balance_base: "100"
          investment_market_value_base: "0"
          total_value_base: "100"
          cost_basis_base: "0"
          book_basis_base: "100"
          net_contribution_base: "100"
          external_inflow_base: "0"
          external_outflow_base: "0"
          external_flow_source: NO_FLOW
          performance_eligible_value_base: "100"
          value_status: complete
          basis_status: notApplicable
        - date: 2025-01-05
          fx_rate_to_base: "1"
          cash_balance: "100"
          investment_market_value: "0"
          total_value: "100"
          cost_basis: "0"
          book_basis: "100"
          net_contribution: "100"
          cash_balance_base: "100"
          investment_market_value_base: "0"
          total_value_base: "100"
          cost_basis_base: "0"
          book_basis_base: "100"
          net_contribution_base: "100"
          external_inflow_base: "0"
          external_outflow_base: "0"
          external_flow_source: NO_FLOW
          performance_eligible_value_base: "100"
          value_status: complete
          basis_status: notApplicable
        - date: 2025-01-06
          fx_rate_to_base: "1"
          cash_balance: "100"
          investment_market_value: "0"
          total_value: "100"
          cost_basis: "0"
          book_basis: "100"
          net_contribution: "100"
          cash_balance_base: "100"
          investment_market_value_base: "0"
          total_value_base: "100"
          cost_basis_base: "0"
          book_basis_base: "100"
          net_contribution_base: "100"
          external_inflow_base: "0"
          external_outflow_base: "0"
          external_flow_source: NO_FLOW
          performance_eligible_value_base: "100"
          value_status: complete
          basis_status: notApplicable
        - date: 2025-01-07
          fx_rate_to_base: "1"
          cash_balance: "100"
          investment_market_value: "0"
          total_value: "100"
          cost_basis: "0"
          book_basis: "100"
          net_contribution: "100"
          cash_balance_base: "100"
          investment_market_value_base: "0"
          total_value_base: "100"
          cost_basis_base: "0"
          book_basis_base: "100"
          net_contribution_base: "100"
          external_inflow_base: "0"
          external_outflow_base: "0"
          external_flow_source: NO_FLOW
          performance_eligible_value_base: "100"
          value_status: complete
          basis_status: notApplicable
        - date: 2025-01-08
          fx_rate_to_base: "1"
          cash_balance: "100"
          investment_market_value: "1100"
          total_value: "1200"
          cost_basis: "1005"
          book_basis: "1105"
          net_contribution: "1105"
          cash_balance_base: "100"
          investment_market_value_base: "1100"
          total_value_base: "1200"
          cost_basis_base: "1005"
          book_basis_base: "1105"
          net_contribution_base: "1105"
          external_inflow_base: "1100"
          external_outflow_base: "0"
          external_flow_source: QUOTE_DERIVED_MARKET_VALUE
          performance_eligible_value_base: "1200"
          value_status: complete
          basis_status: complete
        - date: 2025-01-09
          fx_rate_to_base: "1"
          cash_balance: "100"
          investment_market_value: "1100"
          total_value: "1200"
          cost_basis: "1005"
          book_basis: "1105"
          net_contribution: "1105"
          cash_balance_base: "100"
          investment_market_value_base: "1100"
          total_value_base: "1200"
          cost_basis_base: "1005"
          book_basis_base: "1105"
          net_contribution_base: "1105"
          external_inflow_base: "0"
          external_outflow_base: "0"
          external_flow_source: NO_FLOW
          performance_eligible_value_base: "1200"
          value_status: complete
          basis_status: complete
        - date: 2025-01-10
          fx_rate_to_base: "1"
          cash_balance: "100"
          investment_market_value: "1100"
          total_value: "1200"
          cost_basis: "1005"
          book_basis: "1105"
          net_contribution: "1105"
          cash_balance_base: "100"
          investment_market_value_base: "1100"
          total_value_base: "1200"
          cost_basis_base: "1005"
          book_basis_base: "1105"
          net_contribution_base: "1105"
          external_inflow_base: "0"
          external_outflow_base: "0"
          external_flow_source: NO_FLOW
          performance_eligible_value_base: "1200"
          value_status: complete
          basis_status: complete
        - date: 2025-01-11
          fx_rate_to_base: "1"
          cash_balance: "100"
          investment_market_value: "1100"
          total_value: "1200"
          cost_basis: "1005"
          book_basis: "1105"
          net_contribution: "1105"
          cash_balance_base: "100"
          investment_market_value_base: "1100"
          total_value_base: "1200"
          cost_basis_base: "1005"
          book_basis_base: "1105"
          net_contribution_base: "1105"
          external_inflow_base: "0"
          external_outflow_base: "0"
          external_flow_source: NO_FLOW
          performance_eligible_value_base: "1200"
          value_status: complete
          basis_status: complete
        - date: 2025-01-12
          fx_rate_to_base: "1"
          cash_balance: "100"
          investment_market_value: "1150"
          total_value: "1250"
          cost_basis: "1005"
          book_basis: "1105"
          net_contribution: "1105"
          cash_balance_base: "100"
          investment_market_value_base: "1150"
          total_value_base: "1250"
          cost_basis_base: "1005"
          book_basis_base: "1105"
          net_contribution_base: "1105"
          external_inflow_base: "0"
          external_outflow_base: "0"
          external_flow_source: NO_FLOW
          performance_eligible_value_base: "1250"
          value_status: complete
          basis_status: complete
      flows:
        - date: 2025-01-08
          inflow_base: "1100"
          outflow_base: "0"
          source: QUOTE_DERIVED_MARKET_VALUE
      performance:
        all_time:
          method: timeWeighted
          period_start: 2025-01-02
          period_end: 2025-01-12
          returns:
            twr: "0.04166667"
            annualized_twr: ~
            irr: "0.09467957"
            annualized_irr: "26.22439336"
            value_return: "0.5"
            annualized_value_return: ~
          attribution:
            contributions: "1200"
            distributions: "0"
            income: "0"
            realized_pnl: "0"
            unrealized_pnl_change: "145"
            fx_effect: "0"
            fees: "0"
            taxes: "0"
            residual: "0"
          risk:
            volatility: "0.24671147"
            max_drawdown: "0"
            peak_date: 2025-01-02
            trough_date: 2025-01-03
            recovery_date: ~
            drawdown_duration_days: 1
          summary:
            amount: "145"
            percent: "0.04166667"
            method: timeWeighted
            basis: marketValue
            quality: partial
            amount_status: complete
            percent_status: complete
            basis_status: notApplicable
          basis_status: notApplicable
          quality: partial
          is_holdings_mode: false
          is_mixed_tracking_mode: false
          series:
            - date: 2025-01-02
              value: "0"
            - date: 2025-01-03
              value: "0"
            - date: 2025-01-04
              value: "0"
            - date: 2025-01-05
              value: "0"
            - date: 2025-01-06
              value: "0"
            - date: 2025-01-07
              value: "0"
            - date: 2025-01-08
              value: "0"
            - date: 2025-01-09
              value: "0"
            - date: 2025-01-10
              value: "0"
            - date: 2025-01-11
              value: "0"
            - date: 2025-01-12
              value: "0.04166667"
  portfolio:
    all_time:
      method: timeWeighted
      period_start: 2025-01-02
      period_end: 2025-01-12
      returns:
        twr: "0.06904762"
        annualized_twr: ~
        irr: "0.06904762"
        annualized_irr: "10.45822307"
        value_return: "0.06904762"
        annualized_value_return: ~
      attribution:
        contributions: "2100"
        distributions: "0"
        income: "0"
        realized_pnl: "0"
        unrealized_pnl_change: "145"
        fx_effect: "0"
        fees: "5"
        taxes: "0"
        residual: "0"
      risk:
        volatility: "0.30160199"
        max_drawdown: "-0.00238095"
        peak_date: 2025-01-02
        trough_date: 2025-01-03
        recovery_date: 2025-01-08
        drawdown_duration_days: 6
      summary:
        amount: "140"
        percent: "0.06904762"
        method: timeWeighted
        basis: marketValue
        quality: partial
        amount_status: complete
        percent_status: complete
        basis_status: notApplicable
      basis_status: notApplicable
      quality: partial
      is_holdings_mode: false
      is_mixed_tracking_mode: false
      series:
        - date: 2025-01-02
          value: "0"
        - date: 2025-01-03
          value: "-0.00238095"
        - date: 2025-01-04
          value: "-0.00238095"
        - date: 2025-01-05
          value: "-0.00238095"
        - date: 2025-01-06
          value: "-0.00238095"
        - date: 2025-01-07
          value: "-0.00238095"
        - date: 2025-01-08
          value: "0.0452381"
        - date: 2025-01-09
          value: "0.0452381"
        - date: 2025-01-10
          value: "0.0452381"
        - date: 2025-01-11
          value: "0.0452381"
        - date: 2025-01-12
          value: "0.06904762"
  portfolio_flows:
    - date: 2025-01-08
      inflow_base: "0"
      outflow_base: "0"
      source: MIXED
  diagnostics:
    - "account/acc-a/all_time: warning: Performance attribution is incomplete for this period. Difference: 100; tolerance: 1.990. Review Health Center for possible data issues."
    - "account/acc-a/all_time: summary: Performance attribution is incomplete for this period. Difference: 100; tolerance: 1.990. Review Health Center for possible data issues."
    - "account/acc-b/all_time: warning: Performance attribution is incomplete for this period. Difference: -95; tolerance: 2.500. Review Health Center for possible data issues."
    - "account/acc-b/all_time: summary: Performance attribution is incomplete for this period. Difference: -95; tolerance: 2.500. Review Health Center for possible data issues."
    - "portfolio/all_time: warning: External cash flow provenance is incomplete for part of this period; return and attribution results may include degraded flow data."
    - "portfolio/all_time: warning: Performance attribution is incomplete for this period. Difference: 5; tolerance: 4.490. Review Health Center for possible data issues."
    - "portfolio/all_time: summary: External cash flow provenance is incomplete for part of this period; return and attribution results may include degraded flow data."
    - "portfolio/all_time: summary: Performance attribution is incomplete for this period. Difference: 5; tolerance: 4.490. Review Health Center for possible data issues."
steps: []
