---
source: crates/core/src/test_support/legacy_goldens.rs
---
scenario: NOM-MIX-01
as_of: 2025-01-12
base_currency: USD
baseline:
  accounts:
    acc-a:
      currency: USD
      tracking_mode: TRANSACTIONS
      keyframes:
        - date: 2025-01-02
          source: CALCULATED
          positions: {}
          cash:
            USD: "2000"
          cost_basis: "0"
          net_contribution: "2000"
          net_contribution_base: "2000"
          cash_total_account_currency: "2000"
          cash_total_base_currency: "2000"
        - date: 2025-01-03
          source: CALCULATED
          positions:
            aapl:
              quantity: "5"
              average_cost: "100"
              total_cost_basis: "500"
              currency: USD
              cost_basis_account: "500"
              cost_basis_base: "500"
              contract_multiplier: "1"
              is_alternative: false
          cash:
            USD: "1500"
          cost_basis: "500"
          net_contribution: "2000"
          net_contribution_base: "2000"
          cash_total_account_currency: "1500"
          cash_total_base_currency: "1500"
        - date: 2025-01-06
          source: CALCULATED
          positions:
            aapl:
              quantity: "5"
              average_cost: "100"
              total_cost_basis: "500"
              currency: USD
              cost_basis_account: "500"
              cost_basis_base: "500"
              contract_multiplier: "1"
              is_alternative: false
          cash:
            USD: "1100"
          cost_basis: "500"
          net_contribution: "1600"
          net_contribution_base: "1600"
          cash_total_account_currency: "1100"
          cash_total_base_currency: "1100"
      lots:
        - id: buy-1
          asset_id: aapl
          open_date: 2025-01-03
          open_activity_id: buy-1
          original_quantity: "5"
          remaining_quantity: "5"
          cost_per_unit: "100"
          original_cost_basis: "500"
          remaining_cost_basis: "500"
          original_cost_basis_base: "500"
          remaining_cost_basis_base: "500"
          fee_allocated: "0"
          fee_allocated_base: "0"
          tax_allocated: "0"
          tax_allocated_base: "0"
          currency: USD
          base_currency: USD
          fx_rate_to_base: "1"
          fx_rate_to_account: "1"
          split_ratio: "1"
          is_closed: false
          close_date: ~
          close_activity_id: ~
      disposals: []
      valuations:
        - date: 2025-01-02
          fx_rate_to_base: "1"
          cash_balance: "2000"
          investment_market_value: "0"
          total_value: "2000"
          cost_basis: "0"
          book_basis: "2000"
          net_contribution: "2000"
          cash_balance_base: "2000"
          investment_market_value_base: "0"
          total_value_base: "2000"
          cost_basis_base: "0"
          book_basis_base: "2000"
          net_contribution_base: "2000"
          external_inflow_base: "0"
          external_outflow_base: "0"
          external_flow_source: NO_FLOW
          performance_eligible_value_base: "2000"
          value_status: complete
          basis_status: notApplicable
        - date: 2025-01-03
          fx_rate_to_base: "1"
          cash_balance: "1500"
          investment_market_value: "500"
          total_value: "2000"
          cost_basis: "500"
          book_basis: "2000"
          net_contribution: "2000"
          cash_balance_base: "1500"
          investment_market_value_base: "500"
          total_value_base: "2000"
          cost_basis_base: "500"
          book_basis_base: "2000"
          net_contribution_base: "2000"
          external_inflow_base: "0"
          external_outflow_base: "0"
          external_flow_source: NO_FLOW
          performance_eligible_value_base: "2000"
          value_status: complete
          basis_status: complete
        - date: 2025-01-04
          fx_rate_to_base: "1"
          cash_balance: "1500"
          investment_market_value: "500"
          total_value: "2000"
          cost_basis: "500"
          book_basis: "2000"
          net_contribution: "2000"
          cash_balance_base: "1500"
          investment_market_value_base: "500"
          total_value_base: "2000"
          cost_basis_base: "500"
          book_basis_base: "2000"
          net_contribution_base: "2000"
          external_inflow_base: "0"
          external_outflow_base: "0"
          external_flow_source: NO_FLOW
          performance_eligible_value_base: "2000"
          value_status: complete
          basis_status: complete
        - date: 2025-01-05
          fx_rate_to_base: "1"
          cash_balance: "1500"
          investment_market_value: "500"
          total_value: "2000"
          cost_basis: "500"
          book_basis: "2000"
          net_contribution: "2000"
          cash_balance_base: "1500"
          investment_market_value_base: "500"
          total_value_base: "2000"
          cost_basis_base: "500"
          book_basis_base: "2000"
          net_contribution_base: "2000"
          external_inflow_base: "0"
          external_outflow_base: "0"
          external_flow_source: NO_FLOW
          performance_eligible_value_base: "2000"
          value_status: complete
          basis_status: complete
        - date: 2025-01-06
          fx_rate_to_base: "1"
          cash_balance: "1100"
          investment_market_value: "520"
          total_value: "1620"
          cost_basis: "500"
          book_basis: "1600"
          net_contribution: "1600"
          cash_balance_base: "1100"
          investment_market_value_base: "520"
          total_value_base: "1620"
          cost_basis_base: "500"
          book_basis_base: "1600"
          net_contribution_base: "1600"
          external_inflow_base: "0"
          external_outflow_base: "400"
          external_flow_source: CASH_AMOUNT
          performance_eligible_value_base: "1620"
          value_status: complete
          basis_status: complete
        - date: 2025-01-07
          fx_rate_to_base: "1"
          cash_balance: "1100"
          investment_market_value: "520"
          total_value: "1620"
          cost_basis: "500"
          book_basis: "1600"
          net_contribution: "1600"
          cash_balance_base: "1100"
          investment_market_value_base: "520"
          total_value_base: "1620"
          cost_basis_base: "500"
          book_basis_base: "1600"
          net_contribution_base: "1600"
          external_inflow_base: "0"
          external_outflow_base: "0"
          external_flow_source: NO_FLOW
          performance_eligible_value_base: "1620"
          value_status: complete
          basis_status: complete
        - date: 2025-01-08
          fx_rate_to_base: "1"
          cash_balance: "1100"
          investment_market_value: "520"
          total_value: "1620"
          cost_basis: "500"
          book_basis: "1600"
          net_contribution: "1600"
          cash_balance_base: "1100"
          investment_market_value_base: "520"
          total_value_base: "1620"
          cost_basis_base: "500"
          book_basis_base: "1600"
          net_contribution_base: "1600"
          external_inflow_base: "0"
          external_outflow_base: "0"
          external_flow_source: NO_FLOW
          performance_eligible_value_base: "1620"
          value_status: complete
          basis_status: complete
        - date: 2025-01-09
          fx_rate_to_base: "1"
          cash_balance: "1100"
          investment_market_value: "540"
          total_value: "1640"
          cost_basis: "500"
          book_basis: "1600"
          net_contribution: "1600"
          cash_balance_base: "1100"
          investment_market_value_base: "540"
          total_value_base: "1640"
          cost_basis_base: "500"
          book_basis_base: "1600"
          net_contribution_base: "1600"
          external_inflow_base: "0"
          external_outflow_base: "0"
          external_flow_source: NO_FLOW
          performance_eligible_value_base: "1640"
          value_status: complete
          basis_status: complete
        - date: 2025-01-10
          fx_rate_to_base: "1"
          cash_balance: "1100"
          investment_market_value: "540"
          total_value: "1640"
          cost_basis: "500"
          book_basis: "1600"
          net_contribution: "1600"
          cash_balance_base: "1100"
          investment_market_value_base: "540"
          total_value_base: "1640"
          cost_basis_base: "500"
          book_basis_base: "1600"
          net_contribution_base: "1600"
          external_inflow_base: "0"
          external_outflow_base: "0"
          external_flow_source: NO_FLOW
          performance_eligible_value_base: "1640"
          value_status: complete
          basis_status: complete
        - date: 2025-01-11
          fx_rate_to_base: "1"
          cash_balance: "1100"
          investment_market_value: "540"
          total_value: "1640"
          cost_basis: "500"
          book_basis: "1600"
          net_contribution: "1600"
          cash_balance_base: "1100"
          investment_market_value_base: "540"
          total_value_base: "1640"
          cost_basis_base: "500"
          book_basis_base: "1600"
          net_contribution_base: "1600"
          external_inflow_base: "0"
          external_outflow_base: "0"
          external_flow_source: NO_FLOW
          performance_eligible_value_base: "1640"
          value_status: complete
          basis_status: complete
        - date: 2025-01-12
          fx_rate_to_base: "1"
          cash_balance: "1100"
          investment_market_value: "550"
          total_value: "1650"
          cost_basis: "500"
          book_basis: "1600"
          net_contribution: "1600"
          cash_balance_base: "1100"
          investment_market_value_base: "550"
          total_value_base: "1650"
          cost_basis_base: "500"
          book_basis_base: "1600"
          net_contribution_base: "1600"
          external_inflow_base: "0"
          external_outflow_base: "0"
          external_flow_source: NO_FLOW
          performance_eligible_value_base: "1650"
          value_status: complete
          basis_status: complete
      flows:
        - date: 2025-01-06
          inflow_base: "0"
          outflow_base: "400"
          source: CASH_AMOUNT
      performance:
        all_time:
          method: timeWeighted
          period_start: 2025-01-02
          period_end: 2025-01-12
          returns:
            twr: "0.0287037"
            annualized_twr: ~
            irr: "0.0283874"
            annualized_irr: "1.77987441"
            value_return: "0.025"
            annualized_value_return: ~
          attribution:
            contributions: "2000"
            distributions: "400"
            income: "0"
            realized_pnl: "0"
            unrealized_pnl_change: "50"
            fx_effect: "0"
            fees: "0"
            taxes: "0"
            residual: "0"
          risk:
            volatility: "0.09153"
            max_drawdown: "0"
            peak_date: 2025-01-02
            trough_date: 2025-01-03
            recovery_date: ~
            drawdown_duration_days: 1
          summary:
            amount: "50"
            percent: "0.0287037"
            method: timeWeighted
            basis: marketValue
            quality: ok
            amount_status: complete
            percent_status: complete
            basis_status: notApplicable
          basis_status: notApplicable
          quality: ok
          is_holdings_mode: false
          is_mixed_tracking_mode: false
          series:
            - date: 2025-01-02
              value: "0"
            - date: 2025-01-03
              value: "0"
            - date: 2025-01-04
              value: "0"
            - date: 2025-01-05
              value: "0"
            - date: 2025-01-06
              value: "0.01"
            - date: 2025-01-07
              value: "0.01"
            - date: 2025-01-08
              value: "0.01"
            - date: 2025-01-09
              value: "0.02246914"
            - date: 2025-01-10
              value: "0.02246914"
            - date: 2025-01-11
              value: "0.02246914"
            - date: 2025-01-12
              value: "0.0287037"
    acc-b:
      currency: USD
      tracking_mode: TRANSACTIONS
      keyframes:
        - date: 2025-01-02
          source: CALCULATED
          positions: {}
          cash:
            USD: "500"
          cost_basis: "0"
          net_contribution: "500"
          net_contribution_base: "500"
          cash_total_account_currency: "500"
          cash_total_base_currency: "500"
        - date: 2025-01-06
          source: CALCULATED
          positions: {}
          cash:
            USD: "900"
          cost_basis: "0"
          net_contribution: "900"
          net_contribution_base: "900"
          cash_total_account_currency: "900"
          cash_total_base_currency: "900"
      lots: []
      disposals: []
      valuations:
        - date: 2025-01-02
          fx_rate_to_base: "1"
          cash_balance: "500"
          investment_market_value: "0"
          total_value: "500"
          cost_basis: "0"
          book_basis: "500"
          net_contribution: "500"
          cash_balance_base: "500"
          investment_market_value_base: "0"
          total_value_base: "500"
          cost_basis_base: "0"
          book_basis_base: "500"
          net_contribution_base: "500"
          external_inflow_base: "0"
          external_outflow_base: "0"
          external_flow_source: NO_FLOW
          performance_eligible_value_base: "500"
          value_status: complete
          basis_status: notApplicable
        - date: 2025-01-03
          fx_rate_to_base: "1"
          cash_balance: "500"
          investment_market_value: "0"
          total_value: "500"
          cost_basis: "0"
          book_basis: "500"
          net_contribution: "500"
          cash_balance_base: "500"
          investment_market_value_base: "0"
          total_value_base: "500"
          cost_basis_base: "0"
          book_basis_base: "500"
          net_contribution_base: "500"
          external_inflow_base: "0"
          external_outflow_base: "0"
          external_flow_source: NO_FLOW
          performance_eligible_value_base: "500"
          value_status: complete
          basis_status: notApplicable
        - date: 2025-01-04
          fx_rate_to_base: "1"
          cash_balance: "500"
          investment_market_value: "0"
          total_value: "500"
          cost_basis: "0"
          book_basis: "500"
          net_contribution: "500"
          cash_balance_base: "500"
          investment_market_value_base: "0"
          total_value_base: "500"
          cost_basis_base: "0"
          book_basis_base: "500"
          net_contribution_base: "500"
          external_inflow_base: "0"
          external_outflow_base: "0"
          external_flow_source: NO_FLOW
          performance_eligible_value_base: "500"
          value_status: complete
          basis_status: notApplicable
        - date: 2025-01-05
          fx_rate_to_base: "1"
          cash_balance: "500"
          investment_market_value: "0"
          total_value: "500"
          cost_basis: "0"
          book_basis: "500"
          net_contribution: "500"
          cash_balance_base: "500"
          investment_market_value_base: "0"
          total_value_base: "500"
          cost_basis_base: "0"
          book_basis_base: "500"
          net_contribution_base: "500"
          external_inflow_base: "0"
          external_outflow_base: "0"
          external_flow_source: NO_FLOW
          performance_eligible_value_base: "500"
          value_status: complete
          basis_status: notApplicable
        - date: 2025-01-06
          fx_rate_to_base: "1"
          cash_balance: "900"
          investment_market_value: "0"
          total_value: "900"
          cost_basis: "0"
          book_basis: "900"
          net_contribution: "900"
          cash_balance_base: "900"
          investment_market_value_base: "0"
          total_value_base: "900"
          cost_basis_base: "0"
          book_basis_base: "900"
          net_contribution_base: "900"
          external_inflow_base: "400"
          external_outflow_base: "0"
          external_flow_source: CASH_AMOUNT
          performance_eligible_value_base: "900"
          value_status: complete
          basis_status: notApplicable
        - date: 2025-01-07
          fx_rate_to_base: "1"
          cash_balance: "900"
          investment_market_value: "0"
          total_value: "900"
          cost_basis: "0"
          book_basis: "900"
          net_contribution: "900"
          cash_balance_base: "900"
          investment_market_value_base: "0"
          total_value_base: "900"
          cost_basis_base: "0"
          book_basis_base: "900"
          net_contribution_base: "900"
          external_inflow_base: "0"
          external_outflow_base: "0"
          external_flow_source: NO_FLOW
          performance_eligible_value_base: "900"
          value_status: complete
          basis_status: notApplicable
        - date: 2025-01-08
          fx_rate_to_base: "1"
          cash_balance: "900"
          investment_market_value: "0"
          total_value: "900"
          cost_basis: "0"
          book_basis: "900"
          net_contribution: "900"
          cash_balance_base: "900"
          investment_market_value_base: "0"
          total_value_base: "900"
          cost_basis_base: "0"
          book_basis_base: "900"
          net_contribution_base: "900"
          external_inflow_base: "0"
          external_outflow_base: "0"
          external_flow_source: NO_FLOW
          performance_eligible_value_base: "900"
          value_status: complete
          basis_status: notApplicable
        - date: 2025-01-09
          fx_rate_to_base: "1"
          cash_balance: "900"
          investment_market_value: "0"
          total_value: "900"
          cost_basis: "0"
          book_basis: "900"
          net_contribution: "900"
          cash_balance_base: "900"
          investment_market_value_base: "0"
          total_value_base: "900"
          cost_basis_base: "0"
          book_basis_base: "900"
          net_contribution_base: "900"
          external_inflow_base: "0"
          external_outflow_base: "0"
          external_flow_source: NO_FLOW
          performance_eligible_value_base: "900"
          value_status: complete
          basis_status: notApplicable
        - date: 2025-01-10
          fx_rate_to_base: "1"
          cash_balance: "900"
          investment_market_value: "0"
          total_value: "900"
          cost_basis: "0"
          book_basis: "900"
          net_contribution: "900"
          cash_balance_base: "900"
          investment_market_value_base: "0"
          total_value_base: "900"
          cost_basis_base: "0"
          book_basis_base: "900"
          net_contribution_base: "900"
          external_inflow_base: "0"
          external_outflow_base: "0"
          external_flow_source: NO_FLOW
          performance_eligible_value_base: "900"
          value_status: complete
          basis_status: notApplicable
        - date: 2025-01-11
          fx_rate_to_base: "1"
          cash_balance: "900"
          investment_market_value: "0"
          total_value: "900"
          cost_basis: "0"
          book_basis: "900"
          net_contribution: "900"
          cash_balance_base: "900"
          investment_market_value_base: "0"
          total_value_base: "900"
          cost_basis_base: "0"
          book_basis_base: "900"
          net_contribution_base: "900"
          external_inflow_base: "0"
          external_outflow_base: "0"
          external_flow_source: NO_FLOW
          performance_eligible_value_base: "900"
          value_status: complete
          basis_status: notApplicable
        - date: 2025-01-12
          fx_rate_to_base: "1"
          cash_balance: "900"
          investment_market_value: "0"
          total_value: "900"
          cost_basis: "0"
          book_basis: "900"
          net_contribution: "900"
          cash_balance_base: "900"
          investment_market_value_base: "0"
          total_value_base: "900"
          cost_basis_base: "0"
          book_basis_base: "900"
          net_contribution_base: "900"
          external_inflow_base: "0"
          external_outflow_base: "0"
          external_flow_source: NO_FLOW
          performance_eligible_value_base: "900"
          value_status: complete
          basis_status: notApplicable
      flows:
        - date: 2025-01-06
          inflow_base: "400"
          outflow_base: "0"
          source: CASH_AMOUNT
      performance:
        all_time:
          method: timeWeighted
          period_start: 2025-01-02
          period_end: 2025-01-12
          returns:
            twr: "0"
            annualized_twr: ~
            irr: "0"
            annualized_irr: "0"
            value_return: "0"
            annualized_value_return: ~
          attribution:
            contributions: "900"
            distributions: "0"
            income: "0"
            realized_pnl: "0"
            unrealized_pnl_change: "0"
            fx_effect: "0"
            fees: "0"
            taxes: "0"
            residual: "0"
          risk:
            volatility: "0"
            max_drawdown: "0"
            peak_date: 2025-01-02
            trough_date: 2025-01-03
            recovery_date: ~
            drawdown_duration_days: 1
          summary:
            amount: "0"
            percent: "0"
            method: timeWeighted
            basis: marketValue
            quality: ok
            amount_status: complete
            percent_status: complete
            basis_status: notApplicable
          basis_status: notApplicable
          quality: ok
          is_holdings_mode: false
          is_mixed_tracking_mode: false
          series:
            - date: 2025-01-02
              value: "0"
            - date: 2025-01-03
              value: "0"
            - date: 2025-01-04
              value: "0"
            - date: 2025-01-05
              value: "0"
            - date: 2025-01-06
              value: "0"
            - date: 2025-01-07
              value: "0"
            - date: 2025-01-08
              value: "0"
            - date: 2025-01-09
              value: "0"
            - date: 2025-01-10
              value: "0"
            - date: 2025-01-11
              value: "0"
            - date: 2025-01-12
              value: "0"
    acc-h:
      currency: USD
      tracking_mode: HOLDINGS
      keyframes:
        - date: 2025-01-02
          source: MANUAL_ENTRY
          positions:
            aapl:
              quantity: "10"
              average_cost: "90"
              total_cost_basis: "900"
              currency: USD
              cost_basis_account: ~
              cost_basis_base: ~
              contract_multiplier: "1"
              is_alternative: false
          cash:
            USD: "100"
          cost_basis: "900"
          net_contribution: "0"
          net_contribution_base: "0"
          cash_total_account_currency: "100"
          cash_total_base_currency: "0"
        - date: 2025-01-09
          source: MANUAL_ENTRY
          positions:
            aapl:
              quantity: "10"
              average_cost: "90"
              total_cost_basis: "900"
              currency: USD
              cost_basis_account: ~
              cost_basis_base: ~
              contract_multiplier: "1"
              is_alternative: false
          cash:
            USD: "300"
          cost_basis: "900"
          net_contribution: "0"
          net_contribution_base: "0"
          cash_total_account_currency: "300"
          cash_total_base_currency: "0"
      lots: []
      disposals: []
      valuations:
        - date: 2025-01-02
          fx_rate_to_base: "1"
          cash_balance: "100"
          investment_market_value: "1000"
          total_value: "1100"
          cost_basis: "900"
          book_basis: "1000"
          net_contribution: "0"
          cash_balance_base: "100"
          investment_market_value_base: "1000"
          total_value_base: "1100"
          cost_basis_base: "900"
          book_basis_base: "1000"
          net_contribution_base: "0"
          external_inflow_base: "0"
          external_outflow_base: "0"
          external_flow_source: NO_FLOW
          performance_eligible_value_base: "1100"
          value_status: complete
          basis_status: complete
        - date: 2025-01-03
          fx_rate_to_base: "1"
          cash_balance: "100"
          investment_market_value: "1000"
          total_value: "1100"
          cost_basis: "900"
          book_basis: "1000"
          net_contribution: "0"
          cash_balance_base: "100"
          investment_market_value_base: "1000"
          total_value_base: "1100"
          cost_basis_base: "900"
          book_basis_base: "1000"
          net_contribution_base: "0"
          external_inflow_base: "0"
          external_outflow_base: "0"
          external_flow_source: NO_FLOW
          performance_eligible_value_base: "1100"
          value_status: complete
          basis_status: complete
        - date: 2025-01-04
          fx_rate_to_base: "1"
          cash_balance: "100"
          investment_market_value: "1000"
          total_value: "1100"
          cost_basis: "900"
          book_basis: "1000"
          net_contribution: "0"
          cash_balance_base: "100"
          investment_market_value_base: "1000"
          total_value_base: "1100"
          cost_basis_base: "900"
          book_basis_base: "1000"
          net_contribution_base: "0"
          external_inflow_base: "0"
          external_outflow_base: "0"
          external_flow_source: NO_FLOW
          performance_eligible_value_base: "1100"
          value_status: complete
          basis_status: complete
        - date: 2025-01-05
          fx_rate_to_base: "1"
          cash_balance: "100"
          investment_market_value: "1000"
          total_value: "1100"
          cost_basis: "900"
          book_basis: "1000"
          net_contribution: "0"
          cash_balance_base: "100"
          investment_market_value_base: "1000"
          total_value_base: "1100"
          cost_basis_base: "900"
          book_basis_base: "1000"
          net_contribution_base: "0"
          external_inflow_base: "0"
          external_outflow_base: "0"
          external_flow_source: NO_FLOW
          performance_eligible_value_base: "1100"
          value_status: complete
          basis_status: complete
        - date: 2025-01-06
          fx_rate_to_base: "1"
          cash_balance: "100"
          investment_market_value: "1040"
          total_value: "1140"
          cost_basis: "900"
          book_basis: "1000"
          net_contribution: "0"
          cash_balance_base: "100"
          investment_market_value_base: "1040"
          total_value_base: "1140"
          cost_basis_base: "900"
          book_basis_base: "1000"
          net_contribution_base: "0"
          external_inflow_base: "0"
          external_outflow_base: "0"
          external_flow_source: NO_FLOW
          performance_eligible_value_base: "1140"
          value_status: complete
          basis_status: complete
        - date: 2025-01-07
          fx_rate_to_base: "1"
          cash_balance: "100"
          investment_market_value: "1040"
          total_value: "1140"
          cost_basis: "900"
          book_basis: "1000"
          net_contribution: "0"
          cash_balance_base: "100"
          investment_market_value_base: "1040"
          total_value_base: "1140"
          cost_basis_base: "900"
          book_basis_base: "1000"
          net_contribution_base: "0"
          external_inflow_base: "0"
          external_outflow_base: "0"
          external_flow_source: NO_FLOW
          performance_eligible_value_base: "1140"
          value_status: complete
          basis_status: complete
        - date: 2025-01-08
          fx_rate_to_base: "1"
          cash_balance: "100"
          investment_market_value: "1040"
          total_value: "1140"
          cost_basis: "900"
          book_basis: "1000"
          net_contribution: "0"
          cash_balance_base: "100"
          investment_market_value_base: "1040"
          total_value_base: "1140"
          cost_basis_base: "900"
          book_basis_base: "1000"
          net_contribution_base: "0"
          external_inflow_base: "0"
          external_outflow_base: "0"
          external_flow_source: NO_FLOW
          performance_eligible_value_base: "1140"
          value_status: complete
          basis_status: complete
        - date: 2025-01-09
          fx_rate_to_base: "1"
          cash_balance: "300"
          investment_market_value: "1080"
          total_value: "1380"
          cost_basis: "900"
          book_basis: "1200"
          net_contribution: "0"
          cash_balance_base: "300"
          investment_market_value_base: "1080"
          total_value_base: "1380"
          cost_basis_base: "900"
          book_basis_base: "1200"
          net_contribution_base: "0"
          external_inflow_base: "200"
          external_outflow_base: "0"
          external_flow_source: QUOTE_DERIVED_MARKET_VALUE
          performance_eligible_value_base: "1380"
          value_status: complete
          basis_status: complete
        - date: 2025-01-10
          fx_rate_to_base: "1"
          cash_balance: "300"
          investment_market_value: "1080"
          total_value: "1380"
          cost_basis: "900"
          book_basis: "1200"
          net_contribution: "0"
          cash_balance_base: "300"
          investment_market_value_base: "1080"
          total_value_base: "1380"
          cost_basis_base: "900"
          book_basis_base: "1200"
          net_contribution_base: "0"
          external_inflow_base: "0"
          external_outflow_base: "0"
          external_flow_source: NO_FLOW
          performance_eligible_value_base: "1380"
          value_status: complete
          basis_status: complete
        - date: 2025-01-11
          fx_rate_to_base: "1"
          cash_balance: "300"
          investment_market_value: "1080"
          total_value: "1380"
          cost_basis: "900"
          book_basis: "1200"
          net_contribution: "0"
          cash_balance_base: "300"
          investment_market_value_base: "1080"
          total_value_base: "1380"
          cost_basis_base: "900"
          book_basis_base: "1200"
          net_contribution_base: "0"
          external_inflow_base: "0"
          external_outflow_base: "0"
          external_flow_source: NO_FLOW
          performance_eligible_value_base: "1380"
          value_status: complete
          basis_status: complete
        - date: 2025-01-12
          fx_rate_to_base: "1"
          cash_balance: "300"
          investment_market_value: "1100"
          total_value: "1400"
          cost_basis: "900"
          book_basis: "1200"
          net_contribution: "0"
          cash_balance_base: "300"
          investment_market_value_base: "1100"
          total_value_base: "1400"
          cost_basis_base: "900"
          book_basis_base: "1200"
          net_contribution_base: "0"
          external_inflow_base: "0"
          external_outflow_base: "0"
          external_flow_source: NO_FLOW
          performance_eligible_value_base: "1400"
          value_status: complete
          basis_status: complete
      flows:
        - date: 2025-01-09
          inflow_base: "200"
          outflow_base: "0"
          source: QUOTE_DERIVED_MARKET_VALUE
      performance:
        all_time:
          method: valueReturn
          period_start: 2025-01-02
          period_end: 2025-01-12
          returns:
            twr: ~
            annualized_twr: ~
            irr: ~
            annualized_irr: ~
            value_return: "0.16666667"
            annualized_value_return: ~
          attribution:
            contributions: "0"
            distributions: "0"
            income: "0"
            realized_pnl: "0"
            unrealized_pnl_change: "200"
            fx_effect: "0"
            fees: "0"
            taxes: "0"
            residual: "0"
          risk:
            volatility: "0.2817835"
            max_drawdown: "0"
            peak_date: 2025-01-02
            trough_date: 2025-01-03
            recovery_date: ~
            drawdown_duration_days: 1
          summary:
            amount: "200"
            percent: "0.16666667"
            method: valueReturn
            basis: bookBasis
            quality: partial
            amount_status: complete
            percent_status: complete
            basis_status: complete
          basis_status: complete
          quality: partial
          is_holdings_mode: true
          is_mixed_tracking_mode: false
          series:
            - date: 2025-01-02
              value: "0"
            - date: 2025-01-03
              value: "0"
            - date: 2025-01-04
              value: "0"
            - date: 2025-01-05
              value: "0"
            - date: 2025-01-06
              value: "0.03636364"
            - date: 2025-01-07
              value: "0.03636364"
            - date: 2025-01-08
              value: "0.03636364"
            - date: 2025-01-09
              value: "0.07272727"
            - date: 2025-01-10
              value: "0.07272727"
            - date: 2025-01-11
              value: "0.07272727"
            - date: 2025-01-12
              value: "0.08827404"
  portfolio:
    all_time:
      method: valueReturn
      period_start: 2025-01-02
      period_end: 2025-01-12
      returns:
        twr: ~
        annualized_twr: ~
        irr: ~
        annualized_irr: ~
        value_return: "0.06756757"
        annualized_value_return: ~
      attribution:
        contributions: "2900"
        distributions: "400"
        income: "0"
        realized_pnl: "0"
        unrealized_pnl_change: "250"
        fx_effect: "0"
        fees: "0"
        taxes: "0"
        residual: "0"
      risk:
        volatility: ~
        max_drawdown: ~
        peak_date: ~
        trough_date: ~
        recovery_date: ~
        drawdown_duration_days: ~
      summary:
        amount: "250"
        percent: "0.06756757"
        method: valueReturn
        basis: mixed
        quality: partial
        amount_status: complete
        percent_status: complete
        basis_status: complete
      basis_status: complete
      quality: partial
      is_holdings_mode: false
      is_mixed_tracking_mode: true
      series: []
  portfolio_flows:
    - date: 2025-01-06
      inflow_base: "0"
      outflow_base: "0"
      source: CASH_AMOUNT
    - date: 2025-01-09
      inflow_base: "200"
      outflow_base: "0"
      source: QUOTE_DERIVED_MARKET_VALUE
  diagnostics:
    - "account/acc-h/all_time: warning: Performance attribution is incomplete for this period. Difference: 100; tolerance: 2.800. Review Health Center for possible data issues."
    - "account/acc-h/all_time: not-applicable: TWR unavailable for holdings-only scopes because transaction cash flows are not tracked."
    - "account/acc-h/all_time: not-applicable: IRR unavailable for holdings-only scopes because transaction cash flows are not tracked."
    - "account/acc-h/all_time: summary: Performance attribution is incomplete for this period. Difference: 100; tolerance: 2.800. Review Health Center for possible data issues."
    - "account/acc-h/all_time: summary: TWR unavailable for holdings-only scopes because transaction cash flows are not tracked."
    - "account/acc-h/all_time: summary: IRR unavailable for holdings-only scopes because transaction cash flows are not tracked."
    - "portfolio/all_time: warning: This scope mixes transaction-mode and holdings-mode accounts, so TWR and IRR are unavailable. The return is a value return over account-level components."
    - "portfolio/all_time: warning: Return series unavailable for all-time mixed scopes because transaction and holdings components use different baselines."
    - "portfolio/all_time: not-applicable: TWR unavailable for mixed transaction and holdings scopes."
    - "portfolio/all_time: not-applicable: IRR unavailable for mixed transaction and holdings scopes."
    - "portfolio/all_time: summary: This scope mixes transaction-mode and holdings-mode accounts, so TWR and IRR are unavailable. The return is a value return over account-level components."
    - "portfolio/all_time: summary: Return series unavailable for all-time mixed scopes because transaction and holdings components use different baselines."
    - "portfolio/all_time: summary: TWR unavailable for mixed transaction and holdings scopes."
    - "portfolio/all_time: summary: IRR unavailable for mixed transaction and holdings scopes."
steps: []
