---
source: crates/core/src/test_support/legacy_goldens.rs
---
scenario: NOM-TXF-01
as_of: 2025-01-10
base_currency: USD
baseline:
  accounts:
    acc-a:
      currency: USD
      tracking_mode: TRANSACTIONS
      keyframes:
        - date: 2025-01-02
          source: CALCULATED
          positions: {}
          cash:
            USD: "1000"
          cost_basis: "0"
          net_contribution: "1000"
          net_contribution_base: "1000"
          cash_total_account_currency: "1000"
          cash_total_base_currency: "1000"
        - date: 2025-01-06
          source: CALCULATED
          positions: {}
          cash:
            USD: "700"
          cost_basis: "0"
          net_contribution: "700"
          net_contribution_base: "700"
          cash_total_account_currency: "700"
          cash_total_base_currency: "700"
      lots: []
      disposals: []
      valuations:
        - date: 2025-01-02
          fx_rate_to_base: "1"
          cash_balance: "1000"
          investment_market_value: "0"
          total_value: "1000"
          cost_basis: "0"
          book_basis: "1000"
          net_contribution: "1000"
          cash_balance_base: "1000"
          investment_market_value_base: "0"
          total_value_base: "1000"
          cost_basis_base: "0"
          book_basis_base: "1000"
          net_contribution_base: "1000"
          external_inflow_base: "0"
          external_outflow_base: "0"
          external_flow_source: NO_FLOW
          performance_eligible_value_base: "1000"
          value_status: complete
          basis_status: notApplicable
        - date: 2025-01-03
          fx_rate_to_base: "1"
          cash_balance: "1000"
          investment_market_value: "0"
          total_value: "1000"
          cost_basis: "0"
          book_basis: "1000"
          net_contribution: "1000"
          cash_balance_base: "1000"
          investment_market_value_base: "0"
          total_value_base: "1000"
          cost_basis_base: "0"
          book_basis_base: "1000"
          net_contribution_base: "1000"
          external_inflow_base: "0"
          external_outflow_base: "0"
          external_flow_source: NO_FLOW
          performance_eligible_value_base: "1000"
          value_status: complete
          basis_status: notApplicable
        - date: 2025-01-04
          fx_rate_to_base: "1"
          cash_balance: "1000"
          investment_market_value: "0"
          total_value: "1000"
          cost_basis: "0"
          book_basis: "1000"
          net_contribution: "1000"
          cash_balance_base: "1000"
          investment_market_value_base: "0"
          total_value_base: "1000"
          cost_basis_base: "0"
          book_basis_base: "1000"
          net_contribution_base: "1000"
          external_inflow_base: "0"
          external_outflow_base: "0"
          external_flow_source: NO_FLOW
          performance_eligible_value_base: "1000"
          value_status: complete
          basis_status: notApplicable
        - date: 2025-01-05
          fx_rate_to_base: "1"
          cash_balance: "1000"
          investment_market_value: "0"
          total_value: "1000"
          cost_basis: "0"
          book_basis: "1000"
          net_contribution: "1000"
          cash_balance_base: "1000"
          investment_market_value_base: "0"
          total_value_base: "1000"
          cost_basis_base: "0"
          book_basis_base: "1000"
          net_contribution_base: "1000"
          external_inflow_base: "0"
          external_outflow_base: "0"
          external_flow_source: NO_FLOW
          performance_eligible_value_base: "1000"
          value_status: complete
          basis_status: notApplicable
        - date: 2025-01-06
          fx_rate_to_base: "1"
          cash_balance: "700"
          investment_market_value: "0"
          total_value: "700"
          cost_basis: "0"
          book_basis: "700"
          net_contribution: "700"
          cash_balance_base: "700"
          investment_market_value_base: "0"
          total_value_base: "700"
          cost_basis_base: "0"
          book_basis_base: "700"
          net_contribution_base: "700"
          external_inflow_base: "0"
          external_outflow_base: "300"
          external_flow_source: CASH_AMOUNT
          performance_eligible_value_base: "700"
          value_status: complete
          basis_status: notApplicable
        - date: 2025-01-07
          fx_rate_to_base: "1"
          cash_balance: "700"
          investment_market_value: "0"
          total_value: "700"
          cost_basis: "0"
          book_basis: "700"
          net_contribution: "700"
          cash_balance_base: "700"
          investment_market_value_base: "0"
          total_value_base: "700"
          cost_basis_base: "0"
          book_basis_base: "700"
          net_contribution_base: "700"
          external_inflow_base: "0"
          external_outflow_base: "0"
          external_flow_source: NO_FLOW
          performance_eligible_value_base: "700"
          value_status: complete
          basis_status: notApplicable
        - date: 2025-01-08
          fx_rate_to_base: "1"
          cash_balance: "700"
          investment_market_value: "0"
          total_value: "700"
          cost_basis: "0"
          book_basis: "700"
          net_contribution: "700"
          cash_balance_base: "700"
          investment_market_value_base: "0"
          total_value_base: "700"
          cost_basis_base: "0"
          book_basis_base: "700"
          net_contribution_base: "700"
          external_inflow_base: "0"
          external_outflow_base: "0"
          external_flow_source: NO_FLOW
          performance_eligible_value_base: "700"
          value_status: complete
          basis_status: notApplicable
        - date: 2025-01-09
          fx_rate_to_base: "1"
          cash_balance: "700"
          investment_market_value: "0"
          total_value: "700"
          cost_basis: "0"
          book_basis: "700"
          net_contribution: "700"
          cash_balance_base: "700"
          investment_market_value_base: "0"
          total_value_base: "700"
          cost_basis_base: "0"
          book_basis_base: "700"
          net_contribution_base: "700"
          external_inflow_base: "0"
          external_outflow_base: "0"
          external_flow_source: NO_FLOW
          performance_eligible_value_base: "700"
          value_status: complete
          basis_status: notApplicable
        - date: 2025-01-10
          fx_rate_to_base: "1"
          cash_balance: "700"
          investment_market_value: "0"
          total_value: "700"
          cost_basis: "0"
          book_basis: "700"
          net_contribution: "700"
          cash_balance_base: "700"
          investment_market_value_base: "0"
          total_value_base: "700"
          cost_basis_base: "0"
          book_basis_base: "700"
          net_contribution_base: "700"
          external_inflow_base: "0"
          external_outflow_base: "0"
          external_flow_source: NO_FLOW
          performance_eligible_value_base: "700"
          value_status: complete
          basis_status: notApplicable
      flows:
        - date: 2025-01-06
          inflow_base: "0"
          outflow_base: "300"
          source: CASH_AMOUNT
      performance:
        all_time:
          method: timeWeighted
          period_start: 2025-01-02
          period_end: 2025-01-10
          returns:
            twr: "0"
            annualized_twr: ~
            irr: "0"
            annualized_irr: "0"
            value_return: "0"
            annualized_value_return: ~
          attribution:
            contributions: "1000"
            distributions: "300"
            income: "0"
            realized_pnl: "0"
            unrealized_pnl_change: "0"
            fx_effect: "0"
            fees: "0"
            taxes: "0"
            residual: "0"
          risk:
            volatility: "0"
            max_drawdown: "0"
            peak_date: 2025-01-02
            trough_date: 2025-01-03
            recovery_date: ~
            drawdown_duration_days: 1
          summary:
            amount: "0"
            percent: "0"
            method: timeWeighted
            basis: marketValue
            quality: ok
            amount_status: complete
            percent_status: complete
            basis_status: notApplicable
          basis_status: notApplicable
          quality: ok
          is_holdings_mode: false
          is_mixed_tracking_mode: false
          series:
            - date: 2025-01-02
              value: "0"
            - date: 2025-01-03
              value: "0"
            - date: 2025-01-04
              value: "0"
            - date: 2025-01-05
              value: "0"
            - date: 2025-01-06
              value: "0"
            - date: 2025-01-07
              value: "0"
            - date: 2025-01-08
              value: "0"
            - date: 2025-01-09
              value: "0"
            - date: 2025-01-10
              value: "0"
    acc-b:
      currency: USD
      tracking_mode: TRANSACTIONS
      keyframes:
        - date: 2025-01-02
          source: CALCULATED
          positions: {}
          cash:
            USD: "500"
          cost_basis: "0"
          net_contribution: "500"
          net_contribution_base: "500"
          cash_total_account_currency: "500"
          cash_total_base_currency: "500"
        - date: 2025-01-06
          source: CALCULATED
          positions: {}
          cash:
            USD: "800"
          cost_basis: "0"
          net_contribution: "800"
          net_contribution_base: "800"
          cash_total_account_currency: "800"
          cash_total_base_currency: "800"
      lots: []
      disposals: []
      valuations:
        - date: 2025-01-02
          fx_rate_to_base: "1"
          cash_balance: "500"
          investment_market_value: "0"
          total_value: "500"
          cost_basis: "0"
          book_basis: "500"
          net_contribution: "500"
          cash_balance_base: "500"
          investment_market_value_base: "0"
          total_value_base: "500"
          cost_basis_base: "0"
          book_basis_base: "500"
          net_contribution_base: "500"
          external_inflow_base: "0"
          external_outflow_base: "0"
          external_flow_source: NO_FLOW
          performance_eligible_value_base: "500"
          value_status: complete
          basis_status: notApplicable
        - date: 2025-01-03
          fx_rate_to_base: "1"
          cash_balance: "500"
          investment_market_value: "0"
          total_value: "500"
          cost_basis: "0"
          book_basis: "500"
          net_contribution: "500"
          cash_balance_base: "500"
          investment_market_value_base: "0"
          total_value_base: "500"
          cost_basis_base: "0"
          book_basis_base: "500"
          net_contribution_base: "500"
          external_inflow_base: "0"
          external_outflow_base: "0"
          external_flow_source: NO_FLOW
          performance_eligible_value_base: "500"
          value_status: complete
          basis_status: notApplicable
        - date: 2025-01-04
          fx_rate_to_base: "1"
          cash_balance: "500"
          investment_market_value: "0"
          total_value: "500"
          cost_basis: "0"
          book_basis: "500"
          net_contribution: "500"
          cash_balance_base: "500"
          investment_market_value_base: "0"
          total_value_base: "500"
          cost_basis_base: "0"
          book_basis_base: "500"
          net_contribution_base: "500"
          external_inflow_base: "0"
          external_outflow_base: "0"
          external_flow_source: NO_FLOW
          performance_eligible_value_base: "500"
          value_status: complete
          basis_status: notApplicable
        - date: 2025-01-05
          fx_rate_to_base: "1"
          cash_balance: "500"
          investment_market_value: "0"
          total_value: "500"
          cost_basis: "0"
          book_basis: "500"
          net_contribution: "500"
          cash_balance_base: "500"
          investment_market_value_base: "0"
          total_value_base: "500"
          cost_basis_base: "0"
          book_basis_base: "500"
          net_contribution_base: "500"
          external_inflow_base: "0"
          external_outflow_base: "0"
          external_flow_source: NO_FLOW
          performance_eligible_value_base: "500"
          value_status: complete
          basis_status: notApplicable
        - date: 2025-01-06
          fx_rate_to_base: "1"
          cash_balance: "800"
          investment_market_value: "0"
          total_value: "800"
          cost_basis: "0"
          book_basis: "800"
          net_contribution: "800"
          cash_balance_base: "800"
          investment_market_value_base: "0"
          total_value_base: "800"
          cost_basis_base: "0"
          book_basis_base: "800"
          net_contribution_base: "800"
          external_inflow_base: "300"
          external_outflow_base: "0"
          external_flow_source: CASH_AMOUNT
          performance_eligible_value_base: "800"
          value_status: complete
          basis_status: notApplicable
        - date: 2025-01-07
          fx_rate_to_base: "1"
          cash_balance: "800"
          investment_market_value: "0"
          total_value: "800"
          cost_basis: "0"
          book_basis: "800"
          net_contribution: "800"
          cash_balance_base: "800"
          investment_market_value_base: "0"
          total_value_base: "800"
          cost_basis_base: "0"
          book_basis_base: "800"
          net_contribution_base: "800"
          external_inflow_base: "0"
          external_outflow_base: "0"
          external_flow_source: NO_FLOW
          performance_eligible_value_base: "800"
          value_status: complete
          basis_status: notApplicable
        - date: 2025-01-08
          fx_rate_to_base: "1"
          cash_balance: "800"
          investment_market_value: "0"
          total_value: "800"
          cost_basis: "0"
          book_basis: "800"
          net_contribution: "800"
          cash_balance_base: "800"
          investment_market_value_base: "0"
          total_value_base: "800"
          cost_basis_base: "0"
          book_basis_base: "800"
          net_contribution_base: "800"
          external_inflow_base: "0"
          external_outflow_base: "0"
          external_flow_source: NO_FLOW
          performance_eligible_value_base: "800"
          value_status: complete
          basis_status: notApplicable
        - date: 2025-01-09
          fx_rate_to_base: "1"
          cash_balance: "800"
          investment_market_value: "0"
          total_value: "800"
          cost_basis: "0"
          book_basis: "800"
          net_contribution: "800"
          cash_balance_base: "800"
          investment_market_value_base: "0"
          total_value_base: "800"
          cost_basis_base: "0"
          book_basis_base: "800"
          net_contribution_base: "800"
          external_inflow_base: "0"
          external_outflow_base: "0"
          external_flow_source: NO_FLOW
          performance_eligible_value_base: "800"
          value_status: complete
          basis_status: notApplicable
        - date: 2025-01-10
          fx_rate_to_base: "1"
          cash_balance: "800"
          investment_market_value: "0"
          total_value: "800"
          cost_basis: "0"
          book_basis: "800"
          net_contribution: "800"
          cash_balance_base: "800"
          investment_market_value_base: "0"
          total_value_base: "800"
          cost_basis_base: "0"
          book_basis_base: "800"
          net_contribution_base: "800"
          external_inflow_base: "0"
          external_outflow_base: "0"
          external_flow_source: NO_FLOW
          performance_eligible_value_base: "800"
          value_status: complete
          basis_status: notApplicable
      flows:
        - date: 2025-01-06
          inflow_base: "300"
          outflow_base: "0"
          source: CASH_AMOUNT
      performance:
        all_time:
          method: timeWeighted
          period_start: 2025-01-02
          period_end: 2025-01-10
          returns:
            twr: "0"
            annualized_twr: ~
            irr: "0"
            annualized_irr: "0"
            value_return: "0"
            annualized_value_return: ~
          attribution:
            contributions: "800"
            distributions: "0"
            income: "0"
            realized_pnl: "0"
            unrealized_pnl_change: "0"
            fx_effect: "0"
            fees: "0"
            taxes: "0"
            residual: "0"
          risk:
            volatility: "0"
            max_drawdown: "0"
            peak_date: 2025-01-02
            trough_date: 2025-01-03
            recovery_date: ~
            drawdown_duration_days: 1
          summary:
            amount: "0"
            percent: "0"
            method: timeWeighted
            basis: marketValue
            quality: ok
            amount_status: complete
            percent_status: complete
            basis_status: notApplicable
          basis_status: notApplicable
          quality: ok
          is_holdings_mode: false
          is_mixed_tracking_mode: false
          series:
            - date: 2025-01-02
              value: "0"
            - date: 2025-01-03
              value: "0"
            - date: 2025-01-04
              value: "0"
            - date: 2025-01-05
              value: "0"
            - date: 2025-01-06
              value: "0"
            - date: 2025-01-07
              value: "0"
            - date: 2025-01-08
              value: "0"
            - date: 2025-01-09
              value: "0"
            - date: 2025-01-10
              value: "0"
  portfolio:
    all_time:
      method: timeWeighted
      period_start: 2025-01-02
      period_end: 2025-01-10
      returns:
        twr: "0"
        annualized_twr: ~
        irr: "0"
        annualized_irr: "0"
        value_return: "0"
        annualized_value_return: ~
      attribution:
        contributions: "1500"
        distributions: "0"
        income: "0"
        realized_pnl: "0"
        unrealized_pnl_change: "0"
        fx_effect: "0"
        fees: "0"
        taxes: "0"
        residual: "0"
      risk:
        volatility: "0"
        max_drawdown: "0"
        peak_date: 2025-01-02
        trough_date: 2025-01-03
        recovery_date: ~
        drawdown_duration_days: 1
      summary:
        amount: "0"
        percent: "0"
        method: timeWeighted
        basis: marketValue
        quality: ok
        amount_status: complete
        percent_status: complete
        basis_status: notApplicable
      basis_status: notApplicable
      quality: ok
      is_holdings_mode: false
      is_mixed_tracking_mode: false
      series:
        - date: 2025-01-02
          value: "0"
        - date: 2025-01-03
          value: "0"
        - date: 2025-01-04
          value: "0"
        - date: 2025-01-05
          value: "0"
        - date: 2025-01-06
          value: "0"
        - date: 2025-01-07
          value: "0"
        - date: 2025-01-08
          value: "0"
        - date: 2025-01-09
          value: "0"
        - date: 2025-01-10
          value: "0"
  portfolio_flows:
    - date: 2025-01-06
      inflow_base: "0"
      outflow_base: "0"
      source: CASH_AMOUNT
  diagnostics: []
steps: []
