---
source: crates/core/src/test_support/legacy_goldens.rs
---
scenario: PERF-ATTR-02
as_of: 2025-01-07
base_currency: USD
baseline:
  accounts:
    acc-div:
      currency: USD
      tracking_mode: TRANSACTIONS
      keyframes:
        - date: 2025-01-02
          source: CALCULATED
          positions: {}
          cash:
            USD: "1000"
          cost_basis: "0"
          net_contribution: "1000"
          net_contribution_base: "1000"
          cash_total_account_currency: "1000"
          cash_total_base_currency: "1000"
        - date: 2025-01-04
          source: CALCULATED
          positions: {}
          cash:
            JPY: "5000"
            USD: "1000"
          cost_basis: "0"
          net_contribution: "1000"
          net_contribution_base: "1000"
          cash_total_account_currency: "6000"
          cash_total_base_currency: "6000"
      lots: []
      disposals: []
      valuations: []
      flows: []
      performance:
        all_time:
          method: notApplicable
          period_start: ~
          period_end: ~
          returns:
            twr: ~
            annualized_twr: ~
            irr: ~
            annualized_irr: ~
            value_return: ~
            annualized_value_return: ~
          attribution:
            contributions: "0"
            distributions: "0"
            income: "0"
            realized_pnl: "0"
            unrealized_pnl_change: "0"
            fx_effect: "0"
            fees: "0"
            taxes: "0"
            residual: "0"
          risk:
            volatility: ~
            max_drawdown: ~
            peak_date: ~
            trough_date: ~
            recovery_date: ~
            drawdown_duration_days: ~
          summary:
            amount: ~
            percent: ~
            method: notApplicable
            basis: notApplicable
            quality: noData
            amount_status: unavailable
            percent_status: unavailable
            basis_status: notApplicable
          basis_status: notApplicable
          quality: noData
          is_holdings_mode: false
          is_mixed_tracking_mode: false
          series: []
    acc-trade:
      currency: USD
      tracking_mode: TRANSACTIONS
      keyframes:
        - date: 2025-01-02
          source: CALCULATED
          positions: {}
          cash:
            USD: "2000"
          cost_basis: "0"
          net_contribution: "2000"
          net_contribution_base: "2000"
          cash_total_account_currency: "2000"
          cash_total_base_currency: "2000"
        - date: 2025-01-03
          source: CALCULATED
          positions:
            msft:
              quantity: "10"
              average_cost: "101.505"
              total_cost_basis: "1015.05"
              currency: USD
              cost_basis_account: "1015.05"
              cost_basis_base: "1015.05"
              contract_multiplier: "1"
              is_alternative: false
          cash:
            USD: "984.95"
          cost_basis: "1015.05"
          net_contribution: "2000"
          net_contribution_base: "2000"
          cash_total_account_currency: "984.95"
          cash_total_base_currency: "984.95"
      lots:
        - id: buy-jpy
          asset_id: msft
          open_date: 2025-01-03
          open_activity_id: buy-jpy
          original_quantity: "10"
          remaining_quantity: "10"
          cost_per_unit: "100.5"
          original_cost_basis: "1015.05"
          remaining_cost_basis: "1015.05"
          original_cost_basis_base: "1015.05"
          remaining_cost_basis_base: "1015.05"
          fee_allocated: "10.05"
          fee_allocated_base: "10.05"
          tax_allocated: "0"
          tax_allocated_base: "0"
          currency: USD
          base_currency: USD
          fx_rate_to_base: "1"
          fx_rate_to_account: "1"
          split_ratio: "1"
          is_closed: false
          close_date: ~
          close_activity_id: ~
      disposals: []
      valuations:
        - date: 2025-01-02
          fx_rate_to_base: "1"
          cash_balance: "2000"
          investment_market_value: "0"
          total_value: "2000"
          cost_basis: "0"
          book_basis: "2000"
          net_contribution: "2000"
          cash_balance_base: "2000"
          investment_market_value_base: "0"
          total_value_base: "2000"
          cost_basis_base: "0"
          book_basis_base: "2000"
          net_contribution_base: "2000"
          external_inflow_base: "0"
          external_outflow_base: "0"
          external_flow_source: NO_FLOW
          performance_eligible_value_base: "2000"
          value_status: complete
          basis_status: notApplicable
        - date: 2025-01-03
          fx_rate_to_base: "1"
          cash_balance: "984.95"
          investment_market_value: "1000"
          total_value: "1984.95"
          cost_basis: "1015.05"
          book_basis: "2000"
          net_contribution: "2000"
          cash_balance_base: "984.95"
          investment_market_value_base: "1000"
          total_value_base: "1984.95"
          cost_basis_base: "1015.05"
          book_basis_base: "2000"
          net_contribution_base: "2000"
          external_inflow_base: "0"
          external_outflow_base: "0"
          external_flow_source: NO_FLOW
          performance_eligible_value_base: "1984.95"
          value_status: complete
          basis_status: complete
        - date: 2025-01-04
          fx_rate_to_base: "1"
          cash_balance: "984.95"
          investment_market_value: "1000"
          total_value: "1984.95"
          cost_basis: "1015.05"
          book_basis: "2000"
          net_contribution: "2000"
          cash_balance_base: "984.95"
          investment_market_value_base: "1000"
          total_value_base: "1984.95"
          cost_basis_base: "1015.05"
          book_basis_base: "2000"
          net_contribution_base: "2000"
          external_inflow_base: "0"
          external_outflow_base: "0"
          external_flow_source: NO_FLOW
          performance_eligible_value_base: "1984.95"
          value_status: complete
          basis_status: complete
        - date: 2025-01-05
          fx_rate_to_base: "1"
          cash_balance: "984.95"
          investment_market_value: "1000"
          total_value: "1984.95"
          cost_basis: "1015.05"
          book_basis: "2000"
          net_contribution: "2000"
          cash_balance_base: "984.95"
          investment_market_value_base: "1000"
          total_value_base: "1984.95"
          cost_basis_base: "1015.05"
          book_basis_base: "2000"
          net_contribution_base: "2000"
          external_inflow_base: "0"
          external_outflow_base: "0"
          external_flow_source: NO_FLOW
          performance_eligible_value_base: "1984.95"
          value_status: complete
          basis_status: complete
        - date: 2025-01-06
          fx_rate_to_base: "1"
          cash_balance: "984.95"
          investment_market_value: "1100"
          total_value: "2084.95"
          cost_basis: "1015.05"
          book_basis: "2000"
          net_contribution: "2000"
          cash_balance_base: "984.95"
          investment_market_value_base: "1100"
          total_value_base: "2084.95"
          cost_basis_base: "1015.05"
          book_basis_base: "2000"
          net_contribution_base: "2000"
          external_inflow_base: "0"
          external_outflow_base: "0"
          external_flow_source: NO_FLOW
          performance_eligible_value_base: "2084.95"
          value_status: complete
          basis_status: complete
        - date: 2025-01-07
          fx_rate_to_base: "1"
          cash_balance: "984.95"
          investment_market_value: "1100"
          total_value: "2084.95"
          cost_basis: "1015.05"
          book_basis: "2000"
          net_contribution: "2000"
          cash_balance_base: "984.95"
          investment_market_value_base: "1100"
          total_value_base: "2084.95"
          cost_basis_base: "1015.05"
          book_basis_base: "2000"
          net_contribution_base: "2000"
          external_inflow_base: "0"
          external_outflow_base: "0"
          external_flow_source: NO_FLOW
          performance_eligible_value_base: "2084.95"
          value_status: complete
          basis_status: complete
      flows: []
      performance:
        all_time:
          method: timeWeighted
          period_start: 2025-01-02
          period_end: 2025-01-07
          returns:
            twr: "0.042475"
            annualized_twr: ~
            irr: "0.042475"
            annualized_irr: "19.87832452"
            value_return: "0.042475"
            annualized_value_return: ~
          attribution:
            contributions: "2000"
            distributions: "0"
            income: "0"
            realized_pnl: "0"
            unrealized_pnl_change: "84.95"
            fx_effect: "0"
            fees: "0"
            taxes: "0"
            residual: "0"
          risk:
            volatility: "0.44068689"
            max_drawdown: "-0.007525"
            peak_date: 2025-01-02
            trough_date: 2025-01-03
            recovery_date: 2025-01-06
            drawdown_duration_days: 4
          summary:
            amount: "84.95"
            percent: "0.042475"
            method: timeWeighted
            basis: marketValue
            quality: partial
            amount_status: complete
            percent_status: complete
            basis_status: notApplicable
          basis_status: notApplicable
          quality: partial
          is_holdings_mode: false
          is_mixed_tracking_mode: false
          series:
            - date: 2025-01-02
              value: "0"
            - date: 2025-01-03
              value: "-0.007525"
            - date: 2025-01-04
              value: "-0.007525"
            - date: 2025-01-05
              value: "-0.007525"
            - date: 2025-01-06
              value: "0.042475"
            - date: 2025-01-07
              value: "0.042475"
  portfolio:
    all_time:
      method: timeWeighted
      period_start: 2025-01-02
      period_end: 2025-01-07
      returns:
        twr: "0.042475"
        annualized_twr: ~
        irr: "0.042475"
        annualized_irr: "19.87832452"
        value_return: "0.042475"
        annualized_value_return: ~
      attribution:
        contributions: "2000"
        distributions: "0"
        income: "0"
        realized_pnl: "0"
        unrealized_pnl_change: "84.95"
        fx_effect: "0"
        fees: "0"
        taxes: "0"
        residual: "0"
      risk:
        volatility: "0.44068689"
        max_drawdown: "-0.007525"
        peak_date: 2025-01-02
        trough_date: 2025-01-03
        recovery_date: 2025-01-06
        drawdown_duration_days: 4
      summary:
        amount: "84.95"
        percent: "0.042475"
        method: timeWeighted
        basis: marketValue
        quality: partial
        amount_status: complete
        percent_status: complete
        basis_status: notApplicable
      basis_status: notApplicable
      quality: partial
      is_holdings_mode: false
      is_mixed_tracking_mode: false
      series:
        - date: 2025-01-02
          value: "0"
        - date: 2025-01-03
          value: "-0.007525"
        - date: 2025-01-04
          value: "-0.007525"
        - date: 2025-01-05
          value: "-0.007525"
        - date: 2025-01-06
          value: "0.042475"
        - date: 2025-01-07
          value: "0.042475"
  portfolio_flows: []
  diagnostics:
    - "valuation/acc-div: VALUATION_CALCULATION_FAILED Holdings calculation failed: Calculation failed: Incomplete valuation history for account 'acc-div': 4 date(s) could not be calculated. First skipped dates: 2025-01-04 (Fx error: Exchange rate not found: JPY->USD on 2025-01-04), 2025-01-05 (Fx error: Exchange rate not found: JPY->USD on 2025-01-05), 2025-01-06 (Fx error: Exchange rate not found: JPY->USD on 2025-01-06), 2025-01-07 (Fx error: Exchange rate not found: JPY->USD on 2025-01-07)"
    - "account/acc-div/all_time: not-applicable: Performance unavailable: at least two valuation points are required."
    - "account/acc-div/all_time: summary: Performance unavailable: at least two valuation points are required."
    - "account/acc-trade/all_time: warning: Fee attribution skipped for activity buy-jpy because FX conversion failed."
    - "account/acc-trade/all_time: summary: Fee attribution skipped for activity buy-jpy because FX conversion failed."
    - "portfolio/all_time: warning: Fee attribution skipped for activity buy-jpy because FX conversion failed."
    - "portfolio/all_time: warning: Income attribution skipped for activity div-jpy because FX conversion failed."
    - "portfolio/all_time: summary: Fee attribution skipped for activity buy-jpy because FX conversion failed."
    - "portfolio/all_time: summary: Income attribution skipped for activity div-jpy because FX conversion failed."
steps: []
