---
source: crates/core/src/test_support/legacy_goldens.rs
---
scenario: PERF-RISK-01
as_of: 2025-02-16
base_currency: USD
baseline:
  accounts:
    acc-1:
      currency: USD
      tracking_mode: TRANSACTIONS
      keyframes:
        - date: 2025-01-02
          source: CALCULATED
          positions:
            aapl:
              quantity: "10"
              average_cost: "100"
              total_cost_basis: "1000"
              currency: USD
              cost_basis_account: "1000"
              cost_basis_base: "1000"
              contract_multiplier: "1"
              is_alternative: false
          cash:
            USD: "0"
          cost_basis: "1000"
          net_contribution: "1000"
          net_contribution_base: "1000"
          cash_total_account_currency: "0"
          cash_total_base_currency: "0"
      lots:
        - id: buy-1
          asset_id: aapl
          open_date: 2025-01-02
          open_activity_id: buy-1
          original_quantity: "10"
          remaining_quantity: "10"
          cost_per_unit: "100"
          original_cost_basis: "1000"
          remaining_cost_basis: "1000"
          original_cost_basis_base: "1000"
          remaining_cost_basis_base: "1000"
          fee_allocated: "0"
          fee_allocated_base: "0"
          tax_allocated: "0"
          tax_allocated_base: "0"
          currency: USD
          base_currency: USD
          fx_rate_to_base: "1"
          fx_rate_to_account: "1"
          split_ratio: "1"
          is_closed: false
          close_date: ~
          close_activity_id: ~
      disposals: []
      valuations:
        - date: 2025-01-02
          fx_rate_to_base: "1"
          cash_balance: "0"
          investment_market_value: "1000"
          total_value: "1000"
          cost_basis: "1000"
          book_basis: "1000"
          net_contribution: "1000"
          cash_balance_base: "0"
          investment_market_value_base: "1000"
          total_value_base: "1000"
          cost_basis_base: "1000"
          book_basis_base: "1000"
          net_contribution_base: "1000"
          external_inflow_base: "0"
          external_outflow_base: "0"
          external_flow_source: NO_FLOW
          performance_eligible_value_base: "1000"
          value_status: complete
          basis_status: complete
        - date: 2025-01-03
          fx_rate_to_base: "1"
          cash_balance: "0"
          investment_market_value: "1014.3"
          total_value: "1014.3"
          cost_basis: "1000"
          book_basis: "1000"
          net_contribution: "1000"
          cash_balance_base: "0"
          investment_market_value_base: "1014.3"
          total_value_base: "1014.3"
          cost_basis_base: "1000"
          book_basis_base: "1000"
          net_contribution_base: "1000"
          external_inflow_base: "0"
          external_outflow_base: "0"
          external_flow_source: NO_FLOW
          performance_eligible_value_base: "1014.3"
          value_status: complete
          basis_status: complete
        - date: 2025-01-04
          fx_rate_to_base: "1"
          cash_balance: "0"
          investment_market_value: "1028.6"
          total_value: "1028.6"
          cost_basis: "1000"
          book_basis: "1000"
          net_contribution: "1000"
          cash_balance_base: "0"
          investment_market_value_base: "1028.6"
          total_value_base: "1028.6"
          cost_basis_base: "1000"
          book_basis_base: "1000"
          net_contribution_base: "1000"
          external_inflow_base: "0"
          external_outflow_base: "0"
          external_flow_source: NO_FLOW
          performance_eligible_value_base: "1028.6"
          value_status: complete
          basis_status: complete
        - date: 2025-01-05
          fx_rate_to_base: "1"
          cash_balance: "0"
          investment_market_value: "1042.9"
          total_value: "1042.9"
          cost_basis: "1000"
          book_basis: "1000"
          net_contribution: "1000"
          cash_balance_base: "0"
          investment_market_value_base: "1042.9"
          total_value_base: "1042.9"
          cost_basis_base: "1000"
          book_basis_base: "1000"
          net_contribution_base: "1000"
          external_inflow_base: "0"
          external_outflow_base: "0"
          external_flow_source: NO_FLOW
          performance_eligible_value_base: "1042.9"
          value_status: complete
          basis_status: complete
        - date: 2025-01-06
          fx_rate_to_base: "1"
          cash_balance: "0"
          investment_market_value: "1057.1"
          total_value: "1057.1"
          cost_basis: "1000"
          book_basis: "1000"
          net_contribution: "1000"
          cash_balance_base: "0"
          investment_market_value_base: "1057.1"
          total_value_base: "1057.1"
          cost_basis_base: "1000"
          book_basis_base: "1000"
          net_contribution_base: "1000"
          external_inflow_base: "0"
          external_outflow_base: "0"
          external_flow_source: NO_FLOW
          performance_eligible_value_base: "1057.1"
          value_status: complete
          basis_status: complete
        - date: 2025-01-07
          fx_rate_to_base: "1"
          cash_balance: "0"
          investment_market_value: "1071.4"
          total_value: "1071.4"
          cost_basis: "1000"
          book_basis: "1000"
          net_contribution: "1000"
          cash_balance_base: "0"
          investment_market_value_base: "1071.4"
          total_value_base: "1071.4"
          cost_basis_base: "1000"
          book_basis_base: "1000"
          net_contribution_base: "1000"
          external_inflow_base: "0"
          external_outflow_base: "0"
          external_flow_source: NO_FLOW
          performance_eligible_value_base: "1071.4"
          value_status: complete
          basis_status: complete
        - date: 2025-01-08
          fx_rate_to_base: "1"
          cash_balance: "0"
          investment_market_value: "1085.7"
          total_value: "1085.7"
          cost_basis: "1000"
          book_basis: "1000"
          net_contribution: "1000"
          cash_balance_base: "0"
          investment_market_value_base: "1085.7"
          total_value_base: "1085.7"
          cost_basis_base: "1000"
          book_basis_base: "1000"
          net_contribution_base: "1000"
          external_inflow_base: "0"
          external_outflow_base: "0"
          external_flow_source: NO_FLOW
          performance_eligible_value_base: "1085.7"
          value_status: complete
          basis_status: complete
        - date: 2025-01-09
          fx_rate_to_base: "1"
          cash_balance: "0"
          investment_market_value: "1100"
          total_value: "1100"
          cost_basis: "1000"
          book_basis: "1000"
          net_contribution: "1000"
          cash_balance_base: "0"
          investment_market_value_base: "1100"
          total_value_base: "1100"
          cost_basis_base: "1000"
          book_basis_base: "1000"
          net_contribution_base: "1000"
          external_inflow_base: "0"
          external_outflow_base: "0"
          external_flow_source: NO_FLOW
          performance_eligible_value_base: "1100"
          value_status: complete
          basis_status: complete
        - date: 2025-01-10
          fx_rate_to_base: "1"
          cash_balance: "0"
          investment_market_value: "1114.3"
          total_value: "1114.3"
          cost_basis: "1000"
          book_basis: "1000"
          net_contribution: "1000"
          cash_balance_base: "0"
          investment_market_value_base: "1114.3"
          total_value_base: "1114.3"
          cost_basis_base: "1000"
          book_basis_base: "1000"
          net_contribution_base: "1000"
          external_inflow_base: "0"
          external_outflow_base: "0"
          external_flow_source: NO_FLOW
          performance_eligible_value_base: "1114.3"
          value_status: complete
          basis_status: complete
        - date: 2025-01-11
          fx_rate_to_base: "1"
          cash_balance: "0"
          investment_market_value: "1128.6"
          total_value: "1128.6"
          cost_basis: "1000"
          book_basis: "1000"
          net_contribution: "1000"
          cash_balance_base: "0"
          investment_market_value_base: "1128.6"
          total_value_base: "1128.6"
          cost_basis_base: "1000"
          book_basis_base: "1000"
          net_contribution_base: "1000"
          external_inflow_base: "0"
          external_outflow_base: "0"
          external_flow_source: NO_FLOW
          performance_eligible_value_base: "1128.6"
          value_status: complete
          basis_status: complete
        - date: 2025-01-12
          fx_rate_to_base: "1"
          cash_balance: "0"
          investment_market_value: "1142.9"
          total_value: "1142.9"
          cost_basis: "1000"
          book_basis: "1000"
          net_contribution: "1000"
          cash_balance_base: "0"
          investment_market_value_base: "1142.9"
          total_value_base: "1142.9"
          cost_basis_base: "1000"
          book_basis_base: "1000"
          net_contribution_base: "1000"
          external_inflow_base: "0"
          external_outflow_base: "0"
          external_flow_source: NO_FLOW
          performance_eligible_value_base: "1142.9"
          value_status: complete
          basis_status: complete
        - date: 2025-01-13
          fx_rate_to_base: "1"
          cash_balance: "0"
          investment_market_value: "1157.1"
          total_value: "1157.1"
          cost_basis: "1000"
          book_basis: "1000"
          net_contribution: "1000"
          cash_balance_base: "0"
          investment_market_value_base: "1157.1"
          total_value_base: "1157.1"
          cost_basis_base: "1000"
          book_basis_base: "1000"
          net_contribution_base: "1000"
          external_inflow_base: "0"
          external_outflow_base: "0"
          external_flow_source: NO_FLOW
          performance_eligible_value_base: "1157.1"
          value_status: complete
          basis_status: complete
        - date: 2025-01-14
          fx_rate_to_base: "1"
          cash_balance: "0"
          investment_market_value: "1171.4"
          total_value: "1171.4"
          cost_basis: "1000"
          book_basis: "1000"
          net_contribution: "1000"
          cash_balance_base: "0"
          investment_market_value_base: "1171.4"
          total_value_base: "1171.4"
          cost_basis_base: "1000"
          book_basis_base: "1000"
          net_contribution_base: "1000"
          external_inflow_base: "0"
          external_outflow_base: "0"
          external_flow_source: NO_FLOW
          performance_eligible_value_base: "1171.4"
          value_status: complete
          basis_status: complete
        - date: 2025-01-15
          fx_rate_to_base: "1"
          cash_balance: "0"
          investment_market_value: "1185.7"
          total_value: "1185.7"
          cost_basis: "1000"
          book_basis: "1000"
          net_contribution: "1000"
          cash_balance_base: "0"
          investment_market_value_base: "1185.7"
          total_value_base: "1185.7"
          cost_basis_base: "1000"
          book_basis_base: "1000"
          net_contribution_base: "1000"
          external_inflow_base: "0"
          external_outflow_base: "0"
          external_flow_source: NO_FLOW
          performance_eligible_value_base: "1185.7"
          value_status: complete
          basis_status: complete
        - date: 2025-01-16
          fx_rate_to_base: "1"
          cash_balance: "0"
          investment_market_value: "1200"
          total_value: "1200"
          cost_basis: "1000"
          book_basis: "1000"
          net_contribution: "1000"
          cash_balance_base: "0"
          investment_market_value_base: "1200"
          total_value_base: "1200"
          cost_basis_base: "1000"
          book_basis_base: "1000"
          net_contribution_base: "1000"
          external_inflow_base: "0"
          external_outflow_base: "0"
          external_flow_source: NO_FLOW
          performance_eligible_value_base: "1200"
          value_status: complete
          basis_status: complete
        - date: 2025-01-17
          fx_rate_to_base: "1"
          cash_balance: "0"
          investment_market_value: "1188"
          total_value: "1188"
          cost_basis: "1000"
          book_basis: "1000"
          net_contribution: "1000"
          cash_balance_base: "0"
          investment_market_value_base: "1188"
          total_value_base: "1188"
          cost_basis_base: "1000"
          book_basis_base: "1000"
          net_contribution_base: "1000"
          external_inflow_base: "0"
          external_outflow_base: "0"
          external_flow_source: NO_FLOW
          performance_eligible_value_base: "1188"
          value_status: complete
          basis_status: complete
        - date: 2025-01-18
          fx_rate_to_base: "1"
          cash_balance: "0"
          investment_market_value: "1176"
          total_value: "1176"
          cost_basis: "1000"
          book_basis: "1000"
          net_contribution: "1000"
          cash_balance_base: "0"
          investment_market_value_base: "1176"
          total_value_base: "1176"
          cost_basis_base: "1000"
          book_basis_base: "1000"
          net_contribution_base: "1000"
          external_inflow_base: "0"
          external_outflow_base: "0"
          external_flow_source: NO_FLOW
          performance_eligible_value_base: "1176"
          value_status: complete
          basis_status: complete
        - date: 2025-01-19
          fx_rate_to_base: "1"
          cash_balance: "0"
          investment_market_value: "1164"
          total_value: "1164"
          cost_basis: "1000"
          book_basis: "1000"
          net_contribution: "1000"
          cash_balance_base: "0"
          investment_market_value_base: "1164"
          total_value_base: "1164"
          cost_basis_base: "1000"
          book_basis_base: "1000"
          net_contribution_base: "1000"
          external_inflow_base: "0"
          external_outflow_base: "0"
          external_flow_source: NO_FLOW
          performance_eligible_value_base: "1164"
          value_status: complete
          basis_status: complete
        - date: 2025-01-20
          fx_rate_to_base: "1"
          cash_balance: "0"
          investment_market_value: "1152"
          total_value: "1152"
          cost_basis: "1000"
          book_basis: "1000"
          net_contribution: "1000"
          cash_balance_base: "0"
          investment_market_value_base: "1152"
          total_value_base: "1152"
          cost_basis_base: "1000"
          book_basis_base: "1000"
          net_contribution_base: "1000"
          external_inflow_base: "0"
          external_outflow_base: "0"
          external_flow_source: NO_FLOW
          performance_eligible_value_base: "1152"
          value_status: complete
          basis_status: complete
        - date: 2025-01-21
          fx_rate_to_base: "1"
          cash_balance: "0"
          investment_market_value: "1140"
          total_value: "1140"
          cost_basis: "1000"
          book_basis: "1000"
          net_contribution: "1000"
          cash_balance_base: "0"
          investment_market_value_base: "1140"
          total_value_base: "1140"
          cost_basis_base: "1000"
          book_basis_base: "1000"
          net_contribution_base: "1000"
          external_inflow_base: "0"
          external_outflow_base: "0"
          external_flow_source: NO_FLOW
          performance_eligible_value_base: "1140"
          value_status: complete
          basis_status: complete
        - date: 2025-01-22
          fx_rate_to_base: "1"
          cash_balance: "0"
          investment_market_value: "1128"
          total_value: "1128"
          cost_basis: "1000"
          book_basis: "1000"
          net_contribution: "1000"
          cash_balance_base: "0"
          investment_market_value_base: "1128"
          total_value_base: "1128"
          cost_basis_base: "1000"
          book_basis_base: "1000"
          net_contribution_base: "1000"
          external_inflow_base: "0"
          external_outflow_base: "0"
          external_flow_source: NO_FLOW
          performance_eligible_value_base: "1128"
          value_status: complete
          basis_status: complete
        - date: 2025-01-23
          fx_rate_to_base: "1"
          cash_balance: "0"
          investment_market_value: "1116"
          total_value: "1116"
          cost_basis: "1000"
          book_basis: "1000"
          net_contribution: "1000"
          cash_balance_base: "0"
          investment_market_value_base: "1116"
          total_value_base: "1116"
          cost_basis_base: "1000"
          book_basis_base: "1000"
          net_contribution_base: "1000"
          external_inflow_base: "0"
          external_outflow_base: "0"
          external_flow_source: NO_FLOW
          performance_eligible_value_base: "1116"
          value_status: complete
          basis_status: complete
        - date: 2025-01-24
          fx_rate_to_base: "1"
          cash_balance: "0"
          investment_market_value: "1104"
          total_value: "1104"
          cost_basis: "1000"
          book_basis: "1000"
          net_contribution: "1000"
          cash_balance_base: "0"
          investment_market_value_base: "1104"
          total_value_base: "1104"
          cost_basis_base: "1000"
          book_basis_base: "1000"
          net_contribution_base: "1000"
          external_inflow_base: "0"
          external_outflow_base: "0"
          external_flow_source: NO_FLOW
          performance_eligible_value_base: "1104"
          value_status: complete
          basis_status: complete
        - date: 2025-01-25
          fx_rate_to_base: "1"
          cash_balance: "0"
          investment_market_value: "1092"
          total_value: "1092"
          cost_basis: "1000"
          book_basis: "1000"
          net_contribution: "1000"
          cash_balance_base: "0"
          investment_market_value_base: "1092"
          total_value_base: "1092"
          cost_basis_base: "1000"
          book_basis_base: "1000"
          net_contribution_base: "1000"
          external_inflow_base: "0"
          external_outflow_base: "0"
          external_flow_source: NO_FLOW
          performance_eligible_value_base: "1092"
          value_status: complete
          basis_status: complete
        - date: 2025-01-26
          fx_rate_to_base: "1"
          cash_balance: "0"
          investment_market_value: "1080"
          total_value: "1080"
          cost_basis: "1000"
          book_basis: "1000"
          net_contribution: "1000"
          cash_balance_base: "0"
          investment_market_value_base: "1080"
          total_value_base: "1080"
          cost_basis_base: "1000"
          book_basis_base: "1000"
          net_contribution_base: "1000"
          external_inflow_base: "0"
          external_outflow_base: "0"
          external_flow_source: NO_FLOW
          performance_eligible_value_base: "1080"
          value_status: complete
          basis_status: complete
        - date: 2025-01-27
          fx_rate_to_base: "1"
          cash_balance: "0"
          investment_market_value: "1068"
          total_value: "1068"
          cost_basis: "1000"
          book_basis: "1000"
          net_contribution: "1000"
          cash_balance_base: "0"
          investment_market_value_base: "1068"
          total_value_base: "1068"
          cost_basis_base: "1000"
          book_basis_base: "1000"
          net_contribution_base: "1000"
          external_inflow_base: "0"
          external_outflow_base: "0"
          external_flow_source: NO_FLOW
          performance_eligible_value_base: "1068"
          value_status: complete
          basis_status: complete
        - date: 2025-01-28
          fx_rate_to_base: "1"
          cash_balance: "0"
          investment_market_value: "1056"
          total_value: "1056"
          cost_basis: "1000"
          book_basis: "1000"
          net_contribution: "1000"
          cash_balance_base: "0"
          investment_market_value_base: "1056"
          total_value_base: "1056"
          cost_basis_base: "1000"
          book_basis_base: "1000"
          net_contribution_base: "1000"
          external_inflow_base: "0"
          external_outflow_base: "0"
          external_flow_source: NO_FLOW
          performance_eligible_value_base: "1056"
          value_status: complete
          basis_status: complete
        - date: 2025-01-29
          fx_rate_to_base: "1"
          cash_balance: "0"
          investment_market_value: "1044"
          total_value: "1044"
          cost_basis: "1000"
          book_basis: "1000"
          net_contribution: "1000"
          cash_balance_base: "0"
          investment_market_value_base: "1044"
          total_value_base: "1044"
          cost_basis_base: "1000"
          book_basis_base: "1000"
          net_contribution_base: "1000"
          external_inflow_base: "0"
          external_outflow_base: "0"
          external_flow_source: NO_FLOW
          performance_eligible_value_base: "1044"
          value_status: complete
          basis_status: complete
        - date: 2025-01-30
          fx_rate_to_base: "1"
          cash_balance: "0"
          investment_market_value: "1032"
          total_value: "1032"
          cost_basis: "1000"
          book_basis: "1000"
          net_contribution: "1000"
          cash_balance_base: "0"
          investment_market_value_base: "1032"
          total_value_base: "1032"
          cost_basis_base: "1000"
          book_basis_base: "1000"
          net_contribution_base: "1000"
          external_inflow_base: "0"
          external_outflow_base: "0"
          external_flow_source: NO_FLOW
          performance_eligible_value_base: "1032"
          value_status: complete
          basis_status: complete
        - date: 2025-01-31
          fx_rate_to_base: "1"
          cash_balance: "0"
          investment_market_value: "1020"
          total_value: "1020"
          cost_basis: "1000"
          book_basis: "1000"
          net_contribution: "1000"
          cash_balance_base: "0"
          investment_market_value_base: "1020"
          total_value_base: "1020"
          cost_basis_base: "1000"
          book_basis_base: "1000"
          net_contribution_base: "1000"
          external_inflow_base: "0"
          external_outflow_base: "0"
          external_flow_source: NO_FLOW
          performance_eligible_value_base: "1020"
          value_status: complete
          basis_status: complete
        - date: 2025-02-01
          fx_rate_to_base: "1"
          cash_balance: "0"
          investment_market_value: "1035.3"
          total_value: "1035.3"
          cost_basis: "1000"
          book_basis: "1000"
          net_contribution: "1000"
          cash_balance_base: "0"
          investment_market_value_base: "1035.3"
          total_value_base: "1035.3"
          cost_basis_base: "1000"
          book_basis_base: "1000"
          net_contribution_base: "1000"
          external_inflow_base: "0"
          external_outflow_base: "0"
          external_flow_source: NO_FLOW
          performance_eligible_value_base: "1035.3"
          value_status: complete
          basis_status: complete
        - date: 2025-02-02
          fx_rate_to_base: "1"
          cash_balance: "0"
          investment_market_value: "1050.7"
          total_value: "1050.7"
          cost_basis: "1000"
          book_basis: "1000"
          net_contribution: "1000"
          cash_balance_base: "0"
          investment_market_value_base: "1050.7"
          total_value_base: "1050.7"
          cost_basis_base: "1000"
          book_basis_base: "1000"
          net_contribution_base: "1000"
          external_inflow_base: "0"
          external_outflow_base: "0"
          external_flow_source: NO_FLOW
          performance_eligible_value_base: "1050.7"
          value_status: complete
          basis_status: complete
        - date: 2025-02-03
          fx_rate_to_base: "1"
          cash_balance: "0"
          investment_market_value: "1066"
          total_value: "1066"
          cost_basis: "1000"
          book_basis: "1000"
          net_contribution: "1000"
          cash_balance_base: "0"
          investment_market_value_base: "1066"
          total_value_base: "1066"
          cost_basis_base: "1000"
          book_basis_base: "1000"
          net_contribution_base: "1000"
          external_inflow_base: "0"
          external_outflow_base: "0"
          external_flow_source: NO_FLOW
          performance_eligible_value_base: "1066"
          value_status: complete
          basis_status: complete
        - date: 2025-02-04
          fx_rate_to_base: "1"
          cash_balance: "0"
          investment_market_value: "1081.3"
          total_value: "1081.3"
          cost_basis: "1000"
          book_basis: "1000"
          net_contribution: "1000"
          cash_balance_base: "0"
          investment_market_value_base: "1081.3"
          total_value_base: "1081.3"
          cost_basis_base: "1000"
          book_basis_base: "1000"
          net_contribution_base: "1000"
          external_inflow_base: "0"
          external_outflow_base: "0"
          external_flow_source: NO_FLOW
          performance_eligible_value_base: "1081.3"
          value_status: complete
          basis_status: complete
        - date: 2025-02-05
          fx_rate_to_base: "1"
          cash_balance: "0"
          investment_market_value: "1096.7"
          total_value: "1096.7"
          cost_basis: "1000"
          book_basis: "1000"
          net_contribution: "1000"
          cash_balance_base: "0"
          investment_market_value_base: "1096.7"
          total_value_base: "1096.7"
          cost_basis_base: "1000"
          book_basis_base: "1000"
          net_contribution_base: "1000"
          external_inflow_base: "0"
          external_outflow_base: "0"
          external_flow_source: NO_FLOW
          performance_eligible_value_base: "1096.7"
          value_status: complete
          basis_status: complete
        - date: 2025-02-06
          fx_rate_to_base: "1"
          cash_balance: "0"
          investment_market_value: "1112"
          total_value: "1112"
          cost_basis: "1000"
          book_basis: "1000"
          net_contribution: "1000"
          cash_balance_base: "0"
          investment_market_value_base: "1112"
          total_value_base: "1112"
          cost_basis_base: "1000"
          book_basis_base: "1000"
          net_contribution_base: "1000"
          external_inflow_base: "0"
          external_outflow_base: "0"
          external_flow_source: NO_FLOW
          performance_eligible_value_base: "1112"
          value_status: complete
          basis_status: complete
        - date: 2025-02-07
          fx_rate_to_base: "1"
          cash_balance: "0"
          investment_market_value: "1127.3"
          total_value: "1127.3"
          cost_basis: "1000"
          book_basis: "1000"
          net_contribution: "1000"
          cash_balance_base: "0"
          investment_market_value_base: "1127.3"
          total_value_base: "1127.3"
          cost_basis_base: "1000"
          book_basis_base: "1000"
          net_contribution_base: "1000"
          external_inflow_base: "0"
          external_outflow_base: "0"
          external_flow_source: NO_FLOW
          performance_eligible_value_base: "1127.3"
          value_status: complete
          basis_status: complete
        - date: 2025-02-08
          fx_rate_to_base: "1"
          cash_balance: "0"
          investment_market_value: "1142.7"
          total_value: "1142.7"
          cost_basis: "1000"
          book_basis: "1000"
          net_contribution: "1000"
          cash_balance_base: "0"
          investment_market_value_base: "1142.7"
          total_value_base: "1142.7"
          cost_basis_base: "1000"
          book_basis_base: "1000"
          net_contribution_base: "1000"
          external_inflow_base: "0"
          external_outflow_base: "0"
          external_flow_source: NO_FLOW
          performance_eligible_value_base: "1142.7"
          value_status: complete
          basis_status: complete
        - date: 2025-02-09
          fx_rate_to_base: "1"
          cash_balance: "0"
          investment_market_value: "1158"
          total_value: "1158"
          cost_basis: "1000"
          book_basis: "1000"
          net_contribution: "1000"
          cash_balance_base: "0"
          investment_market_value_base: "1158"
          total_value_base: "1158"
          cost_basis_base: "1000"
          book_basis_base: "1000"
          net_contribution_base: "1000"
          external_inflow_base: "0"
          external_outflow_base: "0"
          external_flow_source: NO_FLOW
          performance_eligible_value_base: "1158"
          value_status: complete
          basis_status: complete
        - date: 2025-02-10
          fx_rate_to_base: "1"
          cash_balance: "0"
          investment_market_value: "1173.3"
          total_value: "1173.3"
          cost_basis: "1000"
          book_basis: "1000"
          net_contribution: "1000"
          cash_balance_base: "0"
          investment_market_value_base: "1173.3"
          total_value_base: "1173.3"
          cost_basis_base: "1000"
          book_basis_base: "1000"
          net_contribution_base: "1000"
          external_inflow_base: "0"
          external_outflow_base: "0"
          external_flow_source: NO_FLOW
          performance_eligible_value_base: "1173.3"
          value_status: complete
          basis_status: complete
        - date: 2025-02-11
          fx_rate_to_base: "1"
          cash_balance: "0"
          investment_market_value: "1188.7"
          total_value: "1188.7"
          cost_basis: "1000"
          book_basis: "1000"
          net_contribution: "1000"
          cash_balance_base: "0"
          investment_market_value_base: "1188.7"
          total_value_base: "1188.7"
          cost_basis_base: "1000"
          book_basis_base: "1000"
          net_contribution_base: "1000"
          external_inflow_base: "0"
          external_outflow_base: "0"
          external_flow_source: NO_FLOW
          performance_eligible_value_base: "1188.7"
          value_status: complete
          basis_status: complete
        - date: 2025-02-12
          fx_rate_to_base: "1"
          cash_balance: "0"
          investment_market_value: "1204"
          total_value: "1204"
          cost_basis: "1000"
          book_basis: "1000"
          net_contribution: "1000"
          cash_balance_base: "0"
          investment_market_value_base: "1204"
          total_value_base: "1204"
          cost_basis_base: "1000"
          book_basis_base: "1000"
          net_contribution_base: "1000"
          external_inflow_base: "0"
          external_outflow_base: "0"
          external_flow_source: NO_FLOW
          performance_eligible_value_base: "1204"
          value_status: complete
          basis_status: complete
        - date: 2025-02-13
          fx_rate_to_base: "1"
          cash_balance: "0"
          investment_market_value: "1219.3"
          total_value: "1219.3"
          cost_basis: "1000"
          book_basis: "1000"
          net_contribution: "1000"
          cash_balance_base: "0"
          investment_market_value_base: "1219.3"
          total_value_base: "1219.3"
          cost_basis_base: "1000"
          book_basis_base: "1000"
          net_contribution_base: "1000"
          external_inflow_base: "0"
          external_outflow_base: "0"
          external_flow_source: NO_FLOW
          performance_eligible_value_base: "1219.3"
          value_status: complete
          basis_status: complete
        - date: 2025-02-14
          fx_rate_to_base: "1"
          cash_balance: "0"
          investment_market_value: "1234.7"
          total_value: "1234.7"
          cost_basis: "1000"
          book_basis: "1000"
          net_contribution: "1000"
          cash_balance_base: "0"
          investment_market_value_base: "1234.7"
          total_value_base: "1234.7"
          cost_basis_base: "1000"
          book_basis_base: "1000"
          net_contribution_base: "1000"
          external_inflow_base: "0"
          external_outflow_base: "0"
          external_flow_source: NO_FLOW
          performance_eligible_value_base: "1234.7"
          value_status: complete
          basis_status: complete
        - date: 2025-02-15
          fx_rate_to_base: "1"
          cash_balance: "0"
          investment_market_value: "1250"
          total_value: "1250"
          cost_basis: "1000"
          book_basis: "1000"
          net_contribution: "1000"
          cash_balance_base: "0"
          investment_market_value_base: "1250"
          total_value_base: "1250"
          cost_basis_base: "1000"
          book_basis_base: "1000"
          net_contribution_base: "1000"
          external_inflow_base: "0"
          external_outflow_base: "0"
          external_flow_source: NO_FLOW
          performance_eligible_value_base: "1250"
          value_status: complete
          basis_status: complete
        - date: 2025-02-16
          fx_rate_to_base: "1"
          cash_balance: "0"
          investment_market_value: "1250"
          total_value: "1250"
          cost_basis: "1000"
          book_basis: "1000"
          net_contribution: "1000"
          cash_balance_base: "0"
          investment_market_value_base: "1250"
          total_value_base: "1250"
          cost_basis_base: "1000"
          book_basis_base: "1000"
          net_contribution_base: "1000"
          external_inflow_base: "0"
          external_outflow_base: "0"
          external_flow_source: NO_FLOW
          performance_eligible_value_base: "1250"
          value_status: complete
          basis_status: complete
      flows: []
      performance:
        all_time:
          method: timeWeighted
          period_start: 2025-01-02
          period_end: 2025-02-16
          returns:
            twr: "0.25"
            annualized_twr: "5.11767318"
            irr: "0.25"
            annualized_irr: "5.11767318"
            value_return: "0.25"
            annualized_value_return: "5.11767318"
          attribution:
            contributions: "1000"
            distributions: "0"
            income: "0"
            realized_pnl: "0"
            unrealized_pnl_change: "250"
            fx_effect: "0"
            fees: "0"
            taxes: "0"
            residual: "0"
          risk:
            volatility: "0.21951991"
            max_drawdown: "-0.15"
            peak_date: 2025-01-16
            trough_date: 2025-01-31
            recovery_date: 2025-02-12
            drawdown_duration_days: 27
          summary:
            amount: "250"
            percent: "0.25"
            method: timeWeighted
            basis: marketValue
            quality: ok
            amount_status: complete
            percent_status: complete
            basis_status: notApplicable
          basis_status: notApplicable
          quality: ok
          is_holdings_mode: false
          is_mixed_tracking_mode: false
          series:
            - date: 2025-01-02
              value: "0"
            - date: 2025-01-03
              value: "0.0143"
            - date: 2025-01-04
              value: "0.0286"
            - date: 2025-01-05
              value: "0.0429"
            - date: 2025-01-06
              value: "0.0571"
            - date: 2025-01-07
              value: "0.0714"
            - date: 2025-01-08
              value: "0.0857"
            - date: 2025-01-09
              value: "0.1"
            - date: 2025-01-10
              value: "0.1143"
            - date: 2025-01-11
              value: "0.1286"
            - date: 2025-01-12
              value: "0.1429"
            - date: 2025-01-13
              value: "0.1571"
            - date: 2025-01-14
              value: "0.1714"
            - date: 2025-01-15
              value: "0.1857"
            - date: 2025-01-16
              value: "0.2"
            - date: 2025-01-17
              value: "0.188"
            - date: 2025-01-18
              value: "0.176"
            - date: 2025-01-19
              value: "0.164"
            - date: 2025-01-20
              value: "0.152"
            - date: 2025-01-21
              value: "0.14"
            - date: 2025-01-22
              value: "0.128"
            - date: 2025-01-23
              value: "0.116"
            - date: 2025-01-24
              value: "0.104"
            - date: 2025-01-25
              value: "0.092"
            - date: 2025-01-26
              value: "0.08"
            - date: 2025-01-27
              value: "0.068"
            - date: 2025-01-28
              value: "0.056"
            - date: 2025-01-29
              value: "0.044"
            - date: 2025-01-30
              value: "0.032"
            - date: 2025-01-31
              value: "0.02"
            - date: 2025-02-01
              value: "0.0353"
            - date: 2025-02-02
              value: "0.0507"
            - date: 2025-02-03
              value: "0.066"
            - date: 2025-02-04
              value: "0.0813"
            - date: 2025-02-05
              value: "0.0967"
            - date: 2025-02-06
              value: "0.112"
            - date: 2025-02-07
              value: "0.1273"
            - date: 2025-02-08
              value: "0.1427"
            - date: 2025-02-09
              value: "0.158"
            - date: 2025-02-10
              value: "0.1733"
            - date: 2025-02-11
              value: "0.1887"
            - date: 2025-02-12
              value: "0.204"
            - date: 2025-02-13
              value: "0.2193"
            - date: 2025-02-14
              value: "0.2347"
            - date: 2025-02-15
              value: "0.25"
            - date: 2025-02-16
              value: "0.25"
  portfolio:
    all_time:
      method: timeWeighted
      period_start: 2025-01-02
      period_end: 2025-02-16
      returns:
        twr: "0.25"
        annualized_twr: "5.11767318"
        irr: "0.25"
        annualized_irr: "5.11767318"
        value_return: "0.25"
        annualized_value_return: "5.11767318"
      attribution:
        contributions: "1000"
        distributions: "0"
        income: "0"
        realized_pnl: "0"
        unrealized_pnl_change: "250"
        fx_effect: "0"
        fees: "0"
        taxes: "0"
        residual: "0"
      risk:
        volatility: "0.21951991"
        max_drawdown: "-0.15"
        peak_date: 2025-01-16
        trough_date: 2025-01-31
        recovery_date: 2025-02-12
        drawdown_duration_days: 27
      summary:
        amount: "250"
        percent: "0.25"
        method: timeWeighted
        basis: marketValue
        quality: ok
        amount_status: complete
        percent_status: complete
        basis_status: notApplicable
      basis_status: notApplicable
      quality: ok
      is_holdings_mode: false
      is_mixed_tracking_mode: false
      series:
        - date: 2025-01-02
          value: "0"
        - date: 2025-01-03
          value: "0.0143"
        - date: 2025-01-04
          value: "0.0286"
        - date: 2025-01-05
          value: "0.0429"
        - date: 2025-01-06
          value: "0.0571"
        - date: 2025-01-07
          value: "0.0714"
        - date: 2025-01-08
          value: "0.0857"
        - date: 2025-01-09
          value: "0.1"
        - date: 2025-01-10
          value: "0.1143"
        - date: 2025-01-11
          value: "0.1286"
        - date: 2025-01-12
          value: "0.1429"
        - date: 2025-01-13
          value: "0.1571"
        - date: 2025-01-14
          value: "0.1714"
        - date: 2025-01-15
          value: "0.1857"
        - date: 2025-01-16
          value: "0.2"
        - date: 2025-01-17
          value: "0.188"
        - date: 2025-01-18
          value: "0.176"
        - date: 2025-01-19
          value: "0.164"
        - date: 2025-01-20
          value: "0.152"
        - date: 2025-01-21
          value: "0.14"
        - date: 2025-01-22
          value: "0.128"
        - date: 2025-01-23
          value: "0.116"
        - date: 2025-01-24
          value: "0.104"
        - date: 2025-01-25
          value: "0.092"
        - date: 2025-01-26
          value: "0.08"
        - date: 2025-01-27
          value: "0.068"
        - date: 2025-01-28
          value: "0.056"
        - date: 2025-01-29
          value: "0.044"
        - date: 2025-01-30
          value: "0.032"
        - date: 2025-01-31
          value: "0.02"
        - date: 2025-02-01
          value: "0.0353"
        - date: 2025-02-02
          value: "0.0507"
        - date: 2025-02-03
          value: "0.066"
        - date: 2025-02-04
          value: "0.0813"
        - date: 2025-02-05
          value: "0.0967"
        - date: 2025-02-06
          value: "0.112"
        - date: 2025-02-07
          value: "0.1273"
        - date: 2025-02-08
          value: "0.1427"
        - date: 2025-02-09
          value: "0.158"
        - date: 2025-02-10
          value: "0.1733"
        - date: 2025-02-11
          value: "0.1887"
        - date: 2025-02-12
          value: "0.204"
        - date: 2025-02-13
          value: "0.2193"
        - date: 2025-02-14
          value: "0.2347"
        - date: 2025-02-15
          value: "0.25"
        - date: 2025-02-16
          value: "0.25"
  portfolio_flows: []
  diagnostics: []
steps: []
