---
source: crates/core/src/test_support/legacy_goldens.rs
---
scenario: PERF-HOLD-01
as_of: 2025-01-16
base_currency: USD
baseline:
  accounts:
    acc-h:
      currency: USD
      tracking_mode: HOLDINGS
      keyframes:
        - date: 2025-01-02
          source: MANUAL_ENTRY
          positions:
            aapl:
              quantity: "10"
              average_cost: "90"
              total_cost_basis: "900"
              currency: USD
              cost_basis_account: ~
              cost_basis_base: ~
              contract_multiplier: "1"
              is_alternative: false
          cash:
            USD: "500"
          cost_basis: "900"
          net_contribution: "0"
          net_contribution_base: "0"
          cash_total_account_currency: "500"
          cash_total_base_currency: "0"
        - date: 2025-01-12
          source: MANUAL_ENTRY
          positions:
            aapl:
              quantity: "10"
              average_cost: "90"
              total_cost_basis: "900"
              currency: USD
              cost_basis_account: ~
              cost_basis_base: ~
              contract_multiplier: "1"
              is_alternative: false
          cash:
            USD: "800"
          cost_basis: "900"
          net_contribution: "0"
          net_contribution_base: "0"
          cash_total_account_currency: "800"
          cash_total_base_currency: "0"
      lots: []
      disposals: []
      valuations:
        - date: 2025-01-02
          fx_rate_to_base: "1"
          cash_balance: "500"
          investment_market_value: "1000"
          total_value: "1500"
          cost_basis: "900"
          book_basis: "1400"
          net_contribution: "0"
          cash_balance_base: "500"
          investment_market_value_base: "1000"
          total_value_base: "1500"
          cost_basis_base: "900"
          book_basis_base: "1400"
          net_contribution_base: "0"
          external_inflow_base: "0"
          external_outflow_base: "0"
          external_flow_source: NO_FLOW
          performance_eligible_value_base: "1500"
          value_status: complete
          basis_status: complete
        - date: 2025-01-03
          fx_rate_to_base: "1"
          cash_balance: "500"
          investment_market_value: "1000"
          total_value: "1500"
          cost_basis: "900"
          book_basis: "1400"
          net_contribution: "0"
          cash_balance_base: "500"
          investment_market_value_base: "1000"
          total_value_base: "1500"
          cost_basis_base: "900"
          book_basis_base: "1400"
          net_contribution_base: "0"
          external_inflow_base: "0"
          external_outflow_base: "0"
          external_flow_source: NO_FLOW
          performance_eligible_value_base: "1500"
          value_status: complete
          basis_status: complete
        - date: 2025-01-04
          fx_rate_to_base: "1"
          cash_balance: "500"
          investment_market_value: "1000"
          total_value: "1500"
          cost_basis: "900"
          book_basis: "1400"
          net_contribution: "0"
          cash_balance_base: "500"
          investment_market_value_base: "1000"
          total_value_base: "1500"
          cost_basis_base: "900"
          book_basis_base: "1400"
          net_contribution_base: "0"
          external_inflow_base: "0"
          external_outflow_base: "0"
          external_flow_source: NO_FLOW
          performance_eligible_value_base: "1500"
          value_status: complete
          basis_status: complete
        - date: 2025-01-05
          fx_rate_to_base: "1"
          cash_balance: "500"
          investment_market_value: "1020"
          total_value: "1520"
          cost_basis: "900"
          book_basis: "1400"
          net_contribution: "0"
          cash_balance_base: "500"
          investment_market_value_base: "1020"
          total_value_base: "1520"
          cost_basis_base: "900"
          book_basis_base: "1400"
          net_contribution_base: "0"
          external_inflow_base: "0"
          external_outflow_base: "0"
          external_flow_source: NO_FLOW
          performance_eligible_value_base: "1520"
          value_status: complete
          basis_status: complete
        - date: 2025-01-06
          fx_rate_to_base: "1"
          cash_balance: "500"
          investment_market_value: "1020"
          total_value: "1520"
          cost_basis: "900"
          book_basis: "1400"
          net_contribution: "0"
          cash_balance_base: "500"
          investment_market_value_base: "1020"
          total_value_base: "1520"
          cost_basis_base: "900"
          book_basis_base: "1400"
          net_contribution_base: "0"
          external_inflow_base: "0"
          external_outflow_base: "0"
          external_flow_source: NO_FLOW
          performance_eligible_value_base: "1520"
          value_status: complete
          basis_status: complete
        - date: 2025-01-07
          fx_rate_to_base: "1"
          cash_balance: "500"
          investment_market_value: "1020"
          total_value: "1520"
          cost_basis: "900"
          book_basis: "1400"
          net_contribution: "0"
          cash_balance_base: "500"
          investment_market_value_base: "1020"
          total_value_base: "1520"
          cost_basis_base: "900"
          book_basis_base: "1400"
          net_contribution_base: "0"
          external_inflow_base: "0"
          external_outflow_base: "0"
          external_flow_source: NO_FLOW
          performance_eligible_value_base: "1520"
          value_status: complete
          basis_status: complete
        - date: 2025-01-08
          fx_rate_to_base: "1"
          cash_balance: "500"
          investment_market_value: "1050"
          total_value: "1550"
          cost_basis: "900"
          book_basis: "1400"
          net_contribution: "0"
          cash_balance_base: "500"
          investment_market_value_base: "1050"
          total_value_base: "1550"
          cost_basis_base: "900"
          book_basis_base: "1400"
          net_contribution_base: "0"
          external_inflow_base: "0"
          external_outflow_base: "0"
          external_flow_source: NO_FLOW
          performance_eligible_value_base: "1550"
          value_status: complete
          basis_status: complete
        - date: 2025-01-09
          fx_rate_to_base: "1"
          cash_balance: "500"
          investment_market_value: "1050"
          total_value: "1550"
          cost_basis: "900"
          book_basis: "1400"
          net_contribution: "0"
          cash_balance_base: "500"
          investment_market_value_base: "1050"
          total_value_base: "1550"
          cost_basis_base: "900"
          book_basis_base: "1400"
          net_contribution_base: "0"
          external_inflow_base: "0"
          external_outflow_base: "0"
          external_flow_source: NO_FLOW
          performance_eligible_value_base: "1550"
          value_status: complete
          basis_status: complete
        - date: 2025-01-10
          fx_rate_to_base: "1"
          cash_balance: "500"
          investment_market_value: "1050"
          total_value: "1550"
          cost_basis: "900"
          book_basis: "1400"
          net_contribution: "0"
          cash_balance_base: "500"
          investment_market_value_base: "1050"
          total_value_base: "1550"
          cost_basis_base: "900"
          book_basis_base: "1400"
          net_contribution_base: "0"
          external_inflow_base: "0"
          external_outflow_base: "0"
          external_flow_source: NO_FLOW
          performance_eligible_value_base: "1550"
          value_status: complete
          basis_status: complete
        - date: 2025-01-11
          fx_rate_to_base: "1"
          cash_balance: "500"
          investment_market_value: "1050"
          total_value: "1550"
          cost_basis: "900"
          book_basis: "1400"
          net_contribution: "0"
          cash_balance_base: "500"
          investment_market_value_base: "1050"
          total_value_base: "1550"
          cost_basis_base: "900"
          book_basis_base: "1400"
          net_contribution_base: "0"
          external_inflow_base: "0"
          external_outflow_base: "0"
          external_flow_source: NO_FLOW
          performance_eligible_value_base: "1550"
          value_status: complete
          basis_status: complete
        - date: 2025-01-12
          fx_rate_to_base: "1"
          cash_balance: "800"
          investment_market_value: "1080"
          total_value: "1880"
          cost_basis: "900"
          book_basis: "1700"
          net_contribution: "0"
          cash_balance_base: "800"
          investment_market_value_base: "1080"
          total_value_base: "1880"
          cost_basis_base: "900"
          book_basis_base: "1700"
          net_contribution_base: "0"
          external_inflow_base: "300"
          external_outflow_base: "0"
          external_flow_source: QUOTE_DERIVED_MARKET_VALUE
          performance_eligible_value_base: "1880"
          value_status: complete
          basis_status: complete
        - date: 2025-01-13
          fx_rate_to_base: "1"
          cash_balance: "800"
          investment_market_value: "1080"
          total_value: "1880"
          cost_basis: "900"
          book_basis: "1700"
          net_contribution: "0"
          cash_balance_base: "800"
          investment_market_value_base: "1080"
          total_value_base: "1880"
          cost_basis_base: "900"
          book_basis_base: "1700"
          net_contribution_base: "0"
          external_inflow_base: "0"
          external_outflow_base: "0"
          external_flow_source: NO_FLOW
          performance_eligible_value_base: "1880"
          value_status: complete
          basis_status: complete
        - date: 2025-01-14
          fx_rate_to_base: "1"
          cash_balance: "800"
          investment_market_value: "1080"
          total_value: "1880"
          cost_basis: "900"
          book_basis: "1700"
          net_contribution: "0"
          cash_balance_base: "800"
          investment_market_value_base: "1080"
          total_value_base: "1880"
          cost_basis_base: "900"
          book_basis_base: "1700"
          net_contribution_base: "0"
          external_inflow_base: "0"
          external_outflow_base: "0"
          external_flow_source: NO_FLOW
          performance_eligible_value_base: "1880"
          value_status: complete
          basis_status: complete
        - date: 2025-01-15
          fx_rate_to_base: "1"
          cash_balance: "800"
          investment_market_value: "1080"
          total_value: "1880"
          cost_basis: "900"
          book_basis: "1700"
          net_contribution: "0"
          cash_balance_base: "800"
          investment_market_value_base: "1080"
          total_value_base: "1880"
          cost_basis_base: "900"
          book_basis_base: "1700"
          net_contribution_base: "0"
          external_inflow_base: "0"
          external_outflow_base: "0"
          external_flow_source: NO_FLOW
          performance_eligible_value_base: "1880"
          value_status: complete
          basis_status: complete
        - date: 2025-01-16
          fx_rate_to_base: "1"
          cash_balance: "800"
          investment_market_value: "1100"
          total_value: "1900"
          cost_basis: "900"
          book_basis: "1700"
          net_contribution: "0"
          cash_balance_base: "800"
          investment_market_value_base: "1100"
          total_value_base: "1900"
          cost_basis_base: "900"
          book_basis_base: "1700"
          net_contribution_base: "0"
          external_inflow_base: "0"
          external_outflow_base: "0"
          external_flow_source: NO_FLOW
          performance_eligible_value_base: "1900"
          value_status: complete
          basis_status: complete
      flows:
        - date: 2025-01-12
          inflow_base: "300"
          outflow_base: "0"
          source: QUOTE_DERIVED_MARKET_VALUE
      performance:
        all_time:
          method: valueReturn
          period_start: 2025-01-02
          period_end: 2025-01-16
          returns:
            twr: ~
            annualized_twr: ~
            irr: ~
            annualized_irr: ~
            value_return: "0.11764706"
            annualized_value_return: ~
          attribution:
            contributions: "0"
            distributions: "0"
            income: "0"
            realized_pnl: "0"
            unrealized_pnl_change: "200"
            fx_effect: "0"
            fees: "0"
            taxes: "0"
            residual: "0"
          risk:
            volatility: "0.14588661"
            max_drawdown: "0"
            peak_date: 2025-01-02
            trough_date: 2025-01-03
            recovery_date: ~
            drawdown_duration_days: 1
          summary:
            amount: "200"
            percent: "0.11764706"
            method: valueReturn
            basis: bookBasis
            quality: partial
            amount_status: complete
            percent_status: complete
            basis_status: complete
          basis_status: complete
          quality: partial
          is_holdings_mode: true
          is_mixed_tracking_mode: false
          series:
            - date: 2025-01-02
              value: "0"
            - date: 2025-01-03
              value: "0"
            - date: 2025-01-04
              value: "0"
            - date: 2025-01-05
              value: "0.01333333"
            - date: 2025-01-06
              value: "0.01333333"
            - date: 2025-01-07
              value: "0.01333333"
            - date: 2025-01-08
              value: "0.03333333"
            - date: 2025-01-09
              value: "0.03333333"
            - date: 2025-01-10
              value: "0.03333333"
            - date: 2025-01-11
              value: "0.03333333"
            - date: 2025-01-12
              value: "0.05333333"
            - date: 2025-01-13
              value: "0.05333333"
            - date: 2025-01-14
              value: "0.05333333"
            - date: 2025-01-15
              value: "0.05333333"
            - date: 2025-01-16
              value: "0.06453901"
        mid:
          method: valueReturn
          period_start: 2025-01-05
          period_end: 2025-01-16
          returns:
            twr: ~
            annualized_twr: ~
            irr: ~
            annualized_irr: ~
            value_return: "0.05053191"
            annualized_value_return: ~
          attribution:
            contributions: "0"
            distributions: "0"
            income: "0"
            realized_pnl: "0"
            unrealized_pnl_change: "80"
            fx_effect: "0"
            fees: "0"
            taxes: "0"
            residual: "0"
          risk:
            volatility: "0.15295596"
            max_drawdown: "0"
            peak_date: 2025-01-05
            trough_date: 2025-01-06
            recovery_date: ~
            drawdown_duration_days: 1
          summary:
            amount: "80"
            percent: "0.05053191"
            method: valueReturn
            basis: bookBasis
            quality: partial
            amount_status: complete
            percent_status: complete
            basis_status: complete
          basis_status: complete
          quality: partial
          is_holdings_mode: true
          is_mixed_tracking_mode: false
          series:
            - date: 2025-01-05
              value: "0"
            - date: 2025-01-06
              value: "0"
            - date: 2025-01-07
              value: "0"
            - date: 2025-01-08
              value: "0.01973684"
            - date: 2025-01-09
              value: "0.01973684"
            - date: 2025-01-10
              value: "0.01973684"
            - date: 2025-01-11
              value: "0.01973684"
            - date: 2025-01-12
              value: "0.03947368"
            - date: 2025-01-13
              value: "0.03947368"
            - date: 2025-01-14
              value: "0.03947368"
            - date: 2025-01-15
              value: "0.03947368"
            - date: 2025-01-16
              value: "0.05053191"
  portfolio:
    all_time:
      method: valueReturn
      period_start: 2025-01-02
      period_end: 2025-01-16
      returns:
        twr: ~
        annualized_twr: ~
        irr: ~
        annualized_irr: ~
        value_return: "0.11764706"
        annualized_value_return: ~
      attribution:
        contributions: "0"
        distributions: "0"
        income: "0"
        realized_pnl: "0"
        unrealized_pnl_change: "100"
        fx_effect: "0"
        fees: "0"
        taxes: "0"
        residual: "0"
      risk:
        volatility: "0.14588661"
        max_drawdown: "0"
        peak_date: 2025-01-02
        trough_date: 2025-01-03
        recovery_date: ~
        drawdown_duration_days: 1
      summary:
        amount: "100"
        percent: "0.11764706"
        method: valueReturn
        basis: bookBasis
        quality: partial
        amount_status: complete
        percent_status: complete
        basis_status: complete
      basis_status: complete
      quality: partial
      is_holdings_mode: true
      is_mixed_tracking_mode: false
      series:
        - date: 2025-01-02
          value: "0"
        - date: 2025-01-03
          value: "0"
        - date: 2025-01-04
          value: "0"
        - date: 2025-01-05
          value: "0.01333333"
        - date: 2025-01-06
          value: "0.01333333"
        - date: 2025-01-07
          value: "0.01333333"
        - date: 2025-01-08
          value: "0.03333333"
        - date: 2025-01-09
          value: "0.03333333"
        - date: 2025-01-10
          value: "0.03333333"
        - date: 2025-01-11
          value: "0.03333333"
        - date: 2025-01-12
          value: "0.05333333"
        - date: 2025-01-13
          value: "0.05333333"
        - date: 2025-01-14
          value: "0.05333333"
        - date: 2025-01-15
          value: "0.05333333"
        - date: 2025-01-16
          value: "0.06453901"
    mid:
      method: valueReturn
      period_start: 2025-01-05
      period_end: 2025-01-16
      returns:
        twr: ~
        annualized_twr: ~
        irr: ~
        annualized_irr: ~
        value_return: "0.05053191"
        annualized_value_return: ~
      attribution:
        contributions: "0"
        distributions: "0"
        income: "0"
        realized_pnl: "0"
        unrealized_pnl_change: "80"
        fx_effect: "0"
        fees: "0"
        taxes: "0"
        residual: "0"
      risk:
        volatility: "0.15295596"
        max_drawdown: "0"
        peak_date: 2025-01-05
        trough_date: 2025-01-06
        recovery_date: ~
        drawdown_duration_days: 1
      summary:
        amount: "80"
        percent: "0.05053191"
        method: valueReturn
        basis: bookBasis
        quality: partial
        amount_status: complete
        percent_status: complete
        basis_status: complete
      basis_status: complete
      quality: partial
      is_holdings_mode: true
      is_mixed_tracking_mode: false
      series:
        - date: 2025-01-05
          value: "0"
        - date: 2025-01-06
          value: "0"
        - date: 2025-01-07
          value: "0"
        - date: 2025-01-08
          value: "0.01973684"
        - date: 2025-01-09
          value: "0.01973684"
        - date: 2025-01-10
          value: "0.01973684"
        - date: 2025-01-11
          value: "0.01973684"
        - date: 2025-01-12
          value: "0.03947368"
        - date: 2025-01-13
          value: "0.03947368"
        - date: 2025-01-14
          value: "0.03947368"
        - date: 2025-01-15
          value: "0.03947368"
        - date: 2025-01-16
          value: "0.05053191"
  portfolio_flows:
    - date: 2025-01-12
      inflow_base: "300"
      outflow_base: "0"
      source: QUOTE_DERIVED_MARKET_VALUE
  diagnostics:
    - "account/acc-h/all_time: warning: Performance attribution is incomplete for this period. Difference: 200; tolerance: 3.800. Review Health Center for possible data issues."
    - "account/acc-h/all_time: not-applicable: TWR unavailable for holdings-only scopes because transaction cash flows are not tracked."
    - "account/acc-h/all_time: not-applicable: IRR unavailable for holdings-only scopes because transaction cash flows are not tracked."
    - "account/acc-h/all_time: summary: Performance attribution is incomplete for this period. Difference: 200; tolerance: 3.800. Review Health Center for possible data issues."
    - "account/acc-h/all_time: summary: TWR unavailable for holdings-only scopes because transaction cash flows are not tracked."
    - "account/acc-h/all_time: summary: IRR unavailable for holdings-only scopes because transaction cash flows are not tracked."
    - "account/acc-h/mid: warning: External cash flows for this holdings-tracked scope are estimated from position and cash changes between snapshots; cash income received between snapshots may not be captured in period gains."
    - "account/acc-h/mid: warning: Performance attribution is incomplete for this period. Difference: 300; tolerance: 3.800. Review Health Center for possible data issues."
    - "account/acc-h/mid: not-applicable: TWR unavailable for holdings-only scopes because transaction cash flows are not tracked."
    - "account/acc-h/mid: not-applicable: IRR unavailable for holdings-only scopes because transaction cash flows are not tracked."
    - "account/acc-h/mid: summary: External cash flows for this holdings-tracked scope are estimated from position and cash changes between snapshots; cash income received between snapshots may not be captured in period gains."
    - "account/acc-h/mid: summary: Performance attribution is incomplete for this period. Difference: 300; tolerance: 3.800. Review Health Center for possible data issues."
    - "account/acc-h/mid: summary: TWR unavailable for holdings-only scopes because transaction cash flows are not tracked."
    - "account/acc-h/mid: summary: IRR unavailable for holdings-only scopes because transaction cash flows are not tracked."
    - "portfolio/all_time: warning: Performance attribution is incomplete for this period. Difference: 300; tolerance: 3.800. Review Health Center for possible data issues."
    - "portfolio/all_time: not-applicable: TWR unavailable for holdings-only scopes because transaction cash flows are not tracked."
    - "portfolio/all_time: not-applicable: IRR unavailable for holdings-only scopes because transaction cash flows are not tracked."
    - "portfolio/all_time: summary: Performance attribution is incomplete for this period. Difference: 300; tolerance: 3.800. Review Health Center for possible data issues."
    - "portfolio/all_time: summary: TWR unavailable for holdings-only scopes because transaction cash flows are not tracked."
    - "portfolio/all_time: summary: IRR unavailable for holdings-only scopes because transaction cash flows are not tracked."
    - "portfolio/mid: warning: External cash flows for this holdings-tracked scope are estimated from position and cash changes between snapshots; cash income received between snapshots may not be captured in period gains."
    - "portfolio/mid: warning: Performance attribution is incomplete for this period. Difference: 300; tolerance: 3.800. Review Health Center for possible data issues."
    - "portfolio/mid: not-applicable: TWR unavailable for holdings-only scopes because transaction cash flows are not tracked."
    - "portfolio/mid: not-applicable: IRR unavailable for holdings-only scopes because transaction cash flows are not tracked."
    - "portfolio/mid: summary: External cash flows for this holdings-tracked scope are estimated from position and cash changes between snapshots; cash income received between snapshots may not be captured in period gains."
    - "portfolio/mid: summary: Performance attribution is incomplete for this period. Difference: 300; tolerance: 3.800. Review Health Center for possible data issues."
    - "portfolio/mid: summary: TWR unavailable for holdings-only scopes because transaction cash flows are not tracked."
    - "portfolio/mid: summary: IRR unavailable for holdings-only scopes because transaction cash flows are not tracked."
steps: []
