---
source: crates/core/src/test_support/legacy_goldens.rs
---
scenario: REG-1388
as_of: 2025-01-06
base_currency: USD
baseline:
  accounts:
    acc-1:
      currency: USD
      tracking_mode: TRANSACTIONS
      keyframes:
        - date: 2025-01-02
          source: CALCULATED
          positions: {}
          cash:
            USD: "1000"
          cost_basis: "0"
          net_contribution: "1000"
          net_contribution_base: "1000"
          cash_total_account_currency: "1000"
          cash_total_base_currency: "1000"
        - date: 2025-01-03
          source: CALCULATED
          positions: {}
          cash:
            "": "500"
            USD: "1000"
          cost_basis: "0"
          net_contribution: "1500"
          net_contribution_base: "1000"
          cash_total_account_currency: "1500"
          cash_total_base_currency: "1500"
      lots: []
      disposals: []
      valuations: []
      flows: []
      performance:
        all_time:
          method: notApplicable
          period_start: ~
          period_end: ~
          returns:
            twr: ~
            annualized_twr: ~
            irr: ~
            annualized_irr: ~
            value_return: ~
            annualized_value_return: ~
          attribution:
            contributions: "0"
            distributions: "0"
            income: "0"
            realized_pnl: "0"
            unrealized_pnl_change: "0"
            fx_effect: "0"
            fees: "0"
            taxes: "0"
            residual: "0"
          risk:
            volatility: ~
            max_drawdown: ~
            peak_date: ~
            trough_date: ~
            recovery_date: ~
            drawdown_duration_days: ~
          summary:
            amount: ~
            percent: ~
            method: notApplicable
            basis: notApplicable
            quality: noData
            amount_status: unavailable
            percent_status: unavailable
            basis_status: notApplicable
          basis_status: notApplicable
          quality: noData
          is_holdings_mode: false
          is_mixed_tracking_mode: false
          series: []
  portfolio:
    all_time:
      method: notApplicable
      period_start: ~
      period_end: ~
      returns:
        twr: ~
        annualized_twr: ~
        irr: ~
        annualized_irr: ~
        value_return: ~
        annualized_value_return: ~
      attribution:
        contributions: "0"
        distributions: "0"
        income: "0"
        realized_pnl: "0"
        unrealized_pnl_change: "0"
        fx_effect: "0"
        fees: "0"
        taxes: "0"
        residual: "0"
      risk:
        volatility: ~
        max_drawdown: ~
        peak_date: ~
        trough_date: ~
        recovery_date: ~
        drawdown_duration_days: ~
      summary:
        amount: ~
        percent: ~
        method: notApplicable
        basis: notApplicable
        quality: partial
        amount_status: unavailable
        percent_status: unavailable
        basis_status: notApplicable
      basis_status: notApplicable
      quality: partial
      is_holdings_mode: false
      is_mixed_tracking_mode: false
      series: []
  portfolio_flows: []
  diagnostics:
    - "valuation/acc-1: VALUATION_CALCULATION_FAILED Holdings calculation failed: Calculation failed: Failed to convert external flow 500 ->USD on 2025-01-03 for activity dep-empty: Fx error: Invalid currency code: Invalid currency code: "
    - "account/acc-1/all_time: not-applicable: Performance unavailable: at least two valuation points are required."
    - "account/acc-1/all_time: summary: Performance unavailable: at least two valuation points are required."
    - "flows/account:acc-1: error: Holdings calculation failed: Calculation failed: Failed to convert external flow 500 ->USD on 2025-01-03 for activity dep-empty: Fx error: Invalid currency code: Invalid currency code: "
    - "portfolio/all_time: warning: Performance is partially unavailable for this scope because valuation history is incomplete: Calculation failed: Failed to convert external flow 500 ->USD on 2025-01-03 for activity dep-empty: Fx error: Invalid currency code: Invalid currency code: "
    - "portfolio/all_time: not-applicable: Performance metrics unavailable because scoped valuation history is incomplete."
    - "portfolio/all_time: summary: Performance is partially unavailable for this scope because valuation history is incomplete: Calculation failed: Failed to convert external flow 500 ->USD on 2025-01-03 for activity dep-empty: Fx error: Invalid currency code: Invalid currency code: "
    - "portfolio/all_time: summary: Performance metrics unavailable because scoped valuation history is incomplete."
    - "flows/portfolio: error: Holdings calculation failed: Calculation failed: Failed to convert external flow 500 ->USD on 2025-01-03 for activity dep-empty: Fx error: Invalid currency code: Invalid currency code: "
steps: []
